﻿  console.warn
    ΓÜá∩╕Å React Router Future Flag Warning: React Router will begin wrapping state updates in `React.startTransition` in v7. You can use the `v7_startTransition` future flag to opt-in early. For more information, see https://reactrouter.com/v6/upgrading/future#v7_starttransition.

    [0m [90m  7 |[39m   { route [33m=[39m [32m'/'[39m } [33m=[39m {}
     [90m  8 |[39m ) {
    [31m[1m>[22m[39m[90m  9 |[39m   [36mreturn[39m render(
     [90m    |[39m                [31m[1m^[22m[39m
     [90m 10 |[39m     [33m<[39m[33mMemoryRouter[39m initialEntries[33m=[39m{[route]}[33m>[39m
     [90m 11 |[39m       {ui}
     [90m 12 |[39m     [33m<[39m[33m/[39m[33mMemoryRouter[39m[33m>[39m[0m

      at warn (C:\Users\Berna\Downloads\SWEN_661-Team_6-main (1)../../../../../../SWEN_661-Team_6-main/my-web-app/node_modules/react-router/lib/deprecations.ts:9:13)
      at warnOnce (C:\Users\Berna\Downloads\SWEN_661-Team_6-main (1)../../../../../../SWEN_661-Team_6-main/my-web-app/node_modules/react-router/lib/deprecations.ts:14:3)
      at logDeprecation (C:\Users\Berna\Downloads\SWEN_661-Team_6-main (1)../../../../../../SWEN_661-Team_6-main/my-web-app/node_modules/react-router/lib/deprecations.ts:26:5)
      at logV6DeprecationWarnings (C:\Users\Berna\Downloads\SWEN_661-Team_6-main (1)../../../../../../SWEN_661-Team_6-main/my-web-app/node_modules/react-router/lib/components.tsx:257:25)
      at commitHookEffectListMount (C:\Users\Berna\Downloads\SWEN_661-Team_6-main (1)../../../../../../SWEN_661-Team_6-main/my-web-app/node_modules/react-dom/cjs/react-dom.development.js:23189:26)
      at commitPassiveMountOnFiber (C:\Users\Berna\Downloads\SWEN_661-Team_6-main (1)../../../../../../SWEN_661-Team_6-main/my-web-app/node_modules/react-dom/cjs/react-dom.development.js:24970:11)
      at commitPassiveMountEffects_complete (C:\Users\Berna\Downloads\SWEN_661-Team_6-main (1)../../../../../../SWEN_661-Team_6-main/my-web-app/node_modules/react-dom/cjs/react-dom.development.js:24930:9)
      at commitPassiveMountEffects_begin (C:\Users\Berna\Downloads\SWEN_661-Team_6-main (1)../../../../../../SWEN_661-Team_6-main/my-web-app/node_modules/react-dom/cjs/react-dom.development.js:24917:7)
      at commitPassiveMountEffects (C:\Users\Berna\Downloads\SWEN_661-Team_6-main (1)../../../../../../SWEN_661-Team_6-main/my-web-app/node_modules/react-dom/cjs/react-dom.development.js:24905:3)
      at flushPassiveEffectsImpl (C:\Users\Berna\Downloads\SWEN_661-Team_6-main (1)../../../../../../SWEN_661-Team_6-main/my-web-app/node_modules/react-dom/cjs/react-dom.development.js:27078:3)
      at flushPassiveEffects (C:\Users\Berna\Downloads\SWEN_661-Team_6-main (1)../../../../../../SWEN_661-Team_6-main/my-web-app/node_modules/react-dom/cjs/react-dom.development.js:27023:14)
      at C:\Users\Berna\Downloads\SWEN_661-Team_6-main (1)../../../../../../SWEN_661-Team_6-main/my-web-app/node_modules/react-dom/cjs/react-dom.development.js:26808:9
      at flushActQueue (C:\Users\Berna\Downloads\SWEN_661-Team_6-main (1)../../../../../../SWEN_661-Team_6-main/my-web-app/node_modules/react/cjs/react.development.js:2667:24)
      at act (C:\Users\Berna\Downloads\SWEN_661-Team_6-main (1)../../../../../../SWEN_661-Team_6-main/my-web-app/node_modules/react/cjs/react.development.js:2582:11)
      at C:\Users\Berna\Downloads\SWEN_661-Team_6-main (1)../../../../../../SWEN_661-Team_6-main/my-web-app/node_modules/@testing-library/react/dist/act-compat.js:46:25
      at renderRoot (C:\Users\Berna\Downloads\SWEN_661-Team_6-main (1)../../../../../../SWEN_661-Team_6-main/my-web-app/node_modules/@testing-library/react/dist/pure.js:189:26)
      at render (C:\Users\Berna\Downloads\SWEN_661-Team_6-main (1)../../../../../../SWEN_661-Team_6-main/my-web-app/node_modules/@testing-library/react/dist/pure.js:291:10)
      at renderWithRouter (C:\Users\Berna\Downloads\SWEN_661-Team_6-main (1)../../../../../../SWEN_661-Team_6-main/my-web-app/src/test-utils.tsx:9:16)
      at Object.<anonymous> (C:\Users\Berna\Downloads\SWEN_661-Team_6-main (1)../../../../../../SWEN_661-Team_6-main/my-web-app/src/pages/SignInPage.test.tsx:22:19)

  console.warn
    ΓÜá∩╕Å React Router Future Flag Warning: Relative route resolution within Splat routes is changing in v7. You can use the `v7_relativeSplatPath` future flag to opt-in early. For more information, see https://reactrouter.com/v6/upgrading/future#v7_relativesplatpath.

    [0m [90m  7 |[39m   { route [33m=[39m [32m'/'[39m } [33m=[39m {}
     [90m  8 |[39m ) {
    [31m[1m>[22m[39m[90m  9 |[39m   [36mreturn[39m render(
     [90m    |[39m                [31m[1m^[22m[39m
     [90m 10 |[39m     [33m<[39m[33mMemoryRouter[39m initialEntries[33m=[39m{[route]}[33m>[39m
     [90m 11 |[39m       {ui}
     [90m 12 |[39m     [33m<[39m[33m/[39m[33mMemoryRouter[39m[33m>[39m[0m

      at warn (C:\Users\Berna\Downloads\SWEN_661-Team_6-main (1)../../../../../../SWEN_661-Team_6-main/my-web-app/node_modules/react-router/lib/deprecations.ts:9:13)
      at warnOnce (C:\Users\Berna\Downloads\SWEN_661-Team_6-main (1)../../../../../../SWEN_661-Team_6-main/my-web-app/node_modules/react-router/lib/deprecations.ts:14:3)
      at logDeprecation (C:\Users\Berna\Downloads\SWEN_661-Team_6-main (1)../../../../../../SWEN_661-Team_6-main/my-web-app/node_modules/react-router/lib/deprecations.ts:37:5)
      at logV6DeprecationWarnings (C:\Users\Berna\Downloads\SWEN_661-Team_6-main (1)../../../../../../SWEN_661-Team_6-main/my-web-app/node_modules/react-router/lib/components.tsx:257:25)
      at commitHookEffectListMount (C:\Users\Berna\Downloads\SWEN_661-Team_6-main (1)../../../../../../SWEN_661-Team_6-main/my-web-app/node_modules/react-dom/cjs/react-dom.development.js:23189:26)
      at commitPassiveMountOnFiber (C:\Users\Berna\Downloads\SWEN_661-Team_6-main (1)../../../../../../SWEN_661-Team_6-main/my-web-app/node_modules/react-dom/cjs/react-dom.development.js:24970:11)
      at commitPassiveMountEffects_complete (C:\Users\Berna\Downloads\SWEN_661-Team_6-main (1)../../../../../../SWEN_661-Team_6-main/my-web-app/node_modules/react-dom/cjs/react-dom.development.js:24930:9)
      at commitPassiveMountEffects_begin (C:\Users\Berna\Downloads\SWEN_661-Team_6-main (1)../../../../../../SWEN_661-Team_6-main/my-web-app/node_modules/react-dom/cjs/react-dom.development.js:24917:7)
      at commitPassiveMountEffects (C:\Users\Berna\Downloads\SWEN_661-Team_6-main (1)../../../../../../SWEN_661-Team_6-main/my-web-app/node_modules/react-dom/cjs/react-dom.development.js:24905:3)
      at flushPassiveEffectsImpl (C:\Users\Berna\Downloads\SWEN_661-Team_6-main (1)../../../../../../SWEN_661-Team_6-main/my-web-app/node_modules/react-dom/cjs/react-dom.development.js:27078:3)
      at flushPassiveEffects (C:\Users\Berna\Downloads\SWEN_661-Team_6-main (1)../../../../../../SWEN_661-Team_6-main/my-web-app/node_modules/react-dom/cjs/react-dom.development.js:27023:14)
      at C:\Users\Berna\Downloads\SWEN_661-Team_6-main (1)../../../../../../SWEN_661-Team_6-main/my-web-app/node_modules/react-dom/cjs/react-dom.development.js:26808:9
      at flushActQueue (C:\Users\Berna\Downloads\SWEN_661-Team_6-main (1)../../../../../../SWEN_661-Team_6-main/my-web-app/node_modules/react/cjs/react.development.js:2667:24)
      at act (C:\Users\Berna\Downloads\SWEN_661-Team_6-main (1)../../../../../../SWEN_661-Team_6-main/my-web-app/node_modules/react/cjs/react.development.js:2582:11)
      at C:\Users\Berna\Downloads\SWEN_661-Team_6-main (1)../../../../../../SWEN_661-Team_6-main/my-web-app/node_modules/@testing-library/react/dist/act-compat.js:46:25
      at renderRoot (C:\Users\Berna\Downloads\SWEN_661-Team_6-main (1)../../../../../../SWEN_661-Team_6-main/my-web-app/node_modules/@testing-library/react/dist/pure.js:189:26)
      at render (C:\Users\Berna\Downloads\SWEN_661-Team_6-main (1)../../../../../../SWEN_661-Team_6-main/my-web-app/node_modules/@testing-library/react/dist/pure.js:291:10)
      at renderWithRouter (C:\Users\Berna\Downloads\SWEN_661-Team_6-main (1)../../../../../../SWEN_661-Team_6-main/my-web-app/src/test-utils.tsx:9:16)
      at Object.<anonymous> (C:\Users\Berna\Downloads\SWEN_661-Team_6-main (1)../../../../../../SWEN_661-Team_6-main/my-web-app/src/pages/SignInPage.test.tsx:22:19)

  console.error
    Error: Uncaught [Error: You cannot render a <Router> inside another <Router>. You should never have more than one in your app.]
        at reportException (C:\Users\Berna\Downloads\SWEN_661-Team_6-main (1)\SWEN_661-Team_6-main\my-web-app\node_modules\jsdom\lib\jsdom\living\helpers\runtime-script-errors.js:66:24)
        at innerInvokeEventListeners (C:\Users\Berna\Downloads\SWEN_661-Team_6-main (1)\SWEN_661-Team_6-main\my-web-app\node_modules\jsdom\lib\jsdom\living\events\EventTarget-impl.js:353:9)
        at invokeEventListeners (C:\Users\Berna\Downloads\SWEN_661-Team_6-main (1)\SWEN_661-Team_6-main\my-web-app\node_modules\jsdom\lib\jsdom\living\events\EventTarget-impl.js:286:3)
        at HTMLUnknownElementImpl._dispatch (C:\Users\Berna\Downloads\SWEN_661-Team_6-main (1)\SWEN_661-Team_6-main\my-web-app\node_modules\jsdom\lib\jsdom\living\events\EventTarget-impl.js:233:9)
        at HTMLUnknownElementImpl.dispatchEvent (C:\Users\Berna\Downloads\SWEN_661-Team_6-main (1)\SWEN_661-Team_6-main\my-web-app\node_modules\jsdom\lib\jsdom\living\events\EventTarget-impl.js:104:17)
        at HTMLUnknownElement.dispatchEvent (C:\Users\Berna\Downloads\SWEN_661-Team_6-main (1)\SWEN_661-Team_6-main\my-web-app\node_modules\jsdom\lib\jsdom\living\generated\EventTarget.js:241:34)
        at Object.invokeGuardedCallbackDev (C:\Users\Berna\Downloads\SWEN_661-Team_6-main (1)\SWEN_661-Team_6-main\my-web-app\node_modules\react-dom\cjs\react-dom.development.js:4213:16)
        at invokeGuardedCallback (C:\Users\Berna\Downloads\SWEN_661-Team_6-main (1)\SWEN_661-Team_6-main\my-web-app\node_modules\react-dom\cjs\react-dom.development.js:4277:31)
        at beginWork$1 (C:\Users\Berna\Downloads\SWEN_661-Team_6-main (1)\SWEN_661-Team_6-main\my-web-app\node_modules\react-dom\cjs\react-dom.development.js:27490:7)
        at performUnitOfWork (C:\Users\Berna\Downloads\SWEN_661-Team_6-main (1)\SWEN_661-Team_6-main\my-web-app\node_modules\react-dom\cjs\react-dom.development.js:26599:12)
        at workLoopSync (C:\Users\Berna\Downloads\SWEN_661-Team_6-main (1)\SWEN_661-Team_6-main\my-web-app\node_modules\react-dom\cjs\react-dom.development.js:26505:5)
        at renderRootSync (C:\Users\Berna\Downloads\SWEN_661-Team_6-main (1)\SWEN_661-Team_6-main\my-web-app\node_modules\react-dom\cjs\react-dom.development.js:26473:7)
        at performConcurrentWorkOnRoot (C:\Users\Berna\Downloads\SWEN_661-Team_6-main (1)\SWEN_661-Team_6-main\my-web-app\node_modules\react-dom\cjs\react-dom.development.js:25777:74)
        at flushActQueue (C:\Users\Berna\Downloads\SWEN_661-Team_6-main (1)\SWEN_661-Team_6-main\my-web-app\node_modules\react\cjs\react.development.js:2667:24)
        at act (C:\Users\Berna\Downloads\SWEN_661-Team_6-main (1)\SWEN_661-Team_6-main\my-web-app\node_modules\react\cjs\react.development.js:2582:11)
        at C:\Users\Berna\Downloads\SWEN_661-Team_6-main (1)\SWEN_661-Team_6-main\my-web-app\node_modules\@testing-library\react\dist\act-compat.js:46:25
        at renderRoot (C:\Users\Berna\Downloads\SWEN_661-Team_6-main (1)\SWEN_661-Team_6-main\my-web-app\node_modules\@testing-library\react\dist\pure.js:189:26)
        at render (C:\Users\Berna\Downloads\SWEN_661-Team_6-main (1)\SWEN_661-Team_6-main\my-web-app\node_modules\@testing-library\react\dist\pure.js:291:10)
        at renderWithRouter (C:\Users\Berna\Downloads\SWEN_661-Team_6-main (1)\SWEN_661-Team_6-main\my-web-app\src\test-utils.tsx:9:16)
        at Object.<anonymous> (C:\Users\Berna\Downloads\SWEN_661-Team_6-main (1)\SWEN_661-Team_6-main\my-web-app\src\App.test.tsx:7:21)
        at Promise.finally.completed (C:\Users\Berna\Downloads\SWEN_661-Team_6-main (1)\SWEN_661-Team_6-main\my-web-app\node_modules\jest-circus\build\jestAdapterInit.js:1557:28)
        at new Promise (<anonymous>)
        at callAsyncCircusFn (C:\Users\Berna\Downloads\SWEN_661-Team_6-main (1)\SWEN_661-Team_6-main\my-web-app\node_modules\jest-circus\build\jestAdapterInit.js:1497:10)
        at _callCircusTest (C:\Users\Berna\Downloads\SWEN_661-Team_6-main (1)\SWEN_661-Team_6-main\my-web-app\node_modules\jest-circus\build\jestAdapterInit.js:1007:40)
        at processTicksAndRejections (node:internal/process/task_queues:104:5)
        at _runTest (C:\Users\Berna\Downloads\SWEN_661-Team_6-main (1)\SWEN_661-Team_6-main\my-web-app\node_modules\jest-circus\build\jestAdapterInit.js:947:3)
        at C:\Users\Berna\Downloads\SWEN_661-Team_6-main (1)\SWEN_661-Team_6-main\my-web-app\node_modules\jest-circus\build\jestAdapterInit.js:849:7
        at _runTestsForDescribeBlock (C:\Users\Berna\Downloads\SWEN_661-Team_6-main (1)\SWEN_661-Team_6-main\my-web-app\node_modules\jest-circus\build\jestAdapterInit.js:862:11)
        at _runTestsForDescribeBlock (C:\Users\Berna\Downloads\SWEN_661-Team_6-main (1)\SWEN_661-Team_6-main\my-web-app\node_modules\jest-circus\build\jestAdapterInit.js:857:11)
        at run (C:\Users\Berna\Downloads\SWEN_661-Team_6-main (1)\SWEN_661-Team_6-main\my-web-app\node_modules\jest-circus\build\jestAdapterInit.js:761:3)
        at runAndTransformResultsToJestFormat (C:\Users\Berna\Downloads\SWEN_661-Team_6-main (1)\SWEN_661-Team_6-main\my-web-app\node_modules\jest-circus\build\jestAdapterInit.js:1918:21)
        at jestAdapter (C:\Users\Berna\Downloads\SWEN_661-Team_6-main (1)\SWEN_661-Team_6-main\my-web-app\node_modules\jest-circus\build\runner.js:101:19)
        at runTestInternal (C:\Users\Berna\Downloads\SWEN_661-Team_6-main (1)\SWEN_661-Team_6-main\my-web-app\node_modules\jest-runner\build\testWorker.js:275:16)
        at runTest (C:\Users\Berna\Downloads\SWEN_661-Team_6-main (1)\SWEN_661-Team_6-main\my-web-app\node_modules\jest-runner\build\testWorker.js:343:7)
        at Object.worker (C:\Users\Berna\Downloads\SWEN_661-Team_6-main (1)\SWEN_661-Team_6-main\my-web-app\node_modules\jest-runner\build\testWorker.js:497:12) {
      detail: Error: You cannot render a <Router> inside another <Router>. You should never have more than one in your app.
          at Object.invariant [as UNSAFE_invariant] (C:\Users\Berna\Downloads\SWEN_661-Team_6-main (1)\SWEN_661-Team_6-main\my-web-app\node_modules\@remix-run\router\history.ts:494:11)
          at invariant (C:\Users\Berna\Downloads\SWEN_661-Team_6-main (1)\SWEN_661-Team_6-main\my-web-app\node_modules\react-router\lib\components.tsx:429:3)
          at renderWithHooks (C:\Users\Berna\Downloads\SWEN_661-Team_6-main (1)\SWEN_661-Team_6-main\my-web-app\node_modules\react-dom\cjs\react-dom.development.js:15486:18)
          at mountIndeterminateComponent (C:\Users\Berna\Downloads\SWEN_661-Team_6-main (1)\SWEN_661-Team_6-main\my-web-app\node_modules\react-dom\cjs\react-dom.development.js:20103:13)
          at beginWork (C:\Users\Berna\Downloads\SWEN_661-Team_6-main (1)\SWEN_661-Team_6-main\my-web-app\node_modules\react-dom\cjs\react-dom.development.js:21626:16)
          at HTMLUnknownElement.callCallback (C:\Users\Berna\Downloads\SWEN_661-Team_6-main (1)\SWEN_661-Team_6-main\my-web-app\node_modules\react-dom\cjs\react-dom.development.js:4164:14)
          at HTMLUnknownElement.callTheUserObjectsOperation (C:\Users\Berna\Downloads\SWEN_661-Team_6-main (1)\SWEN_661-Team_6-main\my-web-app\node_modules\jsdom\lib\jsdom\living\generated\EventListener.js:26:30)
          at innerInvokeEventListeners (C:\Users\Berna\Downloads\SWEN_661-Team_6-main (1)\SWEN_661-Team_6-main\my-web-app\node_modules\jsdom\lib\jsdom\living\events\EventTarget-impl.js:350:25)
          at invokeEventListeners (C:\Users\Berna\Downloads\SWEN_661-Team_6-main (1)\SWEN_661-Team_6-main\my-web-app\node_modules\jsdom\lib\jsdom\living\events\EventTarget-impl.js:286:3)
          at HTMLUnknownElementImpl._dispatch (C:\Users\Berna\Downloads\SWEN_661-Team_6-main (1)\SWEN_661-Team_6-main\my-web-app\node_modules\jsdom\lib\jsdom\living\events\EventTarget-impl.js:233:9)
          at HTMLUnknownElementImpl.dispatchEvent (C:\Users\Berna\Downloads\SWEN_661-Team_6-main (1)\SWEN_661-Team_6-main\my-web-app\node_modules\jsdom\lib\jsdom\living\events\EventTarget-impl.js:104:17)
          at HTMLUnknownElement.dispatchEvent (C:\Users\Berna\Downloads\SWEN_661-Team_6-main (1)\SWEN_661-Team_6-main\my-web-app\node_modules\jsdom\lib\jsdom\living\generated\EventTarget.js:241:34)
          at Object.invokeGuardedCallbackDev (C:\Users\Berna\Downloads\SWEN_661-Team_6-main (1)\SWEN_661-Team_6-main\my-web-app\node_modules\react-dom\cjs\react-dom.development.js:4213:16)
          at invokeGuardedCallback (C:\Users\Berna\Downloads\SWEN_661-Team_6-main (1)\SWEN_661-Team_6-main\my-web-app\node_modules\react-dom\cjs\react-dom.development.js:4277:31)
          at beginWork$1 (C:\Users\Berna\Downloads\SWEN_661-Team_6-main (1)\SWEN_661-Team_6-main\my-web-app\node_modules\react-dom\cjs\react-dom.development.js:27490:7)
          at performUnitOfWork (C:\Users\Berna\Downloads\SWEN_661-Team_6-main (1)\SWEN_661-Team_6-main\my-web-app\node_modules\react-dom\cjs\react-dom.development.js:26599:12)
          at workLoopSync (C:\Users\Berna\Downloads\SWEN_661-Team_6-main (1)\SWEN_661-Team_6-main\my-web-app\node_modules\react-dom\cjs\react-dom.development.js:26505:5)
          at renderRootSync (C:\Users\Berna\Downloads\SWEN_661-Team_6-main (1)\SWEN_661-Team_6-main\my-web-app\node_modules\react-dom\cjs\react-dom.development.js:26473:7)
          at performConcurrentWorkOnRoot (C:\Users\Berna\Downloads\SWEN_661-Team_6-main (1)\SWEN_661-Team_6-main\my-web-app\node_modules\react-dom\cjs\react-dom.development.js:25777:74)
          at flushActQueue (C:\Users\Berna\Downloads\SWEN_661-Team_6-main (1)\SWEN_661-Team_6-main\my-web-app\node_modules\react\cjs\react.development.js:2667:24)
          at act (C:\Users\Berna\Downloads\SWEN_661-Team_6-main (1)\SWEN_661-Team_6-main\my-web-app\node_modules\react\cjs\react.development.js:2582:11)
          at C:\Users\Berna\Downloads\SWEN_661-Team_6-main (1)\SWEN_661-Team_6-main\my-web-app\node_modules\@testing-library\react\dist\act-compat.js:46:25
          at renderRoot (C:\Users\Berna\Downloads\SWEN_661-Team_6-main (1)\SWEN_661-Team_6-main\my-web-app\node_modules\@testing-library\react\dist\pure.js:189:26)
          at render (C:\Users\Berna\Downloads\SWEN_661-Team_6-main (1)\SWEN_661-Team_6-main\my-web-app\node_modules\@testing-library\react\dist\pure.js:291:10)
          at renderWithRouter (C:\Users\Berna\Downloads\SWEN_661-Team_6-main (1)\SWEN_661-Team_6-main\my-web-app\src\test-utils.tsx:9:16)
          at Object.<anonymous> (C:\Users\Berna\Downloads\SWEN_661-Team_6-main (1)\SWEN_661-Team_6-main\my-web-app\src\App.test.tsx:7:21)
          at Promise.finally.completed (C:\Users\Berna\Downloads\SWEN_661-Team_6-main (1)\SWEN_661-Team_6-main\my-web-app\node_modules\jest-circus\build\jestAdapterInit.js:1557:28)
          at new Promise (<anonymous>)
          at callAsyncCircusFn (C:\Users\Berna\Downloads\SWEN_661-Team_6-main (1)\SWEN_661-Team_6-main\my-web-app\node_modules\jest-circus\build\jestAdapterInit.js:1497:10)
          at _callCircusTest (C:\Users\Berna\Downloads\SWEN_661-Team_6-main (1)\SWEN_661-Team_6-main\my-web-app\node_modules\jest-circus\build\jestAdapterInit.js:1007:40)
          at processTicksAndRejections (node:internal/process/task_queues:104:5)
          at _runTest (C:\Users\Berna\Downloads\SWEN_661-Team_6-main (1)\SWEN_661-Team_6-main\my-web-app\node_modules\jest-circus\build\jestAdapterInit.js:947:3)
          at C:\Users\Berna\Downloads\SWEN_661-Team_6-main (1)\SWEN_661-Team_6-main\my-web-app\node_modules\jest-circus\build\jestAdapterInit.js:849:7
          at _runTestsForDescribeBlock (C:\Users\Berna\Downloads\SWEN_661-Team_6-main (1)\SWEN_661-Team_6-main\my-web-app\node_modules\jest-circus\build\jestAdapterInit.js:862:11)
          at _runTestsForDescribeBlock (C:\Users\Berna\Downloads\SWEN_661-Team_6-main (1)\SWEN_661-Team_6-main\my-web-app\node_modules\jest-circus\build\jestAdapterInit.js:857:11)
          at run (C:\Users\Berna\Downloads\SWEN_661-Team_6-main (1)\SWEN_661-Team_6-main\my-web-app\node_modules\jest-circus\build\jestAdapterInit.js:761:3)
          at runAndTransformResultsToJestFormat (C:\Users\Berna\Downloads\SWEN_661-Team_6-main (1)\SWEN_661-Team_6-main\my-web-app\node_modules\jest-circus\build\jestAdapterInit.js:1918:21)
          at jestAdapter (C:\Users\Berna\Downloads\SWEN_661-Team_6-main (1)\SWEN_661-Team_6-main\my-web-app\node_modules\jest-circus\build\runner.js:101:19)
          at runTestInternal (C:\Users\Berna\Downloads\SWEN_661-Team_6-main (1)\SWEN_661-Team_6-main\my-web-app\node_modules\jest-runner\build\testWorker.js:275:16)
          at runTest (C:\Users\Berna\Downloads\SWEN_661-Team_6-main (1)\SWEN_661-Team_6-main\my-web-app\node_modules\jest-runner\build\testWorker.js:343:7)
          at Object.worker (C:\Users\Berna\Downloads\SWEN_661-Team_6-main (1)\SWEN_661-Team_6-main\my-web-app\node_modules\jest-runner\build\testWorker.js:497:12),
      type: 'unhandled exception'
    }

    [0m [90m  7 |[39m   { route [33m=[39m [32m'/'[39m } [33m=[39m {}
     [90m  8 |[39m ) {
    [31m[1m>[22m[39m[90m  9 |[39m   [36mreturn[39m render(
     [90m    |[39m                [31m[1m^[22m[39m
     [90m 10 |[39m     [33m<[39m[33mMemoryRouter[39m initialEntries[33m=[39m{[route]}[33m>[39m
     [90m 11 |[39m       {ui}
     [90m 12 |[39m     [33m<[39m[33m/[39m[33mMemoryRouter[39m[33m>[39m[0m

      at VirtualConsole.<anonymous> (C:\Users\Berna\Downloads\SWEN_661-Team_6-main (1)../../../../../../SWEN_661-Team_6-main/my-web-app/node_modules/@jest/environment-jsdom-abstract/build/index.js:87:23)
      at reportException (C:\Users\Berna\Downloads\SWEN_661-Team_6-main (1)../../../../../../SWEN_661-Team_6-main/my-web-app/node_modules/jsdom/lib/jsdom/living/helpers/runtime-script-errors.js:70:28)
      at innerInvokeEventListeners (C:\Users\Berna\Downloads\SWEN_661-Team_6-main (1)../../../../../../SWEN_661-Team_6-main/my-web-app/node_modules/jsdom/lib/jsdom/living/events/EventTarget-impl.js:353:9)
      at invokeEventListeners (C:\Users\Berna\Downloads\SWEN_661-Team_6-main (1)../../../../../../SWEN_661-Team_6-main/my-web-app/node_modules/jsdom/lib/jsdom/living/events/EventTarget-impl.js:286:3)
      at HTMLUnknownElementImpl._dispatch (C:\Users\Berna\Downloads\SWEN_661-Team_6-main (1)../../../../../../SWEN_661-Team_6-main/my-web-app/node_modules/jsdom/lib/jsdom/living/events/EventTarget-impl.js:233:9)
      at HTMLUnknownElementImpl.dispatchEvent (C:\Users\Berna\Downloads\SWEN_661-Team_6-main (1)../../../../../../SWEN_661-Team_6-main/my-web-app/node_modules/jsdom/lib/jsdom/living/events/EventTarget-impl.js:104:17)
      at HTMLUnknownElement.dispatchEvent (C:\Users\Berna\Downloads\SWEN_661-Team_6-main (1)../../../../../../SWEN_661-Team_6-main/my-web-app/node_modules/jsdom/lib/jsdom/living/generated/EventTarget.js:241:34)
      at Object.invokeGuardedCallbackDev (C:\Users\Berna\Downloads\SWEN_661-Team_6-main (1)../../../../../../SWEN_661-Team_6-main/my-web-app/node_modules/react-dom/cjs/react-dom.development.js:4213:16)
      at invokeGuardedCallback (C:\Users\Berna\Downloads\SWEN_661-Team_6-main (1)../../../../../../SWEN_661-Team_6-main/my-web-app/node_modules/react-dom/cjs/react-dom.development.js:4277:31)
      at beginWork$1 (C:\Users\Berna\Downloads\SWEN_661-Team_6-main (1)../../../../../../SWEN_661-Team_6-main/my-web-app/node_modules/react-dom/cjs/react-dom.development.js:27490:7)
      at performUnitOfWork (C:\Users\Berna\Downloads\SWEN_661-Team_6-main (1)../../../../../../SWEN_661-Team_6-main/my-web-app/node_modules/react-dom/cjs/react-dom.development.js:26599:12)
      at workLoopSync (C:\Users\Berna\Downloads\SWEN_661-Team_6-main (1)../../../../../../SWEN_661-Team_6-main/my-web-app/node_modules/react-dom/cjs/react-dom.development.js:26505:5)
      at renderRootSync (C:\Users\Berna\Downloads\SWEN_661-Team_6-main (1)../../../../../../SWEN_661-Team_6-main/my-web-app/node_modules/react-dom/cjs/react-dom.development.js:26473:7)
      at performConcurrentWorkOnRoot (C:\Users\Berna\Downloads\SWEN_661-Team_6-main (1)../../../../../../SWEN_661-Team_6-main/my-web-app/node_modules/react-dom/cjs/react-dom.development.js:25777:74)
      at flushActQueue (C:\Users\Berna\Downloads\SWEN_661-Team_6-main (1)../../../../../../SWEN_661-Team_6-main/my-web-app/node_modules/react/cjs/react.development.js:2667:24)
      at act (C:\Users\Berna\Downloads\SWEN_661-Team_6-main (1)../../../../../../SWEN_661-Team_6-main/my-web-app/node_modules/react/cjs/react.development.js:2582:11)
      at C:\Users\Berna\Downloads\SWEN_661-Team_6-main (1)../../../../../../SWEN_661-Team_6-main/my-web-app/node_modules/@testing-library/react/dist/act-compat.js:46:25
      at renderRoot (C:\Users\Berna\Downloads\SWEN_661-Team_6-main (1)../../../../../../SWEN_661-Team_6-main/my-web-app/node_modules/@testing-library/react/dist/pure.js:189:26)
      at render (C:\Users\Berna\Downloads\SWEN_661-Team_6-main (1)../../../../../../SWEN_661-Team_6-main/my-web-app/node_modules/@testing-library/react/dist/pure.js:291:10)
      at renderWithRouter (C:\Users\Berna\Downloads\SWEN_661-Team_6-main (1)../../../../../../SWEN_661-Team_6-main/my-web-app/src/test-utils.tsx:9:16)
      at Object.<anonymous> (C:\Users\Berna\Downloads\SWEN_661-Team_6-main (1)../../../../../../SWEN_661-Team_6-main/my-web-app/src/App.test.tsx:7:21)

  console.error
    Error: Uncaught [Error: You cannot render a <Router> inside another <Router>. You should never have more than one in your app.]
        at reportException (C:\Users\Berna\Downloads\SWEN_661-Team_6-main (1)\SWEN_661-Team_6-main\my-web-app\node_modules\jsdom\lib\jsdom\living\helpers\runtime-script-errors.js:66:24)
        at innerInvokeEventListeners (C:\Users\Berna\Downloads\SWEN_661-Team_6-main (1)\SWEN_661-Team_6-main\my-web-app\node_modules\jsdom\lib\jsdom\living\events\EventTarget-impl.js:353:9)
        at invokeEventListeners (C:\Users\Berna\Downloads\SWEN_661-Team_6-main (1)\SWEN_661-Team_6-main\my-web-app\node_modules\jsdom\lib\jsdom\living\events\EventTarget-impl.js:286:3)
        at HTMLUnknownElementImpl._dispatch (C:\Users\Berna\Downloads\SWEN_661-Team_6-main (1)\SWEN_661-Team_6-main\my-web-app\node_modules\jsdom\lib\jsdom\living\events\EventTarget-impl.js:233:9)
        at HTMLUnknownElementImpl.dispatchEvent (C:\Users\Berna\Downloads\SWEN_661-Team_6-main (1)\SWEN_661-Team_6-main\my-web-app\node_modules\jsdom\lib\jsdom\living\events\EventTarget-impl.js:104:17)
        at HTMLUnknownElement.dispatchEvent (C:\Users\Berna\Downloads\SWEN_661-Team_6-main (1)\SWEN_661-Team_6-main\my-web-app\node_modules\jsdom\lib\jsdom\living\generated\EventTarget.js:241:34)
        at Object.invokeGuardedCallbackDev (C:\Users\Berna\Downloads\SWEN_661-Team_6-main (1)\SWEN_661-Team_6-main\my-web-app\node_modules\react-dom\cjs\react-dom.development.js:4213:16)
        at invokeGuardedCallback (C:\Users\Berna\Downloads\SWEN_661-Team_6-main (1)\SWEN_661-Team_6-main\my-web-app\node_modules\react-dom\cjs\react-dom.development.js:4277:31)
        at beginWork$1 (C:\Users\Berna\Downloads\SWEN_661-Team_6-main (1)\SWEN_661-Team_6-main\my-web-app\node_modules\react-dom\cjs\react-dom.development.js:27490:7)
        at performUnitOfWork (C:\Users\Berna\Downloads\SWEN_661-Team_6-main (1)\SWEN_661-Team_6-main\my-web-app\node_modules\react-dom\cjs\react-dom.development.js:26599:12)
        at workLoopSync (C:\Users\Berna\Downloads\SWEN_661-Team_6-main (1)\SWEN_661-Team_6-main\my-web-app\node_modules\react-dom\cjs\react-dom.development.js:26505:5)
        at renderRootSync (C:\Users\Berna\Downloads\SWEN_661-Team_6-main (1)\SWEN_661-Team_6-main\my-web-app\node_modules\react-dom\cjs\react-dom.development.js:26473:7)
        at recoverFromConcurrentError (C:\Users\Berna\Downloads\SWEN_661-Team_6-main (1)\SWEN_661-Team_6-main\my-web-app\node_modules\react-dom\cjs\react-dom.development.js:25889:20)
        at performConcurrentWorkOnRoot (C:\Users\Berna\Downloads\SWEN_661-Team_6-main (1)\SWEN_661-Team_6-main\my-web-app\node_modules\react-dom\cjs\react-dom.development.js:25789:22)
        at flushActQueue (C:\Users\Berna\Downloads\SWEN_661-Team_6-main (1)\SWEN_661-Team_6-main\my-web-app\node_modules\react\cjs\react.development.js:2667:24)
        at act (C:\Users\Berna\Downloads\SWEN_661-Team_6-main (1)\SWEN_661-Team_6-main\my-web-app\node_modules\react\cjs\react.development.js:2582:11)
        at C:\Users\Berna\Downloads\SWEN_661-Team_6-main (1)\SWEN_661-Team_6-main\my-web-app\node_modules\@testing-library\react\dist\act-compat.js:46:25
        at renderRoot (C:\Users\Berna\Downloads\SWEN_661-Team_6-main (1)\SWEN_661-Team_6-main\my-web-app\node_modules\@testing-library\react\dist\pure.js:189:26)
        at render (C:\Users\Berna\Downloads\SWEN_661-Team_6-main (1)\SWEN_661-Team_6-main\my-web-app\node_modules\@testing-library\react\dist\pure.js:291:10)
        at renderWithRouter (C:\Users\Berna\Downloads\SWEN_661-Team_6-main (1)\SWEN_661-Team_6-main\my-web-app\src\test-utils.tsx:9:16)
        at Object.<anonymous> (C:\Users\Berna\Downloads\SWEN_661-Team_6-main (1)\SWEN_661-Team_6-main\my-web-app\src\App.test.tsx:7:21)
        at Promise.finally.completed (C:\Users\Berna\Downloads\SWEN_661-Team_6-main (1)\SWEN_661-Team_6-main\my-web-app\node_modules\jest-circus\build\jestAdapterInit.js:1557:28)
        at new Promise (<anonymous>)
        at callAsyncCircusFn (C:\Users\Berna\Downloads\SWEN_661-Team_6-main (1)\SWEN_661-Team_6-main\my-web-app\node_modules\jest-circus\build\jestAdapterInit.js:1497:10)
        at _callCircusTest (C:\Users\Berna\Downloads\SWEN_661-Team_6-main (1)\SWEN_661-Team_6-main\my-web-app\node_modules\jest-circus\build\jestAdapterInit.js:1007:40)
        at processTicksAndRejections (node:internal/process/task_queues:104:5)
        at _runTest (C:\Users\Berna\Downloads\SWEN_661-Team_6-main (1)\SWEN_661-Team_6-main\my-web-app\node_modules\jest-circus\build\jestAdapterInit.js:947:3)
        at C:\Users\Berna\Downloads\SWEN_661-Team_6-main (1)\SWEN_661-Team_6-main\my-web-app\node_modules\jest-circus\build\jestAdapterInit.js:849:7
        at _runTestsForDescribeBlock (C:\Users\Berna\Downloads\SWEN_661-Team_6-main (1)\SWEN_661-Team_6-main\my-web-app\node_modules\jest-circus\build\jestAdapterInit.js:862:11)
        at _runTestsForDescribeBlock (C:\Users\Berna\Downloads\SWEN_661-Team_6-main (1)\SWEN_661-Team_6-main\my-web-app\node_modules\jest-circus\build\jestAdapterInit.js:857:11)
        at run (C:\Users\Berna\Downloads\SWEN_661-Team_6-main (1)\SWEN_661-Team_6-main\my-web-app\node_modules\jest-circus\build\jestAdapterInit.js:761:3)
        at runAndTransformResultsToJestFormat (C:\Users\Berna\Downloads\SWEN_661-Team_6-main (1)\SWEN_661-Team_6-main\my-web-app\node_modules\jest-circus\build\jestAdapterInit.js:1918:21)
        at jestAdapter (C:\Users\Berna\Downloads\SWEN_661-Team_6-main (1)\SWEN_661-Team_6-main\my-web-app\node_modules\jest-circus\build\runner.js:101:19)
        at runTestInternal (C:\Users\Berna\Downloads\SWEN_661-Team_6-main (1)\SWEN_661-Team_6-main\my-web-app\node_modules\jest-runner\build\testWorker.js:275:16)
        at runTest (C:\Users\Berna\Downloads\SWEN_661-Team_6-main (1)\SWEN_661-Team_6-main\my-web-app\node_modules\jest-runner\build\testWorker.js:343:7)
        at Object.worker (C:\Users\Berna\Downloads\SWEN_661-Team_6-main (1)\SWEN_661-Team_6-main\my-web-app\node_modules\jest-runner\build\testWorker.js:497:12) {
      detail: Error: You cannot render a <Router> inside another <Router>. You should never have more than one in your app.
          at Object.invariant [as UNSAFE_invariant] (C:\Users\Berna\Downloads\SWEN_661-Team_6-main (1)\SWEN_661-Team_6-main\my-web-app\node_modules\@remix-run\router\history.ts:494:11)
          at invariant (C:\Users\Berna\Downloads\SWEN_661-Team_6-main (1)\SWEN_661-Team_6-main\my-web-app\node_modules\react-router\lib\components.tsx:429:3)
          at renderWithHooks (C:\Users\Berna\Downloads\SWEN_661-Team_6-main (1)\SWEN_661-Team_6-main\my-web-app\node_modules\react-dom\cjs\react-dom.development.js:15486:18)
          at mountIndeterminateComponent (C:\Users\Berna\Downloads\SWEN_661-Team_6-main (1)\SWEN_661-Team_6-main\my-web-app\node_modules\react-dom\cjs\react-dom.development.js:20103:13)
          at beginWork (C:\Users\Berna\Downloads\SWEN_661-Team_6-main (1)\SWEN_661-Team_6-main\my-web-app\node_modules\react-dom\cjs\react-dom.development.js:21626:16)
          at HTMLUnknownElement.callCallback (C:\Users\Berna\Downloads\SWEN_661-Team_6-main (1)\SWEN_661-Team_6-main\my-web-app\node_modules\react-dom\cjs\react-dom.development.js:4164:14)
          at HTMLUnknownElement.callTheUserObjectsOperation (C:\Users\Berna\Downloads\SWEN_661-Team_6-main (1)\SWEN_661-Team_6-main\my-web-app\node_modules\jsdom\lib\jsdom\living\generated\EventListener.js:26:30)
          at innerInvokeEventListeners (C:\Users\Berna\Downloads\SWEN_661-Team_6-main (1)\SWEN_661-Team_6-main\my-web-app\node_modules\jsdom\lib\jsdom\living\events\EventTarget-impl.js:350:25)
          at invokeEventListeners (C:\Users\Berna\Downloads\SWEN_661-Team_6-main (1)\SWEN_661-Team_6-main\my-web-app\node_modules\jsdom\lib\jsdom\living\events\EventTarget-impl.js:286:3)
          at HTMLUnknownElementImpl._dispatch (C:\Users\Berna\Downloads\SWEN_661-Team_6-main (1)\SWEN_661-Team_6-main\my-web-app\node_modules\jsdom\lib\jsdom\living\events\EventTarget-impl.js:233:9)
          at HTMLUnknownElementImpl.dispatchEvent (C:\Users\Berna\Downloads\SWEN_661-Team_6-main (1)\SWEN_661-Team_6-main\my-web-app\node_modules\jsdom\lib\jsdom\living\events\EventTarget-impl.js:104:17)
          at HTMLUnknownElement.dispatchEvent (C:\Users\Berna\Downloads\SWEN_661-Team_6-main (1)\SWEN_661-Team_6-main\my-web-app\node_modules\jsdom\lib\jsdom\living\generated\EventTarget.js:241:34)
          at Object.invokeGuardedCallbackDev (C:\Users\Berna\Downloads\SWEN_661-Team_6-main (1)\SWEN_661-Team_6-main\my-web-app\node_modules\react-dom\cjs\react-dom.development.js:4213:16)
          at invokeGuardedCallback (C:\Users\Berna\Downloads\SWEN_661-Team_6-main (1)\SWEN_661-Team_6-main\my-web-app\node_modules\react-dom\cjs\react-dom.development.js:4277:31)
          at beginWork$1 (C:\Users\Berna\Downloads\SWEN_661-Team_6-main (1)\SWEN_661-Team_6-main\my-web-app\node_modules\react-dom\cjs\react-dom.development.js:27490:7)
          at performUnitOfWork (C:\Users\Berna\Downloads\SWEN_661-Team_6-main (1)\SWEN_661-Team_6-main\my-web-app\node_modules\react-dom\cjs\react-dom.development.js:26599:12)
          at workLoopSync (C:\Users\Berna\Downloads\SWEN_661-Team_6-main (1)\SWEN_661-Team_6-main\my-web-app\node_modules\react-dom\cjs\react-dom.development.js:26505:5)
          at renderRootSync (C:\Users\Berna\Downloads\SWEN_661-Team_6-main (1)\SWEN_661-Team_6-main\my-web-app\node_modules\react-dom\cjs\react-dom.development.js:26473:7)
          at recoverFromConcurrentError (C:\Users\Berna\Downloads\SWEN_661-Team_6-main (1)\SWEN_661-Team_6-main\my-web-app\node_modules\react-dom\cjs\react-dom.development.js:25889:20)
          at performConcurrentWorkOnRoot (C:\Users\Berna\Downloads\SWEN_661-Team_6-main (1)\SWEN_661-Team_6-main\my-web-app\node_modules\react-dom\cjs\react-dom.development.js:25789:22)
          at flushActQueue (C:\Users\Berna\Downloads\SWEN_661-Team_6-main (1)\SWEN_661-Team_6-main\my-web-app\node_modules\react\cjs\react.development.js:2667:24)
          at act (C:\Users\Berna\Downloads\SWEN_661-Team_6-main (1)\SWEN_661-Team_6-main\my-web-app\node_modules\react\cjs\react.development.js:2582:11)
          at C:\Users\Berna\Downloads\SWEN_661-Team_6-main (1)\SWEN_661-Team_6-main\my-web-app\node_modules\@testing-library\react\dist\act-compat.js:46:25
          at renderRoot (C:\Users\Berna\Downloads\SWEN_661-Team_6-main (1)\SWEN_661-Team_6-main\my-web-app\node_modules\@testing-library\react\dist\pure.js:189:26)
          at render (C:\Users\Berna\Downloads\SWEN_661-Team_6-main (1)\SWEN_661-Team_6-main\my-web-app\node_modules\@testing-library\react\dist\pure.js:291:10)
          at renderWithRouter (C:\Users\Berna\Downloads\SWEN_661-Team_6-main (1)\SWEN_661-Team_6-main\my-web-app\src\test-utils.tsx:9:16)
          at Object.<anonymous> (C:\Users\Berna\Downloads\SWEN_661-Team_6-main (1)\SWEN_661-Team_6-main\my-web-app\src\App.test.tsx:7:21)
          at Promise.finally.completed (C:\Users\Berna\Downloads\SWEN_661-Team_6-main (1)\SWEN_661-Team_6-main\my-web-app\node_modules\jest-circus\build\jestAdapterInit.js:1557:28)
          at new Promise (<anonymous>)
          at callAsyncCircusFn (C:\Users\Berna\Downloads\SWEN_661-Team_6-main (1)\SWEN_661-Team_6-main\my-web-app\node_modules\jest-circus\build\jestAdapterInit.js:1497:10)
          at _callCircusTest (C:\Users\Berna\Downloads\SWEN_661-Team_6-main (1)\SWEN_661-Team_6-main\my-web-app\node_modules\jest-circus\build\jestAdapterInit.js:1007:40)
          at processTicksAndRejections (node:internal/process/task_queues:104:5)
          at _runTest (C:\Users\Berna\Downloads\SWEN_661-Team_6-main (1)\SWEN_661-Team_6-main\my-web-app\node_modules\jest-circus\build\jestAdapterInit.js:947:3)
          at C:\Users\Berna\Downloads\SWEN_661-Team_6-main (1)\SWEN_661-Team_6-main\my-web-app\node_modules\jest-circus\build\jestAdapterInit.js:849:7
          at _runTestsForDescribeBlock (C:\Users\Berna\Downloads\SWEN_661-Team_6-main (1)\SWEN_661-Team_6-main\my-web-app\node_modules\jest-circus\build\jestAdapterInit.js:862:11)
          at _runTestsForDescribeBlock (C:\Users\Berna\Downloads\SWEN_661-Team_6-main (1)\SWEN_661-Team_6-main\my-web-app\node_modules\jest-circus\build\jestAdapterInit.js:857:11)
          at run (C:\Users\Berna\Downloads\SWEN_661-Team_6-main (1)\SWEN_661-Team_6-main\my-web-app\node_modules\jest-circus\build\jestAdapterInit.js:761:3)
          at runAndTransformResultsToJestFormat (C:\Users\Berna\Downloads\SWEN_661-Team_6-main (1)\SWEN_661-Team_6-main\my-web-app\node_modules\jest-circus\build\jestAdapterInit.js:1918:21)
          at jestAdapter (C:\Users\Berna\Downloads\SWEN_661-Team_6-main (1)\SWEN_661-Team_6-main\my-web-app\node_modules\jest-circus\build\runner.js:101:19)
          at runTestInternal (C:\Users\Berna\Downloads\SWEN_661-Team_6-main (1)\SWEN_661-Team_6-main\my-web-app\node_modules\jest-runner\build\testWorker.js:275:16)
          at runTest (C:\Users\Berna\Downloads\SWEN_661-Team_6-main (1)\SWEN_661-Team_6-main\my-web-app\node_modules\jest-runner\build\testWorker.js:343:7)
          at Object.worker (C:\Users\Berna\Downloads\SWEN_661-Team_6-main (1)\SWEN_661-Team_6-main\my-web-app\node_modules\jest-runner\build\testWorker.js:497:12),
      type: 'unhandled exception'
    }

    [0m [90m  7 |[39m   { route [33m=[39m [32m'/'[39m } [33m=[39m {}
     [90m  8 |[39m ) {
    [31m[1m>[22m[39m[90m  9 |[39m   [36mreturn[39m render(
     [90m    |[39m                [31m[1m^[22m[39m
     [90m 10 |[39m     [33m<[39m[33mMemoryRouter[39m initialEntries[33m=[39m{[route]}[33m>[39m
     [90m 11 |[39m       {ui}
     [90m 12 |[39m     [33m<[39m[33m/[39m[33mMemoryRouter[39m[33m>[39m[0m

      at VirtualConsole.<anonymous> (C:\Users\Berna\Downloads\SWEN_661-Team_6-main (1)../../../../../../SWEN_661-Team_6-main/my-web-app/node_modules/@jest/environment-jsdom-abstract/build/index.js:87:23)
      at reportException (C:\Users\Berna\Downloads\SWEN_661-Team_6-main (1)../../../../../../SWEN_661-Team_6-main/my-web-app/node_modules/jsdom/lib/jsdom/living/helpers/runtime-script-errors.js:70:28)
      at innerInvokeEventListeners (C:\Users\Berna\Downloads\SWEN_661-Team_6-main (1)../../../../../../SWEN_661-Team_6-main/my-web-app/node_modules/jsdom/lib/jsdom/living/events/EventTarget-impl.js:353:9)
      at invokeEventListeners (C:\Users\Berna\Downloads\SWEN_661-Team_6-main (1)../../../../../../SWEN_661-Team_6-main/my-web-app/node_modules/jsdom/lib/jsdom/living/events/EventTarget-impl.js:286:3)
      at HTMLUnknownElementImpl._dispatch (C:\Users\Berna\Downloads\SWEN_661-Team_6-main (1)../../../../../../SWEN_661-Team_6-main/my-web-app/node_modules/jsdom/lib/jsdom/living/events/EventTarget-impl.js:233:9)
      at HTMLUnknownElementImpl.dispatchEvent (C:\Users\Berna\Downloads\SWEN_661-Team_6-main (1)../../../../../../SWEN_661-Team_6-main/my-web-app/node_modules/jsdom/lib/jsdom/living/events/EventTarget-impl.js:104:17)
      at HTMLUnknownElement.dispatchEvent (C:\Users\Berna\Downloads\SWEN_661-Team_6-main (1)../../../../../../SWEN_661-Team_6-main/my-web-app/node_modules/jsdom/lib/jsdom/living/generated/EventTarget.js:241:34)
      at Object.invokeGuardedCallbackDev (C:\Users\Berna\Downloads\SWEN_661-Team_6-main (1)../../../../../../SWEN_661-Team_6-main/my-web-app/node_modules/react-dom/cjs/react-dom.development.js:4213:16)
      at invokeGuardedCallback (C:\Users\Berna\Downloads\SWEN_661-Team_6-main (1)../../../../../../SWEN_661-Team_6-main/my-web-app/node_modules/react-dom/cjs/react-dom.development.js:4277:31)
      at beginWork$1 (C:\Users\Berna\Downloads\SWEN_661-Team_6-main (1)../../../../../../SWEN_661-Team_6-main/my-web-app/node_modules/react-dom/cjs/react-dom.development.js:27490:7)
      at performUnitOfWork (C:\Users\Berna\Downloads\SWEN_661-Team_6-main (1)../../../../../../SWEN_661-Team_6-main/my-web-app/node_modules/react-dom/cjs/react-dom.development.js:26599:12)
      at workLoopSync (C:\Users\Berna\Downloads\SWEN_661-Team_6-main (1)../../../../../../SWEN_661-Team_6-main/my-web-app/node_modules/react-dom/cjs/react-dom.development.js:26505:5)
      at renderRootSync (C:\Users\Berna\Downloads\SWEN_661-Team_6-main (1)../../../../../../SWEN_661-Team_6-main/my-web-app/node_modules/react-dom/cjs/react-dom.development.js:26473:7)
      at recoverFromConcurrentError (C:\Users\Berna\Downloads\SWEN_661-Team_6-main (1)../../../../../../SWEN_661-Team_6-main/my-web-app/node_modules/react-dom/cjs/react-dom.development.js:25889:20)
      at performConcurrentWorkOnRoot (C:\Users\Berna\Downloads\SWEN_661-Team_6-main (1)../../../../../../SWEN_661-Team_6-main/my-web-app/node_modules/react-dom/cjs/react-dom.development.js:25789:22)
      at flushActQueue (C:\Users\Berna\Downloads\SWEN_661-Team_6-main (1)../../../../../../SWEN_661-Team_6-main/my-web-app/node_modules/react/cjs/react.development.js:2667:24)
      at act (C:\Users\Berna\Downloads\SWEN_661-Team_6-main (1)../../../../../../SWEN_661-Team_6-main/my-web-app/node_modules/react/cjs/react.development.js:2582:11)
      at C:\Users\Berna\Downloads\SWEN_661-Team_6-main (1)../../../../../../SWEN_661-Team_6-main/my-web-app/node_modules/@testing-library/react/dist/act-compat.js:46:25
      at renderRoot (C:\Users\Berna\Downloads\SWEN_661-Team_6-main (1)../../../../../../SWEN_661-Team_6-main/my-web-app/node_modules/@testing-library/react/dist/pure.js:189:26)
      at render (C:\Users\Berna\Downloads\SWEN_661-Team_6-main (1)../../../../../../SWEN_661-Team_6-main/my-web-app/node_modules/@testing-library/react/dist/pure.js:291:10)
      at renderWithRouter (C:\Users\Berna\Downloads\SWEN_661-Team_6-main (1)../../../../../../SWEN_661-Team_6-main/my-web-app/src/test-utils.tsx:9:16)
      at Object.<anonymous> (C:\Users\Berna\Downloads\SWEN_661-Team_6-main (1)../../../../../../SWEN_661-Team_6-main/my-web-app/src/App.test.tsx:7:21)

  console.warn
    ΓÜá∩╕Å React Router Future Flag Warning: React Router will begin wrapping state updates in `React.startTransition` in v7. You can use the `v7_startTransition` future flag to opt-in early. For more information, see https://reactrouter.com/v6/upgrading/future#v7_starttransition.

    [0m [90m  7 |[39m   { route [33m=[39m [32m'/'[39m } [33m=[39m {}
     [90m  8 |[39m ) {
    [31m[1m>[22m[39m[90m  9 |[39m   [36mreturn[39m render(
     [90m    |[39m                [31m[1m^[22m[39m
     [90m 10 |[39m     [33m<[39m[33mMemoryRouter[39m initialEntries[33m=[39m{[route]}[33m>[39m
     [90m 11 |[39m       {ui}
     [90m 12 |[39m     [33m<[39m[33m/[39m[33mMemoryRouter[39m[33m>[39m[0m

      at warn (C:\Users\Berna\Downloads\SWEN_661-Team_6-main (1)../../../../../../SWEN_661-Team_6-main/my-web-app/node_modules/react-router/lib/deprecations.ts:9:13)
      at warnOnce (C:\Users\Berna\Downloads\SWEN_661-Team_6-main (1)../../../../../../SWEN_661-Team_6-main/my-web-app/node_modules/react-router/lib/deprecations.ts:14:3)
      at logDeprecation (C:\Users\Berna\Downloads\SWEN_661-Team_6-main (1)../../../../../../SWEN_661-Team_6-main/my-web-app/node_modules/react-router/lib/deprecations.ts:26:5)
      at logV6DeprecationWarnings (C:\Users\Berna\Downloads\SWEN_661-Team_6-main (1)../../../../../../SWEN_661-Team_6-main/my-web-app/node_modules/react-router/lib/components.tsx:257:25)
      at commitHookEffectListMount (C:\Users\Berna\Downloads\SWEN_661-Team_6-main (1)../../../../../../SWEN_661-Team_6-main/my-web-app/node_modules/react-dom/cjs/react-dom.development.js:23189:26)
      at commitPassiveMountOnFiber (C:\Users\Berna\Downloads\SWEN_661-Team_6-main (1)../../../../../../SWEN_661-Team_6-main/my-web-app/node_modules/react-dom/cjs/react-dom.development.js:24970:11)
      at commitPassiveMountEffects_complete (C:\Users\Berna\Downloads\SWEN_661-Team_6-main (1)../../../../../../SWEN_661-Team_6-main/my-web-app/node_modules/react-dom/cjs/react-dom.development.js:24930:9)
      at commitPassiveMountEffects_begin (C:\Users\Berna\Downloads\SWEN_661-Team_6-main (1)../../../../../../SWEN_661-Team_6-main/my-web-app/node_modules/react-dom/cjs/react-dom.development.js:24917:7)
      at commitPassiveMountEffects (C:\Users\Berna\Downloads\SWEN_661-Team_6-main (1)../../../../../../SWEN_661-Team_6-main/my-web-app/node_modules/react-dom/cjs/react-dom.development.js:24905:3)
      at flushPassiveEffectsImpl (C:\Users\Berna\Downloads\SWEN_661-Team_6-main (1)../../../../../../SWEN_661-Team_6-main/my-web-app/node_modules/react-dom/cjs/react-dom.development.js:27078:3)
      at flushPassiveEffects (C:\Users\Berna\Downloads\SWEN_661-Team_6-main (1)../../../../../../SWEN_661-Team_6-main/my-web-app/node_modules/react-dom/cjs/react-dom.development.js:27023:14)
      at C:\Users\Berna\Downloads\SWEN_661-Team_6-main (1)../../../../../../SWEN_661-Team_6-main/my-web-app/node_modules/react-dom/cjs/react-dom.development.js:26808:9
      at flushActQueue (C:\Users\Berna\Downloads\SWEN_661-Team_6-main (1)../../../../../../SWEN_661-Team_6-main/my-web-app/node_modules/react/cjs/react.development.js:2667:24)
      at act (C:\Users\Berna\Downloads\SWEN_661-Team_6-main (1)../../../../../../SWEN_661-Team_6-main/my-web-app/node_modules/react/cjs/react.development.js:2582:11)
      at C:\Users\Berna\Downloads\SWEN_661-Team_6-main (1)../../../../../../SWEN_661-Team_6-main/my-web-app/node_modules/@testing-library/react/dist/act-compat.js:46:25
      at renderRoot (C:\Users\Berna\Downloads\SWEN_661-Team_6-main (1)../../../../../../SWEN_661-Team_6-main/my-web-app/node_modules/@testing-library/react/dist/pure.js:189:26)
      at render (C:\Users\Berna\Downloads\SWEN_661-Team_6-main (1)../../../../../../SWEN_661-Team_6-main/my-web-app/node_modules/@testing-library/react/dist/pure.js:291:10)
      at renderWithRouter (C:\Users\Berna\Downloads\SWEN_661-Team_6-main (1)../../../../../../SWEN_661-Team_6-main/my-web-app/src/test-utils.tsx:9:16)
      at Object.<anonymous> (C:\Users\Berna\Downloads\SWEN_661-Team_6-main (1)../../../../../../SWEN_661-Team_6-main/my-web-app/src/pages/LandingPage.test.tsx:8:21)

  console.warn
    ΓÜá∩╕Å React Router Future Flag Warning: React Router will begin wrapping state updates in `React.startTransition` in v7. You can use the `v7_startTransition` future flag to opt-in early. For more information, see https://reactrouter.com/v6/upgrading/future#v7_starttransition.

    [0m [90m  7 |[39m   { route [33m=[39m [32m'/'[39m } [33m=[39m {}
     [90m  8 |[39m ) {
    [31m[1m>[22m[39m[90m  9 |[39m   [36mreturn[39m render(
     [90m    |[39m                [31m[1m^[22m[39m
     [90m 10 |[39m     [33m<[39m[33mMemoryRouter[39m initialEntries[33m=[39m{[route]}[33m>[39m
     [90m 11 |[39m       {ui}
     [90m 12 |[39m     [33m<[39m[33m/[39m[33mMemoryRouter[39m[33m>[39m[0m

      at warn (C:\Users\Berna\Downloads\SWEN_661-Team_6-main (1)../../../../../../SWEN_661-Team_6-main/my-web-app/node_modules/react-router/lib/deprecations.ts:9:13)
      at warnOnce (C:\Users\Berna\Downloads\SWEN_661-Team_6-main (1)../../../../../../SWEN_661-Team_6-main/my-web-app/node_modules/react-router/lib/deprecations.ts:14:3)
      at logDeprecation (C:\Users\Berna\Downloads\SWEN_661-Team_6-main (1)../../../../../../SWEN_661-Team_6-main/my-web-app/node_modules/react-router/lib/deprecations.ts:26:5)
      at logV6DeprecationWarnings (C:\Users\Berna\Downloads\SWEN_661-Team_6-main (1)../../../../../../SWEN_661-Team_6-main/my-web-app/node_modules/react-router/lib/components.tsx:257:25)
      at commitHookEffectListMount (C:\Users\Berna\Downloads\SWEN_661-Team_6-main (1)../../../../../../SWEN_661-Team_6-main/my-web-app/node_modules/react-dom/cjs/react-dom.development.js:23189:26)
      at commitPassiveMountOnFiber (C:\Users\Berna\Downloads\SWEN_661-Team_6-main (1)../../../../../../SWEN_661-Team_6-main/my-web-app/node_modules/react-dom/cjs/react-dom.development.js:24970:11)
      at commitPassiveMountEffects_complete (C:\Users\Berna\Downloads\SWEN_661-Team_6-main (1)../../../../../../SWEN_661-Team_6-main/my-web-app/node_modules/react-dom/cjs/react-dom.development.js:24930:9)
      at commitPassiveMountEffects_begin (C:\Users\Berna\Downloads\SWEN_661-Team_6-main (1)../../../../../../SWEN_661-Team_6-main/my-web-app/node_modules/react-dom/cjs/react-dom.development.js:24917:7)
      at commitPassiveMountEffects (C:\Users\Berna\Downloads\SWEN_661-Team_6-main (1)../../../../../../SWEN_661-Team_6-main/my-web-app/node_modules/react-dom/cjs/react-dom.development.js:24905:3)
      at flushPassiveEffectsImpl (C:\Users\Berna\Downloads\SWEN_661-Team_6-main (1)../../../../../../SWEN_661-Team_6-main/my-web-app/node_modules/react-dom/cjs/react-dom.development.js:27078:3)
      at flushPassiveEffects (C:\Users\Berna\Downloads\SWEN_661-Team_6-main (1)../../../../../../SWEN_661-Team_6-main/my-web-app/node_modules/react-dom/cjs/react-dom.development.js:27023:14)
      at C:\Users\Berna\Downloads\SWEN_661-Team_6-main (1)../../../../../../SWEN_661-Team_6-main/my-web-app/node_modules/react-dom/cjs/react-dom.development.js:26808:9
      at flushActQueue (C:\Users\Berna\Downloads\SWEN_661-Team_6-main (1)../../../../../../SWEN_661-Team_6-main/my-web-app/node_modules/react/cjs/react.development.js:2667:24)
      at act (C:\Users\Berna\Downloads\SWEN_661-Team_6-main (1)../../../../../../SWEN_661-Team_6-main/my-web-app/node_modules/react/cjs/react.development.js:2582:11)
      at C:\Users\Berna\Downloads\SWEN_661-Team_6-main (1)../../../../../../SWEN_661-Team_6-main/my-web-app/node_modules/@testing-library/react/dist/act-compat.js:46:25
      at renderRoot (C:\Users\Berna\Downloads\SWEN_661-Team_6-main (1)../../../../../../SWEN_661-Team_6-main/my-web-app/node_modules/@testing-library/react/dist/pure.js:189:26)
      at render (C:\Users\Berna\Downloads\SWEN_661-Team_6-main (1)../../../../../../SWEN_661-Team_6-main/my-web-app/node_modules/@testing-library/react/dist/pure.js:291:10)
      at renderWithRouter (C:\Users\Berna\Downloads\SWEN_661-Team_6-main (1)../../../../../../SWEN_661-Team_6-main/my-web-app/src/test-utils.tsx:9:16)
      at Object.<anonymous> (C:\Users\Berna\Downloads\SWEN_661-Team_6-main (1)../../../../../../SWEN_661-Team_6-main/my-web-app/src/pages/MedicationsPage.test.tsx:8:21)

  console.warn
    ΓÜá∩╕Å React Router Future Flag Warning: Relative route resolution within Splat routes is changing in v7. You can use the `v7_relativeSplatPath` future flag to opt-in early. For more information, see https://reactrouter.com/v6/upgrading/future#v7_relativesplatpath.

    [0m [90m  7 |[39m   { route [33m=[39m [32m'/'[39m } [33m=[39m {}
     [90m  8 |[39m ) {
    [31m[1m>[22m[39m[90m  9 |[39m   [36mreturn[39m render(
     [90m    |[39m                [31m[1m^[22m[39m
     [90m 10 |[39m     [33m<[39m[33mMemoryRouter[39m initialEntries[33m=[39m{[route]}[33m>[39m
     [90m 11 |[39m       {ui}
     [90m 12 |[39m     [33m<[39m[33m/[39m[33mMemoryRouter[39m[33m>[39m[0m

      at warn (C:\Users\Berna\Downloads\SWEN_661-Team_6-main (1)../../../../../../SWEN_661-Team_6-main/my-web-app/node_modules/react-router/lib/deprecations.ts:9:13)
      at warnOnce (C:\Users\Berna\Downloads\SWEN_661-Team_6-main (1)../../../../../../SWEN_661-Team_6-main/my-web-app/node_modules/react-router/lib/deprecations.ts:14:3)
      at logDeprecation (C:\Users\Berna\Downloads\SWEN_661-Team_6-main (1)../../../../../../SWEN_661-Team_6-main/my-web-app/node_modules/react-router/lib/deprecations.ts:37:5)
      at logV6DeprecationWarnings (C:\Users\Berna\Downloads\SWEN_661-Team_6-main (1)../../../../../../SWEN_661-Team_6-main/my-web-app/node_modules/react-router/lib/components.tsx:257:25)
      at commitHookEffectListMount (C:\Users\Berna\Downloads\SWEN_661-Team_6-main (1)../../../../../../SWEN_661-Team_6-main/my-web-app/node_modules/react-dom/cjs/react-dom.development.js:23189:26)
      at commitPassiveMountOnFiber (C:\Users\Berna\Downloads\SWEN_661-Team_6-main (1)../../../../../../SWEN_661-Team_6-main/my-web-app/node_modules/react-dom/cjs/react-dom.development.js:24970:11)
      at commitPassiveMountEffects_complete (C:\Users\Berna\Downloads\SWEN_661-Team_6-main (1)../../../../../../SWEN_661-Team_6-main/my-web-app/node_modules/react-dom/cjs/react-dom.development.js:24930:9)
      at commitPassiveMountEffects_begin (C:\Users\Berna\Downloads\SWEN_661-Team_6-main (1)../../../../../../SWEN_661-Team_6-main/my-web-app/node_modules/react-dom/cjs/react-dom.development.js:24917:7)
      at commitPassiveMountEffects (C:\Users\Berna\Downloads\SWEN_661-Team_6-main (1)../../../../../../SWEN_661-Team_6-main/my-web-app/node_modules/react-dom/cjs/react-dom.development.js:24905:3)
      at flushPassiveEffectsImpl (C:\Users\Berna\Downloads\SWEN_661-Team_6-main (1)../../../../../../SWEN_661-Team_6-main/my-web-app/node_modules/react-dom/cjs/react-dom.development.js:27078:3)
      at flushPassiveEffects (C:\Users\Berna\Downloads\SWEN_661-Team_6-main (1)../../../../../../SWEN_661-Team_6-main/my-web-app/node_modules/react-dom/cjs/react-dom.development.js:27023:14)
      at C:\Users\Berna\Downloads\SWEN_661-Team_6-main (1)../../../../../../SWEN_661-Team_6-main/my-web-app/node_modules/react-dom/cjs/react-dom.development.js:26808:9
      at flushActQueue (C:\Users\Berna\Downloads\SWEN_661-Team_6-main (1)../../../../../../SWEN_661-Team_6-main/my-web-app/node_modules/react/cjs/react.development.js:2667:24)
      at act (C:\Users\Berna\Downloads\SWEN_661-Team_6-main (1)../../../../../../SWEN_661-Team_6-main/my-web-app/node_modules/react/cjs/react.development.js:2582:11)
      at C:\Users\Berna\Downloads\SWEN_661-Team_6-main (1)../../../../../../SWEN_661-Team_6-main/my-web-app/node_modules/@testing-library/react/dist/act-compat.js:46:25
      at renderRoot (C:\Users\Berna\Downloads\SWEN_661-Team_6-main (1)../../../../../../SWEN_661-Team_6-main/my-web-app/node_modules/@testing-library/react/dist/pure.js:189:26)
      at render (C:\Users\Berna\Downloads\SWEN_661-Team_6-main (1)../../../../../../SWEN_661-Team_6-main/my-web-app/node_modules/@testing-library/react/dist/pure.js:291:10)
      at renderWithRouter (C:\Users\Berna\Downloads\SWEN_661-Team_6-main (1)../../../../../../SWEN_661-Team_6-main/my-web-app/src/test-utils.tsx:9:16)
      at Object.<anonymous> (C:\Users\Berna\Downloads\SWEN_661-Team_6-main (1)../../../../../../SWEN_661-Team_6-main/my-web-app/src/pages/LandingPage.test.tsx:8:21)

  console.error
    The above error occurred in the <Router> component:
    
        at basenameProp (C:\Users\Berna\Downloads\SWEN_661-Team_6-main (1)\SWEN_661-Team_6-main\my-web-app\node_modules\react-router\lib\components.tsx:421:13)
        at basename (C:\Users\Berna\Downloads\SWEN_661-Team_6-main (1)\SWEN_661-Team_6-main\my-web-app\node_modules\react-router-dom\index.tsx:789:3)
        at App
        at basenameProp (C:\Users\Berna\Downloads\SWEN_661-Team_6-main (1)\SWEN_661-Team_6-main\my-web-app\node_modules\react-router\lib\components.tsx:421:13)
        at basename (C:\Users\Berna\Downloads\SWEN_661-Team_6-main (1)\SWEN_661-Team_6-main\my-web-app\node_modules\react-router\lib\components.tsx:225:3)
    
    Consider adding an error boundary to your tree to customize error handling behavior.
    Visit https://reactjs.org/link/error-boundaries to learn more about error boundaries.

    [0m [90m  7 |[39m   { route [33m=[39m [32m'/'[39m } [33m=[39m {}
     [90m  8 |[39m ) {
    [31m[1m>[22m[39m[90m  9 |[39m   [36mreturn[39m render(
     [90m    |[39m                [31m[1m^[22m[39m
     [90m 10 |[39m     [33m<[39m[33mMemoryRouter[39m initialEntries[33m=[39m{[route]}[33m>[39m
     [90m 11 |[39m       {ui}
     [90m 12 |[39m     [33m<[39m[33m/[39m[33mMemoryRouter[39m[33m>[39m[0m

      at logCapturedError (C:\Users\Berna\Downloads\SWEN_661-Team_6-main (1)../../../../../../SWEN_661-Team_6-main/my-web-app/node_modules/react-dom/cjs/react-dom.development.js:18704:23)
      at update.callback (C:\Users\Berna\Downloads\SWEN_661-Team_6-main (1)../../../../../../SWEN_661-Team_6-main/my-web-app/node_modules/react-dom/cjs/react-dom.development.js:18737:5)
      at callCallback (C:\Users\Berna\Downloads\SWEN_661-Team_6-main (1)../../../../../../SWEN_661-Team_6-main/my-web-app/node_modules/react-dom/cjs/react-dom.development.js:15036:12)
      at commitUpdateQueue (C:\Users\Berna\Downloads\SWEN_661-Team_6-main (1)../../../../../../SWEN_661-Team_6-main/my-web-app/node_modules/react-dom/cjs/react-dom.development.js:15057:9)
      at commitLayoutEffectOnFiber (C:\Users\Berna\Downloads\SWEN_661-Team_6-main (1)../../../../../../SWEN_661-Team_6-main/my-web-app/node_modules/react-dom/cjs/react-dom.development.js:23430:13)
      at commitLayoutMountEffects_complete (C:\Users\Berna\Downloads\SWEN_661-Team_6-main (1)../../../../../../SWEN_661-Team_6-main/my-web-app/node_modules/react-dom/cjs/react-dom.development.js:24727:9)
      at commitLayoutEffects_begin (C:\Users\Berna\Downloads\SWEN_661-Team_6-main (1)../../../../../../SWEN_661-Team_6-main/my-web-app/node_modules/react-dom/cjs/react-dom.development.js:24713:7)
      at commitLayoutEffects (C:\Users\Berna\Downloads\SWEN_661-Team_6-main (1)../../../../../../SWEN_661-Team_6-main/my-web-app/node_modules/react-dom/cjs/react-dom.development.js:24651:3)
      at commitRootImpl (C:\Users\Berna\Downloads\SWEN_661-Team_6-main (1)../../../../../../SWEN_661-Team_6-main/my-web-app/node_modules/react-dom/cjs/react-dom.development.js:26862:5)
      at commitRoot (C:\Users\Berna\Downloads\SWEN_661-Team_6-main (1)../../../../../../SWEN_661-Team_6-main/my-web-app/node_modules/react-dom/cjs/react-dom.development.js:26721:5)
      at finishConcurrentRender (C:\Users\Berna\Downloads\SWEN_661-Team_6-main (1)../../../../../../SWEN_661-Team_6-main/my-web-app/node_modules/react-dom/cjs/react-dom.development.js:25931:9)
      at performConcurrentWorkOnRoot (C:\Users\Berna\Downloads\SWEN_661-Team_6-main (1)../../../../../../SWEN_661-Team_6-main/my-web-app/node_modules/react-dom/cjs/react-dom.development.js:25848:7)
      at flushActQueue (C:\Users\Berna\Downloads\SWEN_661-Team_6-main (1)../../../../../../SWEN_661-Team_6-main/my-web-app/node_modules/react/cjs/react.development.js:2667:24)
      at act (C:\Users\Berna\Downloads\SWEN_661-Team_6-main (1)../../../../../../SWEN_661-Team_6-main/my-web-app/node_modules/react/cjs/react.development.js:2582:11)
      at C:\Users\Berna\Downloads\SWEN_661-Team_6-main (1)../../../../../../SWEN_661-Team_6-main/my-web-app/node_modules/@testing-library/react/dist/act-compat.js:46:25
      at renderRoot (C:\Users\Berna\Downloads\SWEN_661-Team_6-main (1)../../../../../../SWEN_661-Team_6-main/my-web-app/node_modules/@testing-library/react/dist/pure.js:189:26)
      at render (C:\Users\Berna\Downloads\SWEN_661-Team_6-main (1)../../../../../../SWEN_661-Team_6-main/my-web-app/node_modules/@testing-library/react/dist/pure.js:291:10)
      at renderWithRouter (C:\Users\Berna\Downloads\SWEN_661-Team_6-main (1)../../../../../../SWEN_661-Team_6-main/my-web-app/src/test-utils.tsx:9:16)
      at Object.<anonymous> (C:\Users\Berna\Downloads\SWEN_661-Team_6-main (1)../../../../../../SWEN_661-Team_6-main/my-web-app/src/App.test.tsx:7:21)

  console.warn
    ΓÜá∩╕Å React Router Future Flag Warning: React Router will begin wrapping state updates in `React.startTransition` in v7. You can use the `v7_startTransition` future flag to opt-in early. For more information, see https://reactrouter.com/v6/upgrading/future#v7_starttransition.

    [0m [90m 52 |[39m
     [90m 53 |[39m [36mfunction[39m renderAt(initialPath[33m:[39m string) {
    [31m[1m>[22m[39m[90m 54 |[39m   [36mreturn[39m require([32m'@testing-library/react'[39m)[33m.[39mrender(
     [90m    |[39m                                            [31m[1m^[22m[39m
     [90m 55 |[39m     [33m<[39m[33mMemoryRouter[39m initialEntries[33m=[39m{[initialPath]}[33m>[39m
     [90m 56 |[39m       [33m<[39m[33mRoutes[39m[33m>[39m
     [90m 57 |[39m         [33m<[39m[33mRoute[39m path[33m=[39m[32m"/"[39m element[33m=[39m{[33m<[39m[33mdiv[39m[33m>[39m[33mHome[39m[33m<[39m[35m/div>} /[39m[33m>[39m[0m

      at warn (C:\Users\Berna\Downloads\SWEN_661-Team_6-main (1)../../../../../../SWEN_661-Team_6-main/my-web-app/node_modules/react-router/lib/deprecations.ts:9:13)
      at warnOnce (C:\Users\Berna\Downloads\SWEN_661-Team_6-main (1)../../../../../../SWEN_661-Team_6-main/my-web-app/node_modules/react-router/lib/deprecations.ts:14:3)
      at logDeprecation (C:\Users\Berna\Downloads\SWEN_661-Team_6-main (1)../../../../../../SWEN_661-Team_6-main/my-web-app/node_modules/react-router/lib/deprecations.ts:26:5)
      at logV6DeprecationWarnings (C:\Users\Berna\Downloads\SWEN_661-Team_6-main (1)../../../../../../SWEN_661-Team_6-main/my-web-app/node_modules/react-router/lib/components.tsx:257:25)
      at commitHookEffectListMount (C:\Users\Berna\Downloads\SWEN_661-Team_6-main (1)../../../../../../SWEN_661-Team_6-main/my-web-app/node_modules/react-dom/cjs/react-dom.development.js:23189:26)
      at commitPassiveMountOnFiber (C:\Users\Berna\Downloads\SWEN_661-Team_6-main (1)../../../../../../SWEN_661-Team_6-main/my-web-app/node_modules/react-dom/cjs/react-dom.development.js:24970:11)
      at commitPassiveMountEffects_complete (C:\Users\Berna\Downloads\SWEN_661-Team_6-main (1)../../../../../../SWEN_661-Team_6-main/my-web-app/node_modules/react-dom/cjs/react-dom.development.js:24930:9)
      at commitPassiveMountEffects_begin (C:\Users\Berna\Downloads\SWEN_661-Team_6-main (1)../../../../../../SWEN_661-Team_6-main/my-web-app/node_modules/react-dom/cjs/react-dom.development.js:24917:7)
      at commitPassiveMountEffects (C:\Users\Berna\Downloads\SWEN_661-Team_6-main (1)../../../../../../SWEN_661-Team_6-main/my-web-app/node_modules/react-dom/cjs/react-dom.development.js:24905:3)
      at flushPassiveEffectsImpl (C:\Users\Berna\Downloads\SWEN_661-Team_6-main (1)../../../../../../SWEN_661-Team_6-main/my-web-app/node_modules/react-dom/cjs/react-dom.development.js:27078:3)
      at flushPassiveEffects (C:\Users\Berna\Downloads\SWEN_661-Team_6-main (1)../../../../../../SWEN_661-Team_6-main/my-web-app/node_modules/react-dom/cjs/react-dom.development.js:27023:14)
      at C:\Users\Berna\Downloads\SWEN_661-Team_6-main (1)../../../../../../SWEN_661-Team_6-main/my-web-app/node_modules/react-dom/cjs/react-dom.development.js:26808:9
      at flushActQueue (C:\Users\Berna\Downloads\SWEN_661-Team_6-main (1)../../../../../../SWEN_661-Team_6-main/my-web-app/node_modules/react/cjs/react.development.js:2667:24)
      at act (C:\Users\Berna\Downloads\SWEN_661-Team_6-main (1)../../../../../../SWEN_661-Team_6-main/my-web-app/node_modules/react/cjs/react.development.js:2582:11)
      at C:\Users\Berna\Downloads\SWEN_661-Team_6-main (1)../../../../../../SWEN_661-Team_6-main/my-web-app/node_modules/@testing-library/react/dist/act-compat.js:46:25
      at renderRoot (C:\Users\Berna\Downloads\SWEN_661-Team_6-main (1)../../../../../../SWEN_661-Team_6-main/my-web-app/node_modules/@testing-library/react/dist/pure.js:189:26)
      at Object.render (C:\Users\Berna\Downloads\SWEN_661-Team_6-main (1)../../../../../../SWEN_661-Team_6-main/my-web-app/node_modules/@testing-library/react/dist/pure.js:291:10)
      at render (C:\Users\Berna\Downloads\SWEN_661-Team_6-main (1)../../../../../../SWEN_661-Team_6-main/my-web-app/src/components/DashboardLayout.test.tsx:54:44)
      at Object.renderAt (C:\Users\Berna\Downloads\SWEN_661-Team_6-main (1)../../../../../../SWEN_661-Team_6-main/my-web-app/src/components/DashboardLayout.test.tsx:22:5)

  console.warn
    ΓÜá∩╕Å React Router Future Flag Warning: Relative route resolution within Splat routes is changing in v7. You can use the `v7_relativeSplatPath` future flag to opt-in early. For more information, see https://reactrouter.com/v6/upgrading/future#v7_relativesplatpath.

    [0m [90m  7 |[39m   { route [33m=[39m [32m'/'[39m } [33m=[39m {}
     [90m  8 |[39m ) {
    [31m[1m>[22m[39m[90m  9 |[39m   [36mreturn[39m render(
     [90m    |[39m                [31m[1m^[22m[39m
     [90m 10 |[39m     [33m<[39m[33mMemoryRouter[39m initialEntries[33m=[39m{[route]}[33m>[39m
     [90m 11 |[39m       {ui}
     [90m 12 |[39m     [33m<[39m[33m/[39m[33mMemoryRouter[39m[33m>[39m[0m

      at warn (C:\Users\Berna\Downloads\SWEN_661-Team_6-main (1)../../../../../../SWEN_661-Team_6-main/my-web-app/node_modules/react-router/lib/deprecations.ts:9:13)
      at warnOnce (C:\Users\Berna\Downloads\SWEN_661-Team_6-main (1)../../../../../../SWEN_661-Team_6-main/my-web-app/node_modules/react-router/lib/deprecations.ts:14:3)
      at logDeprecation (C:\Users\Berna\Downloads\SWEN_661-Team_6-main (1)../../../../../../SWEN_661-Team_6-main/my-web-app/node_modules/react-router/lib/deprecations.ts:37:5)
      at logV6DeprecationWarnings (C:\Users\Berna\Downloads\SWEN_661-Team_6-main (1)../../../../../../SWEN_661-Team_6-main/my-web-app/node_modules/react-router/lib/components.tsx:257:25)
      at commitHookEffectListMount (C:\Users\Berna\Downloads\SWEN_661-Team_6-main (1)../../../../../../SWEN_661-Team_6-main/my-web-app/node_modules/react-dom/cjs/react-dom.development.js:23189:26)
      at commitPassiveMountOnFiber (C:\Users\Berna\Downloads\SWEN_661-Team_6-main (1)../../../../../../SWEN_661-Team_6-main/my-web-app/node_modules/react-dom/cjs/react-dom.development.js:24970:11)
      at commitPassiveMountEffects_complete (C:\Users\Berna\Downloads\SWEN_661-Team_6-main (1)../../../../../../SWEN_661-Team_6-main/my-web-app/node_modules/react-dom/cjs/react-dom.development.js:24930:9)
      at commitPassiveMountEffects_begin (C:\Users\Berna\Downloads\SWEN_661-Team_6-main (1)../../../../../../SWEN_661-Team_6-main/my-web-app/node_modules/react-dom/cjs/react-dom.development.js:24917:7)
      at commitPassiveMountEffects (C:\Users\Berna\Downloads\SWEN_661-Team_6-main (1)../../../../../../SWEN_661-Team_6-main/my-web-app/node_modules/react-dom/cjs/react-dom.development.js:24905:3)
      at flushPassiveEffectsImpl (C:\Users\Berna\Downloads\SWEN_661-Team_6-main (1)../../../../../../SWEN_661-Team_6-main/my-web-app/node_modules/react-dom/cjs/react-dom.development.js:27078:3)
      at flushPassiveEffects (C:\Users\Berna\Downloads\SWEN_661-Team_6-main (1)../../../../../../SWEN_661-Team_6-main/my-web-app/node_modules/react-dom/cjs/react-dom.development.js:27023:14)
      at C:\Users\Berna\Downloads\SWEN_661-Team_6-main (1)../../../../../../SWEN_661-Team_6-main/my-web-app/node_modules/react-dom/cjs/react-dom.development.js:26808:9
      at flushActQueue (C:\Users\Berna\Downloads\SWEN_661-Team_6-main (1)../../../../../../SWEN_661-Team_6-main/my-web-app/node_modules/react/cjs/react.development.js:2667:24)
      at act (C:\Users\Berna\Downloads\SWEN_661-Team_6-main (1)../../../../../../SWEN_661-Team_6-main/my-web-app/node_modules/react/cjs/react.development.js:2582:11)
      at C:\Users\Berna\Downloads\SWEN_661-Team_6-main (1)../../../../../../SWEN_661-Team_6-main/my-web-app/node_modules/@testing-library/react/dist/act-compat.js:46:25
      at renderRoot (C:\Users\Berna\Downloads\SWEN_661-Team_6-main (1)../../../../../../SWEN_661-Team_6-main/my-web-app/node_modules/@testing-library/react/dist/pure.js:189:26)
      at render (C:\Users\Berna\Downloads\SWEN_661-Team_6-main (1)../../../../../../SWEN_661-Team_6-main/my-web-app/node_modules/@testing-library/react/dist/pure.js:291:10)
      at renderWithRouter (C:\Users\Berna\Downloads\SWEN_661-Team_6-main (1)../../../../../../SWEN_661-Team_6-main/my-web-app/src/test-utils.tsx:9:16)
      at Object.<anonymous> (C:\Users\Berna\Downloads\SWEN_661-Team_6-main (1)../../../../../../SWEN_661-Team_6-main/my-web-app/src/pages/MedicationsPage.test.tsx:8:21)

  console.warn
    ΓÜá∩╕Å React Router Future Flag Warning: Relative route resolution within Splat routes is changing in v7. You can use the `v7_relativeSplatPath` future flag to opt-in early. For more information, see https://reactrouter.com/v6/upgrading/future#v7_relativesplatpath.

    [0m [90m 52 |[39m
     [90m 53 |[39m [36mfunction[39m renderAt(initialPath[33m:[39m string) {
    [31m[1m>[22m[39m[90m 54 |[39m   [36mreturn[39m require([32m'@testing-library/react'[39m)[33m.[39mrender(
     [90m    |[39m                                            [31m[1m^[22m[39m
     [90m 55 |[39m     [33m<[39m[33mMemoryRouter[39m initialEntries[33m=[39m{[initialPath]}[33m>[39m
     [90m 56 |[39m       [33m<[39m[33mRoutes[39m[33m>[39m
     [90m 57 |[39m         [33m<[39m[33mRoute[39m path[33m=[39m[32m"/"[39m element[33m=[39m{[33m<[39m[33mdiv[39m[33m>[39m[33mHome[39m[33m<[39m[35m/div>} /[39m[33m>[39m[0m

      at warn (C:\Users\Berna\Downloads\SWEN_661-Team_6-main (1)../../../../../../SWEN_661-Team_6-main/my-web-app/node_modules/react-router/lib/deprecations.ts:9:13)
      at warnOnce (C:\Users\Berna\Downloads\SWEN_661-Team_6-main (1)../../../../../../SWEN_661-Team_6-main/my-web-app/node_modules/react-router/lib/deprecations.ts:14:3)
      at logDeprecation (C:\Users\Berna\Downloads\SWEN_661-Team_6-main (1)../../../../../../SWEN_661-Team_6-main/my-web-app/node_modules/react-router/lib/deprecations.ts:37:5)
      at logV6DeprecationWarnings (C:\Users\Berna\Downloads\SWEN_661-Team_6-main (1)../../../../../../SWEN_661-Team_6-main/my-web-app/node_modules/react-router/lib/components.tsx:257:25)
      at commitHookEffectListMount (C:\Users\Berna\Downloads\SWEN_661-Team_6-main (1)../../../../../../SWEN_661-Team_6-main/my-web-app/node_modules/react-dom/cjs/react-dom.development.js:23189:26)
      at commitPassiveMountOnFiber (C:\Users\Berna\Downloads\SWEN_661-Team_6-main (1)../../../../../../SWEN_661-Team_6-main/my-web-app/node_modules/react-dom/cjs/react-dom.development.js:24970:11)
      at commitPassiveMountEffects_complete (C:\Users\Berna\Downloads\SWEN_661-Team_6-main (1)../../../../../../SWEN_661-Team_6-main/my-web-app/node_modules/react-dom/cjs/react-dom.development.js:24930:9)
      at commitPassiveMountEffects_begin (C:\Users\Berna\Downloads\SWEN_661-Team_6-main (1)../../../../../../SWEN_661-Team_6-main/my-web-app/node_modules/react-dom/cjs/react-dom.development.js:24917:7)
      at commitPassiveMountEffects (C:\Users\Berna\Downloads\SWEN_661-Team_6-main (1)../../../../../../SWEN_661-Team_6-main/my-web-app/node_modules/react-dom/cjs/react-dom.development.js:24905:3)
      at flushPassiveEffectsImpl (C:\Users\Berna\Downloads\SWEN_661-Team_6-main (1)../../../../../../SWEN_661-Team_6-main/my-web-app/node_modules/react-dom/cjs/react-dom.development.js:27078:3)
      at flushPassiveEffects (C:\Users\Berna\Downloads\SWEN_661-Team_6-main (1)../../../../../../SWEN_661-Team_6-main/my-web-app/node_modules/react-dom/cjs/react-dom.development.js:27023:14)
      at C:\Users\Berna\Downloads\SWEN_661-Team_6-main (1)../../../../../../SWEN_661-Team_6-main/my-web-app/node_modules/react-dom/cjs/react-dom.development.js:26808:9
      at flushActQueue (C:\Users\Berna\Downloads\SWEN_661-Team_6-main (1)../../../../../../SWEN_661-Team_6-main/my-web-app/node_modules/react/cjs/react.development.js:2667:24)
      at act (C:\Users\Berna\Downloads\SWEN_661-Team_6-main (1)../../../../../../SWEN_661-Team_6-main/my-web-app/node_modules/react/cjs/react.development.js:2582:11)
      at C:\Users\Berna\Downloads\SWEN_661-Team_6-main (1)../../../../../../SWEN_661-Team_6-main/my-web-app/node_modules/@testing-library/react/dist/act-compat.js:46:25
      at renderRoot (C:\Users\Berna\Downloads\SWEN_661-Team_6-main (1)../../../../../../SWEN_661-Team_6-main/my-web-app/node_modules/@testing-library/react/dist/pure.js:189:26)
      at Object.render (C:\Users\Berna\Downloads\SWEN_661-Team_6-main (1)../../../../../../SWEN_661-Team_6-main/my-web-app/node_modules/@testing-library/react/dist/pure.js:291:10)
      at render (C:\Users\Berna\Downloads\SWEN_661-Team_6-main (1)../../../../../../SWEN_661-Team_6-main/my-web-app/src/components/DashboardLayout.test.tsx:54:44)
      at Object.renderAt (C:\Users\Berna\Downloads\SWEN_661-Team_6-main (1)../../../../../../SWEN_661-Team_6-main/my-web-app/src/components/DashboardLayout.test.tsx:22:5)

  console.error
    Error: Uncaught [Error: You cannot render a <Router> inside another <Router>. You should never have more than one in your app.]
        at reportException (C:\Users\Berna\Downloads\SWEN_661-Team_6-main (1)\SWEN_661-Team_6-main\my-web-app\node_modules\jsdom\lib\jsdom\living\helpers\runtime-script-errors.js:66:24)
        at innerInvokeEventListeners (C:\Users\Berna\Downloads\SWEN_661-Team_6-main (1)\SWEN_661-Team_6-main\my-web-app\node_modules\jsdom\lib\jsdom\living\events\EventTarget-impl.js:353:9)
        at invokeEventListeners (C:\Users\Berna\Downloads\SWEN_661-Team_6-main (1)\SWEN_661-Team_6-main\my-web-app\node_modules\jsdom\lib\jsdom\living\events\EventTarget-impl.js:286:3)
        at HTMLUnknownElementImpl._dispatch (C:\Users\Berna\Downloads\SWEN_661-Team_6-main (1)\SWEN_661-Team_6-main\my-web-app\node_modules\jsdom\lib\jsdom\living\events\EventTarget-impl.js:233:9)
        at HTMLUnknownElementImpl.dispatchEvent (C:\Users\Berna\Downloads\SWEN_661-Team_6-main (1)\SWEN_661-Team_6-main\my-web-app\node_modules\jsdom\lib\jsdom\living\events\EventTarget-impl.js:104:17)
        at HTMLUnknownElement.dispatchEvent (C:\Users\Berna\Downloads\SWEN_661-Team_6-main (1)\SWEN_661-Team_6-main\my-web-app\node_modules\jsdom\lib\jsdom\living\generated\EventTarget.js:241:34)
        at Object.invokeGuardedCallbackDev (C:\Users\Berna\Downloads\SWEN_661-Team_6-main (1)\SWEN_661-Team_6-main\my-web-app\node_modules\react-dom\cjs\react-dom.development.js:4213:16)
        at invokeGuardedCallback (C:\Users\Berna\Downloads\SWEN_661-Team_6-main (1)\SWEN_661-Team_6-main\my-web-app\node_modules\react-dom\cjs\react-dom.development.js:4277:31)
        at beginWork$1 (C:\Users\Berna\Downloads\SWEN_661-Team_6-main (1)\SWEN_661-Team_6-main\my-web-app\node_modules\react-dom\cjs\react-dom.development.js:27490:7)
        at performUnitOfWork (C:\Users\Berna\Downloads\SWEN_661-Team_6-main (1)\SWEN_661-Team_6-main\my-web-app\node_modules\react-dom\cjs\react-dom.development.js:26599:12)
        at workLoopSync (C:\Users\Berna\Downloads\SWEN_661-Team_6-main (1)\SWEN_661-Team_6-main\my-web-app\node_modules\react-dom\cjs\react-dom.development.js:26505:5)
        at renderRootSync (C:\Users\Berna\Downloads\SWEN_661-Team_6-main (1)\SWEN_661-Team_6-main\my-web-app\node_modules\react-dom\cjs\react-dom.development.js:26473:7)
        at performConcurrentWorkOnRoot (C:\Users\Berna\Downloads\SWEN_661-Team_6-main (1)\SWEN_661-Team_6-main\my-web-app\node_modules\react-dom\cjs\react-dom.development.js:25777:74)
        at flushActQueue (C:\Users\Berna\Downloads\SWEN_661-Team_6-main (1)\SWEN_661-Team_6-main\my-web-app\node_modules\react\cjs\react.development.js:2667:24)
        at act (C:\Users\Berna\Downloads\SWEN_661-Team_6-main (1)\SWEN_661-Team_6-main\my-web-app\node_modules\react\cjs\react.development.js:2582:11)
        at C:\Users\Berna\Downloads\SWEN_661-Team_6-main (1)\SWEN_661-Team_6-main\my-web-app\node_modules\@testing-library\react\dist\act-compat.js:46:25
        at renderRoot (C:\Users\Berna\Downloads\SWEN_661-Team_6-main (1)\SWEN_661-Team_6-main\my-web-app\node_modules\@testing-library\react\dist\pure.js:189:26)
        at render (C:\Users\Berna\Downloads\SWEN_661-Team_6-main (1)\SWEN_661-Team_6-main\my-web-app\node_modules\@testing-library\react\dist\pure.js:291:10)
        at renderWithRouter (C:\Users\Berna\Downloads\SWEN_661-Team_6-main (1)\SWEN_661-Team_6-main\my-web-app\src\test-utils.tsx:9:16)
        at Object.<anonymous> (C:\Users\Berna\Downloads\SWEN_661-Team_6-main (1)\SWEN_661-Team_6-main\my-web-app\src\App.test.tsx:12:21)
        at Promise.finally.completed (C:\Users\Berna\Downloads\SWEN_661-Team_6-main (1)\SWEN_661-Team_6-main\my-web-app\node_modules\jest-circus\build\jestAdapterInit.js:1557:28)
        at new Promise (<anonymous>)
        at callAsyncCircusFn (C:\Users\Berna\Downloads\SWEN_661-Team_6-main (1)\SWEN_661-Team_6-main\my-web-app\node_modules\jest-circus\build\jestAdapterInit.js:1497:10)
        at _callCircusTest (C:\Users\Berna\Downloads\SWEN_661-Team_6-main (1)\SWEN_661-Team_6-main\my-web-app\node_modules\jest-circus\build\jestAdapterInit.js:1007:40)
        at processTicksAndRejections (node:internal/process/task_queues:104:5)
        at _runTest (C:\Users\Berna\Downloads\SWEN_661-Team_6-main (1)\SWEN_661-Team_6-main\my-web-app\node_modules\jest-circus\build\jestAdapterInit.js:947:3)
        at C:\Users\Berna\Downloads\SWEN_661-Team_6-main (1)\SWEN_661-Team_6-main\my-web-app\node_modules\jest-circus\build\jestAdapterInit.js:849:7
        at _runTestsForDescribeBlock (C:\Users\Berna\Downloads\SWEN_661-Team_6-main (1)\SWEN_661-Team_6-main\my-web-app\node_modules\jest-circus\build\jestAdapterInit.js:862:11)
        at _runTestsForDescribeBlock (C:\Users\Berna\Downloads\SWEN_661-Team_6-main (1)\SWEN_661-Team_6-main\my-web-app\node_modules\jest-circus\build\jestAdapterInit.js:857:11)
        at run (C:\Users\Berna\Downloads\SWEN_661-Team_6-main (1)\SWEN_661-Team_6-main\my-web-app\node_modules\jest-circus\build\jestAdapterInit.js:761:3)
        at runAndTransformResultsToJestFormat (C:\Users\Berna\Downloads\SWEN_661-Team_6-main (1)\SWEN_661-Team_6-main\my-web-app\node_modules\jest-circus\build\jestAdapterInit.js:1918:21)
        at jestAdapter (C:\Users\Berna\Downloads\SWEN_661-Team_6-main (1)\SWEN_661-Team_6-main\my-web-app\node_modules\jest-circus\build\runner.js:101:19)
        at runTestInternal (C:\Users\Berna\Downloads\SWEN_661-Team_6-main (1)\SWEN_661-Team_6-main\my-web-app\node_modules\jest-runner\build\testWorker.js:275:16)
        at runTest (C:\Users\Berna\Downloads\SWEN_661-Team_6-main (1)\SWEN_661-Team_6-main\my-web-app\node_modules\jest-runner\build\testWorker.js:343:7)
        at Object.worker (C:\Users\Berna\Downloads\SWEN_661-Team_6-main (1)\SWEN_661-Team_6-main\my-web-app\node_modules\jest-runner\build\testWorker.js:497:12) {
      detail: Error: You cannot render a <Router> inside another <Router>. You should never have more than one in your app.
          at Object.invariant [as UNSAFE_invariant] (C:\Users\Berna\Downloads\SWEN_661-Team_6-main (1)\SWEN_661-Team_6-main\my-web-app\node_modules\@remix-run\router\history.ts:494:11)
          at invariant (C:\Users\Berna\Downloads\SWEN_661-Team_6-main (1)\SWEN_661-Team_6-main\my-web-app\node_modules\react-router\lib\components.tsx:429:3)
          at renderWithHooks (C:\Users\Berna\Downloads\SWEN_661-Team_6-main (1)\SWEN_661-Team_6-main\my-web-app\node_modules\react-dom\cjs\react-dom.development.js:15486:18)
          at mountIndeterminateComponent (C:\Users\Berna\Downloads\SWEN_661-Team_6-main (1)\SWEN_661-Team_6-main\my-web-app\node_modules\react-dom\cjs\react-dom.development.js:20103:13)
          at beginWork (C:\Users\Berna\Downloads\SWEN_661-Team_6-main (1)\SWEN_661-Team_6-main\my-web-app\node_modules\react-dom\cjs\react-dom.development.js:21626:16)
          at HTMLUnknownElement.callCallback (C:\Users\Berna\Downloads\SWEN_661-Team_6-main (1)\SWEN_661-Team_6-main\my-web-app\node_modules\react-dom\cjs\react-dom.development.js:4164:14)
          at HTMLUnknownElement.callTheUserObjectsOperation (C:\Users\Berna\Downloads\SWEN_661-Team_6-main (1)\SWEN_661-Team_6-main\my-web-app\node_modules\jsdom\lib\jsdom\living\generated\EventListener.js:26:30)
          at innerInvokeEventListeners (C:\Users\Berna\Downloads\SWEN_661-Team_6-main (1)\SWEN_661-Team_6-main\my-web-app\node_modules\jsdom\lib\jsdom\living\events\EventTarget-impl.js:350:25)
          at invokeEventListeners (C:\Users\Berna\Downloads\SWEN_661-Team_6-main (1)\SWEN_661-Team_6-main\my-web-app\node_modules\jsdom\lib\jsdom\living\events\EventTarget-impl.js:286:3)
          at HTMLUnknownElementImpl._dispatch (C:\Users\Berna\Downloads\SWEN_661-Team_6-main (1)\SWEN_661-Team_6-main\my-web-app\node_modules\jsdom\lib\jsdom\living\events\EventTarget-impl.js:233:9)
          at HTMLUnknownElementImpl.dispatchEvent (C:\Users\Berna\Downloads\SWEN_661-Team_6-main (1)\SWEN_661-Team_6-main\my-web-app\node_modules\jsdom\lib\jsdom\living\events\EventTarget-impl.js:104:17)
          at HTMLUnknownElement.dispatchEvent (C:\Users\Berna\Downloads\SWEN_661-Team_6-main (1)\SWEN_661-Team_6-main\my-web-app\node_modules\jsdom\lib\jsdom\living\generated\EventTarget.js:241:34)
          at Object.invokeGuardedCallbackDev (C:\Users\Berna\Downloads\SWEN_661-Team_6-main (1)\SWEN_661-Team_6-main\my-web-app\node_modules\react-dom\cjs\react-dom.development.js:4213:16)
          at invokeGuardedCallback (C:\Users\Berna\Downloads\SWEN_661-Team_6-main (1)\SWEN_661-Team_6-main\my-web-app\node_modules\react-dom\cjs\react-dom.development.js:4277:31)
          at beginWork$1 (C:\Users\Berna\Downloads\SWEN_661-Team_6-main (1)\SWEN_661-Team_6-main\my-web-app\node_modules\react-dom\cjs\react-dom.development.js:27490:7)
          at performUnitOfWork (C:\Users\Berna\Downloads\SWEN_661-Team_6-main (1)\SWEN_661-Team_6-main\my-web-app\node_modules\react-dom\cjs\react-dom.development.js:26599:12)
          at workLoopSync (C:\Users\Berna\Downloads\SWEN_661-Team_6-main (1)\SWEN_661-Team_6-main\my-web-app\node_modules\react-dom\cjs\react-dom.development.js:26505:5)
          at renderRootSync (C:\Users\Berna\Downloads\SWEN_661-Team_6-main (1)\SWEN_661-Team_6-main\my-web-app\node_modules\react-dom\cjs\react-dom.development.js:26473:7)
          at performConcurrentWorkOnRoot (C:\Users\Berna\Downloads\SWEN_661-Team_6-main (1)\SWEN_661-Team_6-main\my-web-app\node_modules\react-dom\cjs\react-dom.development.js:25777:74)
          at flushActQueue (C:\Users\Berna\Downloads\SWEN_661-Team_6-main (1)\SWEN_661-Team_6-main\my-web-app\node_modules\react\cjs\react.development.js:2667:24)
          at act (C:\Users\Berna\Downloads\SWEN_661-Team_6-main (1)\SWEN_661-Team_6-main\my-web-app\node_modules\react\cjs\react.development.js:2582:11)
          at C:\Users\Berna\Downloads\SWEN_661-Team_6-main (1)\SWEN_661-Team_6-main\my-web-app\node_modules\@testing-library\react\dist\act-compat.js:46:25
          at renderRoot (C:\Users\Berna\Downloads\SWEN_661-Team_6-main (1)\SWEN_661-Team_6-main\my-web-app\node_modules\@testing-library\react\dist\pure.js:189:26)
          at render (C:\Users\Berna\Downloads\SWEN_661-Team_6-main (1)\SWEN_661-Team_6-main\my-web-app\node_modules\@testing-library\react\dist\pure.js:291:10)
          at renderWithRouter (C:\Users\Berna\Downloads\SWEN_661-Team_6-main (1)\SWEN_661-Team_6-main\my-web-app\src\test-utils.tsx:9:16)
          at Object.<anonymous> (C:\Users\Berna\Downloads\SWEN_661-Team_6-main (1)\SWEN_661-Team_6-main\my-web-app\src\App.test.tsx:12:21)
          at Promise.finally.completed (C:\Users\Berna\Downloads\SWEN_661-Team_6-main (1)\SWEN_661-Team_6-main\my-web-app\node_modules\jest-circus\build\jestAdapterInit.js:1557:28)
          at new Promise (<anonymous>)
          at callAsyncCircusFn (C:\Users\Berna\Downloads\SWEN_661-Team_6-main (1)\SWEN_661-Team_6-main\my-web-app\node_modules\jest-circus\build\jestAdapterInit.js:1497:10)
          at _callCircusTest (C:\Users\Berna\Downloads\SWEN_661-Team_6-main (1)\SWEN_661-Team_6-main\my-web-app\node_modules\jest-circus\build\jestAdapterInit.js:1007:40)
          at processTicksAndRejections (node:internal/process/task_queues:104:5)
          at _runTest (C:\Users\Berna\Downloads\SWEN_661-Team_6-main (1)\SWEN_661-Team_6-main\my-web-app\node_modules\jest-circus\build\jestAdapterInit.js:947:3)
          at C:\Users\Berna\Downloads\SWEN_661-Team_6-main (1)\SWEN_661-Team_6-main\my-web-app\node_modules\jest-circus\build\jestAdapterInit.js:849:7
          at _runTestsForDescribeBlock (C:\Users\Berna\Downloads\SWEN_661-Team_6-main (1)\SWEN_661-Team_6-main\my-web-app\node_modules\jest-circus\build\jestAdapterInit.js:862:11)
          at _runTestsForDescribeBlock (C:\Users\Berna\Downloads\SWEN_661-Team_6-main (1)\SWEN_661-Team_6-main\my-web-app\node_modules\jest-circus\build\jestAdapterInit.js:857:11)
          at run (C:\Users\Berna\Downloads\SWEN_661-Team_6-main (1)\SWEN_661-Team_6-main\my-web-app\node_modules\jest-circus\build\jestAdapterInit.js:761:3)
          at runAndTransformResultsToJestFormat (C:\Users\Berna\Downloads\SWEN_661-Team_6-main (1)\SWEN_661-Team_6-main\my-web-app\node_modules\jest-circus\build\jestAdapterInit.js:1918:21)
          at jestAdapter (C:\Users\Berna\Downloads\SWEN_661-Team_6-main (1)\SWEN_661-Team_6-main\my-web-app\node_modules\jest-circus\build\runner.js:101:19)
          at runTestInternal (C:\Users\Berna\Downloads\SWEN_661-Team_6-main (1)\SWEN_661-Team_6-main\my-web-app\node_modules\jest-runner\build\testWorker.js:275:16)
          at runTest (C:\Users\Berna\Downloads\SWEN_661-Team_6-main (1)\SWEN_661-Team_6-main\my-web-app\node_modules\jest-runner\build\testWorker.js:343:7)
          at Object.worker (C:\Users\Berna\Downloads\SWEN_661-Team_6-main (1)\SWEN_661-Team_6-main\my-web-app\node_modules\jest-runner\build\testWorker.js:497:12),
      type: 'unhandled exception'
    }

    [0m [90m  7 |[39m   { route [33m=[39m [32m'/'[39m } [33m=[39m {}
     [90m  8 |[39m ) {
    [31m[1m>[22m[39m[90m  9 |[39m   [36mreturn[39m render(
     [90m    |[39m                [31m[1m^[22m[39m
     [90m 10 |[39m     [33m<[39m[33mMemoryRouter[39m initialEntries[33m=[39m{[route]}[33m>[39m
     [90m 11 |[39m       {ui}
     [90m 12 |[39m     [33m<[39m[33m/[39m[33mMemoryRouter[39m[33m>[39m[0m

      at VirtualConsole.<anonymous> (C:\Users\Berna\Downloads\SWEN_661-Team_6-main (1)../../../../../../SWEN_661-Team_6-main/my-web-app/node_modules/@jest/environment-jsdom-abstract/build/index.js:87:23)
      at reportException (C:\Users\Berna\Downloads\SWEN_661-Team_6-main (1)../../../../../../SWEN_661-Team_6-main/my-web-app/node_modules/jsdom/lib/jsdom/living/helpers/runtime-script-errors.js:70:28)
      at innerInvokeEventListeners (C:\Users\Berna\Downloads\SWEN_661-Team_6-main (1)../../../../../../SWEN_661-Team_6-main/my-web-app/node_modules/jsdom/lib/jsdom/living/events/EventTarget-impl.js:353:9)
      at invokeEventListeners (C:\Users\Berna\Downloads\SWEN_661-Team_6-main (1)../../../../../../SWEN_661-Team_6-main/my-web-app/node_modules/jsdom/lib/jsdom/living/events/EventTarget-impl.js:286:3)
      at HTMLUnknownElementImpl._dispatch (C:\Users\Berna\Downloads\SWEN_661-Team_6-main (1)../../../../../../SWEN_661-Team_6-main/my-web-app/node_modules/jsdom/lib/jsdom/living/events/EventTarget-impl.js:233:9)
      at HTMLUnknownElementImpl.dispatchEvent (C:\Users\Berna\Downloads\SWEN_661-Team_6-main (1)../../../../../../SWEN_661-Team_6-main/my-web-app/node_modules/jsdom/lib/jsdom/living/events/EventTarget-impl.js:104:17)
      at HTMLUnknownElement.dispatchEvent (C:\Users\Berna\Downloads\SWEN_661-Team_6-main (1)../../../../../../SWEN_661-Team_6-main/my-web-app/node_modules/jsdom/lib/jsdom/living/generated/EventTarget.js:241:34)
      at Object.invokeGuardedCallbackDev (C:\Users\Berna\Downloads\SWEN_661-Team_6-main (1)../../../../../../SWEN_661-Team_6-main/my-web-app/node_modules/react-dom/cjs/react-dom.development.js:4213:16)
      at invokeGuardedCallback (C:\Users\Berna\Downloads\SWEN_661-Team_6-main (1)../../../../../../SWEN_661-Team_6-main/my-web-app/node_modules/react-dom/cjs/react-dom.development.js:4277:31)
      at beginWork$1 (C:\Users\Berna\Downloads\SWEN_661-Team_6-main (1)../../../../../../SWEN_661-Team_6-main/my-web-app/node_modules/react-dom/cjs/react-dom.development.js:27490:7)
      at performUnitOfWork (C:\Users\Berna\Downloads\SWEN_661-Team_6-main (1)../../../../../../SWEN_661-Team_6-main/my-web-app/node_modules/react-dom/cjs/react-dom.development.js:26599:12)
      at workLoopSync (C:\Users\Berna\Downloads\SWEN_661-Team_6-main (1)../../../../../../SWEN_661-Team_6-main/my-web-app/node_modules/react-dom/cjs/react-dom.development.js:26505:5)
      at renderRootSync (C:\Users\Berna\Downloads\SWEN_661-Team_6-main (1)../../../../../../SWEN_661-Team_6-main/my-web-app/node_modules/react-dom/cjs/react-dom.development.js:26473:7)
      at performConcurrentWorkOnRoot (C:\Users\Berna\Downloads\SWEN_661-Team_6-main (1)../../../../../../SWEN_661-Team_6-main/my-web-app/node_modules/react-dom/cjs/react-dom.development.js:25777:74)
      at flushActQueue (C:\Users\Berna\Downloads\SWEN_661-Team_6-main (1)../../../../../../SWEN_661-Team_6-main/my-web-app/node_modules/react/cjs/react.development.js:2667:24)
      at act (C:\Users\Berna\Downloads\SWEN_661-Team_6-main (1)../../../../../../SWEN_661-Team_6-main/my-web-app/node_modules/react/cjs/react.development.js:2582:11)
      at C:\Users\Berna\Downloads\SWEN_661-Team_6-main (1)../../../../../../SWEN_661-Team_6-main/my-web-app/node_modules/@testing-library/react/dist/act-compat.js:46:25
      at renderRoot (C:\Users\Berna\Downloads\SWEN_661-Team_6-main (1)../../../../../../SWEN_661-Team_6-main/my-web-app/node_modules/@testing-library/react/dist/pure.js:189:26)
      at render (C:\Users\Berna\Downloads\SWEN_661-Team_6-main (1)../../../../../../SWEN_661-Team_6-main/my-web-app/node_modules/@testing-library/react/dist/pure.js:291:10)
      at renderWithRouter (C:\Users\Berna\Downloads\SWEN_661-Team_6-main (1)../../../../../../SWEN_661-Team_6-main/my-web-app/src/test-utils.tsx:9:16)
      at Object.<anonymous> (C:\Users\Berna\Downloads\SWEN_661-Team_6-main (1)../../../../../../SWEN_661-Team_6-main/my-web-app/src/App.test.tsx:12:21)

  console.error
    Error: Uncaught [Error: You cannot render a <Router> inside another <Router>. You should never have more than one in your app.]
        at reportException (C:\Users\Berna\Downloads\SWEN_661-Team_6-main (1)\SWEN_661-Team_6-main\my-web-app\node_modules\jsdom\lib\jsdom\living\helpers\runtime-script-errors.js:66:24)
        at innerInvokeEventListeners (C:\Users\Berna\Downloads\SWEN_661-Team_6-main (1)\SWEN_661-Team_6-main\my-web-app\node_modules\jsdom\lib\jsdom\living\events\EventTarget-impl.js:353:9)
        at invokeEventListeners (C:\Users\Berna\Downloads\SWEN_661-Team_6-main (1)\SWEN_661-Team_6-main\my-web-app\node_modules\jsdom\lib\jsdom\living\events\EventTarget-impl.js:286:3)
        at HTMLUnknownElementImpl._dispatch (C:\Users\Berna\Downloads\SWEN_661-Team_6-main (1)\SWEN_661-Team_6-main\my-web-app\node_modules\jsdom\lib\jsdom\living\events\EventTarget-impl.js:233:9)
        at HTMLUnknownElementImpl.dispatchEvent (C:\Users\Berna\Downloads\SWEN_661-Team_6-main (1)\SWEN_661-Team_6-main\my-web-app\node_modules\jsdom\lib\jsdom\living\events\EventTarget-impl.js:104:17)
        at HTMLUnknownElement.dispatchEvent (C:\Users\Berna\Downloads\SWEN_661-Team_6-main (1)\SWEN_661-Team_6-main\my-web-app\node_modules\jsdom\lib\jsdom\living\generated\EventTarget.js:241:34)
        at Object.invokeGuardedCallbackDev (C:\Users\Berna\Downloads\SWEN_661-Team_6-main (1)\SWEN_661-Team_6-main\my-web-app\node_modules\react-dom\cjs\react-dom.development.js:4213:16)
        at invokeGuardedCallback (C:\Users\Berna\Downloads\SWEN_661-Team_6-main (1)\SWEN_661-Team_6-main\my-web-app\node_modules\react-dom\cjs\react-dom.development.js:4277:31)
        at beginWork$1 (C:\Users\Berna\Downloads\SWEN_661-Team_6-main (1)\SWEN_661-Team_6-main\my-web-app\node_modules\react-dom\cjs\react-dom.development.js:27490:7)
        at performUnitOfWork (C:\Users\Berna\Downloads\SWEN_661-Team_6-main (1)\SWEN_661-Team_6-main\my-web-app\node_modules\react-dom\cjs\react-dom.development.js:26599:12)
        at workLoopSync (C:\Users\Berna\Downloads\SWEN_661-Team_6-main (1)\SWEN_661-Team_6-main\my-web-app\node_modules\react-dom\cjs\react-dom.development.js:26505:5)
        at renderRootSync (C:\Users\Berna\Downloads\SWEN_661-Team_6-main (1)\SWEN_661-Team_6-main\my-web-app\node_modules\react-dom\cjs\react-dom.development.js:26473:7)
        at recoverFromConcurrentError (C:\Users\Berna\Downloads\SWEN_661-Team_6-main (1)\SWEN_661-Team_6-main\my-web-app\node_modules\react-dom\cjs\react-dom.development.js:25889:20)
        at performConcurrentWorkOnRoot (C:\Users\Berna\Downloads\SWEN_661-Team_6-main (1)\SWEN_661-Team_6-main\my-web-app\node_modules\react-dom\cjs\react-dom.development.js:25789:22)
        at flushActQueue (C:\Users\Berna\Downloads\SWEN_661-Team_6-main (1)\SWEN_661-Team_6-main\my-web-app\node_modules\react\cjs\react.development.js:2667:24)
        at act (C:\Users\Berna\Downloads\SWEN_661-Team_6-main (1)\SWEN_661-Team_6-main\my-web-app\node_modules\react\cjs\react.development.js:2582:11)
        at C:\Users\Berna\Downloads\SWEN_661-Team_6-main (1)\SWEN_661-Team_6-main\my-web-app\node_modules\@testing-library\react\dist\act-compat.js:46:25
        at renderRoot (C:\Users\Berna\Downloads\SWEN_661-Team_6-main (1)\SWEN_661-Team_6-main\my-web-app\node_modules\@testing-library\react\dist\pure.js:189:26)
        at render (C:\Users\Berna\Downloads\SWEN_661-Team_6-main (1)\SWEN_661-Team_6-main\my-web-app\node_modules\@testing-library\react\dist\pure.js:291:10)
        at renderWithRouter (C:\Users\Berna\Downloads\SWEN_661-Team_6-main (1)\SWEN_661-Team_6-main\my-web-app\src\test-utils.tsx:9:16)
        at Object.<anonymous> (C:\Users\Berna\Downloads\SWEN_661-Team_6-main (1)\SWEN_661-Team_6-main\my-web-app\src\App.test.tsx:12:21)
        at Promise.finally.completed (C:\Users\Berna\Downloads\SWEN_661-Team_6-main (1)\SWEN_661-Team_6-main\my-web-app\node_modules\jest-circus\build\jestAdapterInit.js:1557:28)
        at new Promise (<anonymous>)
        at callAsyncCircusFn (C:\Users\Berna\Downloads\SWEN_661-Team_6-main (1)\SWEN_661-Team_6-main\my-web-app\node_modules\jest-circus\build\jestAdapterInit.js:1497:10)
        at _callCircusTest (C:\Users\Berna\Downloads\SWEN_661-Team_6-main (1)\SWEN_661-Team_6-main\my-web-app\node_modules\jest-circus\build\jestAdapterInit.js:1007:40)
        at processTicksAndRejections (node:internal/process/task_queues:104:5)
        at _runTest (C:\Users\Berna\Downloads\SWEN_661-Team_6-main (1)\SWEN_661-Team_6-main\my-web-app\node_modules\jest-circus\build\jestAdapterInit.js:947:3)
        at C:\Users\Berna\Downloads\SWEN_661-Team_6-main (1)\SWEN_661-Team_6-main\my-web-app\node_modules\jest-circus\build\jestAdapterInit.js:849:7
        at _runTestsForDescribeBlock (C:\Users\Berna\Downloads\SWEN_661-Team_6-main (1)\SWEN_661-Team_6-main\my-web-app\node_modules\jest-circus\build\jestAdapterInit.js:862:11)
        at _runTestsForDescribeBlock (C:\Users\Berna\Downloads\SWEN_661-Team_6-main (1)\SWEN_661-Team_6-main\my-web-app\node_modules\jest-circus\build\jestAdapterInit.js:857:11)
        at run (C:\Users\Berna\Downloads\SWEN_661-Team_6-main (1)\SWEN_661-Team_6-main\my-web-app\node_modules\jest-circus\build\jestAdapterInit.js:761:3)
        at runAndTransformResultsToJestFormat (C:\Users\Berna\Downloads\SWEN_661-Team_6-main (1)\SWEN_661-Team_6-main\my-web-app\node_modules\jest-circus\build\jestAdapterInit.js:1918:21)
        at jestAdapter (C:\Users\Berna\Downloads\SWEN_661-Team_6-main (1)\SWEN_661-Team_6-main\my-web-app\node_modules\jest-circus\build\runner.js:101:19)
        at runTestInternal (C:\Users\Berna\Downloads\SWEN_661-Team_6-main (1)\SWEN_661-Team_6-main\my-web-app\node_modules\jest-runner\build\testWorker.js:275:16)
        at runTest (C:\Users\Berna\Downloads\SWEN_661-Team_6-main (1)\SWEN_661-Team_6-main\my-web-app\node_modules\jest-runner\build\testWorker.js:343:7)
        at Object.worker (C:\Users\Berna\Downloads\SWEN_661-Team_6-main (1)\SWEN_661-Team_6-main\my-web-app\node_modules\jest-runner\build\testWorker.js:497:12) {
      detail: Error: You cannot render a <Router> inside another <Router>. You should never have more than one in your app.
          at Object.invariant [as UNSAFE_invariant] (C:\Users\Berna\Downloads\SWEN_661-Team_6-main (1)\SWEN_661-Team_6-main\my-web-app\node_modules\@remix-run\router\history.ts:494:11)
          at invariant (C:\Users\Berna\Downloads\SWEN_661-Team_6-main (1)\SWEN_661-Team_6-main\my-web-app\node_modules\react-router\lib\components.tsx:429:3)
          at renderWithHooks (C:\Users\Berna\Downloads\SWEN_661-Team_6-main (1)\SWEN_661-Team_6-main\my-web-app\node_modules\react-dom\cjs\react-dom.development.js:15486:18)
          at mountIndeterminateComponent (C:\Users\Berna\Downloads\SWEN_661-Team_6-main (1)\SWEN_661-Team_6-main\my-web-app\node_modules\react-dom\cjs\react-dom.development.js:20103:13)
          at beginWork (C:\Users\Berna\Downloads\SWEN_661-Team_6-main (1)\SWEN_661-Team_6-main\my-web-app\node_modules\react-dom\cjs\react-dom.development.js:21626:16)
          at HTMLUnknownElement.callCallback (C:\Users\Berna\Downloads\SWEN_661-Team_6-main (1)\SWEN_661-Team_6-main\my-web-app\node_modules\react-dom\cjs\react-dom.development.js:4164:14)
          at HTMLUnknownElement.callTheUserObjectsOperation (C:\Users\Berna\Downloads\SWEN_661-Team_6-main (1)\SWEN_661-Team_6-main\my-web-app\node_modules\jsdom\lib\jsdom\living\generated\EventListener.js:26:30)
          at innerInvokeEventListeners (C:\Users\Berna\Downloads\SWEN_661-Team_6-main (1)\SWEN_661-Team_6-main\my-web-app\node_modules\jsdom\lib\jsdom\living\events\EventTarget-impl.js:350:25)
          at invokeEventListeners (C:\Users\Berna\Downloads\SWEN_661-Team_6-main (1)\SWEN_661-Team_6-main\my-web-app\node_modules\jsdom\lib\jsdom\living\events\EventTarget-impl.js:286:3)
          at HTMLUnknownElementImpl._dispatch (C:\Users\Berna\Downloads\SWEN_661-Team_6-main (1)\SWEN_661-Team_6-main\my-web-app\node_modules\jsdom\lib\jsdom\living\events\EventTarget-impl.js:233:9)
          at HTMLUnknownElementImpl.dispatchEvent (C:\Users\Berna\Downloads\SWEN_661-Team_6-main (1)\SWEN_661-Team_6-main\my-web-app\node_modules\jsdom\lib\jsdom\living\events\EventTarget-impl.js:104:17)
          at HTMLUnknownElement.dispatchEvent (C:\Users\Berna\Downloads\SWEN_661-Team_6-main (1)\SWEN_661-Team_6-main\my-web-app\node_modules\jsdom\lib\jsdom\living\generated\EventTarget.js:241:34)
          at Object.invokeGuardedCallbackDev (C:\Users\Berna\Downloads\SWEN_661-Team_6-main (1)\SWEN_661-Team_6-main\my-web-app\node_modules\react-dom\cjs\react-dom.development.js:4213:16)
          at invokeGuardedCallback (C:\Users\Berna\Downloads\SWEN_661-Team_6-main (1)\SWEN_661-Team_6-main\my-web-app\node_modules\react-dom\cjs\react-dom.development.js:4277:31)
          at beginWork$1 (C:\Users\Berna\Downloads\SWEN_661-Team_6-main (1)\SWEN_661-Team_6-main\my-web-app\node_modules\react-dom\cjs\react-dom.development.js:27490:7)
          at performUnitOfWork (C:\Users\Berna\Downloads\SWEN_661-Team_6-main (1)\SWEN_661-Team_6-main\my-web-app\node_modules\react-dom\cjs\react-dom.development.js:26599:12)
          at workLoopSync (C:\Users\Berna\Downloads\SWEN_661-Team_6-main (1)\SWEN_661-Team_6-main\my-web-app\node_modules\react-dom\cjs\react-dom.development.js:26505:5)
          at renderRootSync (C:\Users\Berna\Downloads\SWEN_661-Team_6-main (1)\SWEN_661-Team_6-main\my-web-app\node_modules\react-dom\cjs\react-dom.development.js:26473:7)
          at recoverFromConcurrentError (C:\Users\Berna\Downloads\SWEN_661-Team_6-main (1)\SWEN_661-Team_6-main\my-web-app\node_modules\react-dom\cjs\react-dom.development.js:25889:20)
          at performConcurrentWorkOnRoot (C:\Users\Berna\Downloads\SWEN_661-Team_6-main (1)\SWEN_661-Team_6-main\my-web-app\node_modules\react-dom\cjs\react-dom.development.js:25789:22)
          at flushActQueue (C:\Users\Berna\Downloads\SWEN_661-Team_6-main (1)\SWEN_661-Team_6-main\my-web-app\node_modules\react\cjs\react.development.js:2667:24)
          at act (C:\Users\Berna\Downloads\SWEN_661-Team_6-main (1)\SWEN_661-Team_6-main\my-web-app\node_modules\react\cjs\react.development.js:2582:11)
          at C:\Users\Berna\Downloads\SWEN_661-Team_6-main (1)\SWEN_661-Team_6-main\my-web-app\node_modules\@testing-library\react\dist\act-compat.js:46:25
          at renderRoot (C:\Users\Berna\Downloads\SWEN_661-Team_6-main (1)\SWEN_661-Team_6-main\my-web-app\node_modules\@testing-library\react\dist\pure.js:189:26)
          at render (C:\Users\Berna\Downloads\SWEN_661-Team_6-main (1)\SWEN_661-Team_6-main\my-web-app\node_modules\@testing-library\react\dist\pure.js:291:10)
          at renderWithRouter (C:\Users\Berna\Downloads\SWEN_661-Team_6-main (1)\SWEN_661-Team_6-main\my-web-app\src\test-utils.tsx:9:16)
          at Object.<anonymous> (C:\Users\Berna\Downloads\SWEN_661-Team_6-main (1)\SWEN_661-Team_6-main\my-web-app\src\App.test.tsx:12:21)
          at Promise.finally.completed (C:\Users\Berna\Downloads\SWEN_661-Team_6-main (1)\SWEN_661-Team_6-main\my-web-app\node_modules\jest-circus\build\jestAdapterInit.js:1557:28)
          at new Promise (<anonymous>)
          at callAsyncCircusFn (C:\Users\Berna\Downloads\SWEN_661-Team_6-main (1)\SWEN_661-Team_6-main\my-web-app\node_modules\jest-circus\build\jestAdapterInit.js:1497:10)
          at _callCircusTest (C:\Users\Berna\Downloads\SWEN_661-Team_6-main (1)\SWEN_661-Team_6-main\my-web-app\node_modules\jest-circus\build\jestAdapterInit.js:1007:40)
          at processTicksAndRejections (node:internal/process/task_queues:104:5)
          at _runTest (C:\Users\Berna\Downloads\SWEN_661-Team_6-main (1)\SWEN_661-Team_6-main\my-web-app\node_modules\jest-circus\build\jestAdapterInit.js:947:3)
          at C:\Users\Berna\Downloads\SWEN_661-Team_6-main (1)\SWEN_661-Team_6-main\my-web-app\node_modules\jest-circus\build\jestAdapterInit.js:849:7
          at _runTestsForDescribeBlock (C:\Users\Berna\Downloads\SWEN_661-Team_6-main (1)\SWEN_661-Team_6-main\my-web-app\node_modules\jest-circus\build\jestAdapterInit.js:862:11)
          at _runTestsForDescribeBlock (C:\Users\Berna\Downloads\SWEN_661-Team_6-main (1)\SWEN_661-Team_6-main\my-web-app\node_modules\jest-circus\build\jestAdapterInit.js:857:11)
          at run (C:\Users\Berna\Downloads\SWEN_661-Team_6-main (1)\SWEN_661-Team_6-main\my-web-app\node_modules\jest-circus\build\jestAdapterInit.js:761:3)
          at runAndTransformResultsToJestFormat (C:\Users\Berna\Downloads\SWEN_661-Team_6-main (1)\SWEN_661-Team_6-main\my-web-app\node_modules\jest-circus\build\jestAdapterInit.js:1918:21)
          at jestAdapter (C:\Users\Berna\Downloads\SWEN_661-Team_6-main (1)\SWEN_661-Team_6-main\my-web-app\node_modules\jest-circus\build\runner.js:101:19)
          at runTestInternal (C:\Users\Berna\Downloads\SWEN_661-Team_6-main (1)\SWEN_661-Team_6-main\my-web-app\node_modules\jest-runner\build\testWorker.js:275:16)
          at runTest (C:\Users\Berna\Downloads\SWEN_661-Team_6-main (1)\SWEN_661-Team_6-main\my-web-app\node_modules\jest-runner\build\testWorker.js:343:7)
          at Object.worker (C:\Users\Berna\Downloads\SWEN_661-Team_6-main (1)\SWEN_661-Team_6-main\my-web-app\node_modules\jest-runner\build\testWorker.js:497:12),
      type: 'unhandled exception'
    }

    [0m [90m  7 |[39m   { route [33m=[39m [32m'/'[39m } [33m=[39m {}
     [90m  8 |[39m ) {
    [31m[1m>[22m[39m[90m  9 |[39m   [36mreturn[39m render(
     [90m    |[39m                [31m[1m^[22m[39m
     [90m 10 |[39m     [33m<[39m[33mMemoryRouter[39m initialEntries[33m=[39m{[route]}[33m>[39m
     [90m 11 |[39m       {ui}
     [90m 12 |[39m     [33m<[39m[33m/[39m[33mMemoryRouter[39m[33m>[39m[0m

      at VirtualConsole.<anonymous> (C:\Users\Berna\Downloads\SWEN_661-Team_6-main (1)../../../../../../SWEN_661-Team_6-main/my-web-app/node_modules/@jest/environment-jsdom-abstract/build/index.js:87:23)
      at reportException (C:\Users\Berna\Downloads\SWEN_661-Team_6-main (1)../../../../../../SWEN_661-Team_6-main/my-web-app/node_modules/jsdom/lib/jsdom/living/helpers/runtime-script-errors.js:70:28)
      at innerInvokeEventListeners (C:\Users\Berna\Downloads\SWEN_661-Team_6-main (1)../../../../../../SWEN_661-Team_6-main/my-web-app/node_modules/jsdom/lib/jsdom/living/events/EventTarget-impl.js:353:9)
      at invokeEventListeners (C:\Users\Berna\Downloads\SWEN_661-Team_6-main (1)../../../../../../SWEN_661-Team_6-main/my-web-app/node_modules/jsdom/lib/jsdom/living/events/EventTarget-impl.js:286:3)
      at HTMLUnknownElementImpl._dispatch (C:\Users\Berna\Downloads\SWEN_661-Team_6-main (1)../../../../../../SWEN_661-Team_6-main/my-web-app/node_modules/jsdom/lib/jsdom/living/events/EventTarget-impl.js:233:9)
      at HTMLUnknownElementImpl.dispatchEvent (C:\Users\Berna\Downloads\SWEN_661-Team_6-main (1)../../../../../../SWEN_661-Team_6-main/my-web-app/node_modules/jsdom/lib/jsdom/living/events/EventTarget-impl.js:104:17)
      at HTMLUnknownElement.dispatchEvent (C:\Users\Berna\Downloads\SWEN_661-Team_6-main (1)../../../../../../SWEN_661-Team_6-main/my-web-app/node_modules/jsdom/lib/jsdom/living/generated/EventTarget.js:241:34)
      at Object.invokeGuardedCallbackDev (C:\Users\Berna\Downloads\SWEN_661-Team_6-main (1)../../../../../../SWEN_661-Team_6-main/my-web-app/node_modules/react-dom/cjs/react-dom.development.js:4213:16)
      at invokeGuardedCallback (C:\Users\Berna\Downloads\SWEN_661-Team_6-main (1)../../../../../../SWEN_661-Team_6-main/my-web-app/node_modules/react-dom/cjs/react-dom.development.js:4277:31)
      at beginWork$1 (C:\Users\Berna\Downloads\SWEN_661-Team_6-main (1)../../../../../../SWEN_661-Team_6-main/my-web-app/node_modules/react-dom/cjs/react-dom.development.js:27490:7)
      at performUnitOfWork (C:\Users\Berna\Downloads\SWEN_661-Team_6-main (1)../../../../../../SWEN_661-Team_6-main/my-web-app/node_modules/react-dom/cjs/react-dom.development.js:26599:12)
      at workLoopSync (C:\Users\Berna\Downloads\SWEN_661-Team_6-main (1)../../../../../../SWEN_661-Team_6-main/my-web-app/node_modules/react-dom/cjs/react-dom.development.js:26505:5)
      at renderRootSync (C:\Users\Berna\Downloads\SWEN_661-Team_6-main (1)../../../../../../SWEN_661-Team_6-main/my-web-app/node_modules/react-dom/cjs/react-dom.development.js:26473:7)
      at recoverFromConcurrentError (C:\Users\Berna\Downloads\SWEN_661-Team_6-main (1)../../../../../../SWEN_661-Team_6-main/my-web-app/node_modules/react-dom/cjs/react-dom.development.js:25889:20)
      at performConcurrentWorkOnRoot (C:\Users\Berna\Downloads\SWEN_661-Team_6-main (1)../../../../../../SWEN_661-Team_6-main/my-web-app/node_modules/react-dom/cjs/react-dom.development.js:25789:22)
      at flushActQueue (C:\Users\Berna\Downloads\SWEN_661-Team_6-main (1)../../../../../../SWEN_661-Team_6-main/my-web-app/node_modules/react/cjs/react.development.js:2667:24)
      at act (C:\Users\Berna\Downloads\SWEN_661-Team_6-main (1)../../../../../../SWEN_661-Team_6-main/my-web-app/node_modules/react/cjs/react.development.js:2582:11)
      at C:\Users\Berna\Downloads\SWEN_661-Team_6-main (1)../../../../../../SWEN_661-Team_6-main/my-web-app/node_modules/@testing-library/react/dist/act-compat.js:46:25
      at renderRoot (C:\Users\Berna\Downloads\SWEN_661-Team_6-main (1)../../../../../../SWEN_661-Team_6-main/my-web-app/node_modules/@testing-library/react/dist/pure.js:189:26)
      at render (C:\Users\Berna\Downloads\SWEN_661-Team_6-main (1)../../../../../../SWEN_661-Team_6-main/my-web-app/node_modules/@testing-library/react/dist/pure.js:291:10)
      at renderWithRouter (C:\Users\Berna\Downloads\SWEN_661-Team_6-main (1)../../../../../../SWEN_661-Team_6-main/my-web-app/src/test-utils.tsx:9:16)
      at Object.<anonymous> (C:\Users\Berna\Downloads\SWEN_661-Team_6-main (1)../../../../../../SWEN_661-Team_6-main/my-web-app/src/App.test.tsx:12:21)

  console.error
    The above error occurred in the <Router> component:
    
        at basenameProp (C:\Users\Berna\Downloads\SWEN_661-Team_6-main (1)\SWEN_661-Team_6-main\my-web-app\node_modules\react-router\lib\components.tsx:421:13)
        at basename (C:\Users\Berna\Downloads\SWEN_661-Team_6-main (1)\SWEN_661-Team_6-main\my-web-app\node_modules\react-router-dom\index.tsx:789:3)
        at App
        at basenameProp (C:\Users\Berna\Downloads\SWEN_661-Team_6-main (1)\SWEN_661-Team_6-main\my-web-app\node_modules\react-router\lib\components.tsx:421:13)
        at basename (C:\Users\Berna\Downloads\SWEN_661-Team_6-main (1)\SWEN_661-Team_6-main\my-web-app\node_modules\react-router\lib\components.tsx:225:3)
    
    Consider adding an error boundary to your tree to customize error handling behavior.
    Visit https://reactjs.org/link/error-boundaries to learn more about error boundaries.

    [0m [90m  7 |[39m   { route [33m=[39m [32m'/'[39m } [33m=[39m {}
     [90m  8 |[39m ) {
    [31m[1m>[22m[39m[90m  9 |[39m   [36mreturn[39m render(
     [90m    |[39m                [31m[1m^[22m[39m
     [90m 10 |[39m     [33m<[39m[33mMemoryRouter[39m initialEntries[33m=[39m{[route]}[33m>[39m
     [90m 11 |[39m       {ui}
     [90m 12 |[39m     [33m<[39m[33m/[39m[33mMemoryRouter[39m[33m>[39m[0m

      at logCapturedError (C:\Users\Berna\Downloads\SWEN_661-Team_6-main (1)../../../../../../SWEN_661-Team_6-main/my-web-app/node_modules/react-dom/cjs/react-dom.development.js:18704:23)
      at update.callback (C:\Users\Berna\Downloads\SWEN_661-Team_6-main (1)../../../../../../SWEN_661-Team_6-main/my-web-app/node_modules/react-dom/cjs/react-dom.development.js:18737:5)
      at callCallback (C:\Users\Berna\Downloads\SWEN_661-Team_6-main (1)../../../../../../SWEN_661-Team_6-main/my-web-app/node_modules/react-dom/cjs/react-dom.development.js:15036:12)
      at commitUpdateQueue (C:\Users\Berna\Downloads\SWEN_661-Team_6-main (1)../../../../../../SWEN_661-Team_6-main/my-web-app/node_modules/react-dom/cjs/react-dom.development.js:15057:9)
      at commitLayoutEffectOnFiber (C:\Users\Berna\Downloads\SWEN_661-Team_6-main (1)../../../../../../SWEN_661-Team_6-main/my-web-app/node_modules/react-dom/cjs/react-dom.development.js:23430:13)
      at commitLayoutMountEffects_complete (C:\Users\Berna\Downloads\SWEN_661-Team_6-main (1)../../../../../../SWEN_661-Team_6-main/my-web-app/node_modules/react-dom/cjs/react-dom.development.js:24727:9)
      at commitLayoutEffects_begin (C:\Users\Berna\Downloads\SWEN_661-Team_6-main (1)../../../../../../SWEN_661-Team_6-main/my-web-app/node_modules/react-dom/cjs/react-dom.development.js:24713:7)
      at commitLayoutEffects (C:\Users\Berna\Downloads\SWEN_661-Team_6-main (1)../../../../../../SWEN_661-Team_6-main/my-web-app/node_modules/react-dom/cjs/react-dom.development.js:24651:3)
      at commitRootImpl (C:\Users\Berna\Downloads\SWEN_661-Team_6-main (1)../../../../../../SWEN_661-Team_6-main/my-web-app/node_modules/react-dom/cjs/react-dom.development.js:26862:5)
      at commitRoot (C:\Users\Berna\Downloads\SWEN_661-Team_6-main (1)../../../../../../SWEN_661-Team_6-main/my-web-app/node_modules/react-dom/cjs/react-dom.development.js:26721:5)
      at finishConcurrentRender (C:\Users\Berna\Downloads\SWEN_661-Team_6-main (1)../../../../../../SWEN_661-Team_6-main/my-web-app/node_modules/react-dom/cjs/react-dom.development.js:25931:9)
      at performConcurrentWorkOnRoot (C:\Users\Berna\Downloads\SWEN_661-Team_6-main (1)../../../../../../SWEN_661-Team_6-main/my-web-app/node_modules/react-dom/cjs/react-dom.development.js:25848:7)
      at flushActQueue (C:\Users\Berna\Downloads\SWEN_661-Team_6-main (1)../../../../../../SWEN_661-Team_6-main/my-web-app/node_modules/react/cjs/react.development.js:2667:24)
      at act (C:\Users\Berna\Downloads\SWEN_661-Team_6-main (1)../../../../../../SWEN_661-Team_6-main/my-web-app/node_modules/react/cjs/react.development.js:2582:11)
      at C:\Users\Berna\Downloads\SWEN_661-Team_6-main (1)../../../../../../SWEN_661-Team_6-main/my-web-app/node_modules/@testing-library/react/dist/act-compat.js:46:25
      at renderRoot (C:\Users\Berna\Downloads\SWEN_661-Team_6-main (1)../../../../../../SWEN_661-Team_6-main/my-web-app/node_modules/@testing-library/react/dist/pure.js:189:26)
      at render (C:\Users\Berna\Downloads\SWEN_661-Team_6-main (1)../../../../../../SWEN_661-Team_6-main/my-web-app/node_modules/@testing-library/react/dist/pure.js:291:10)
      at renderWithRouter (C:\Users\Berna\Downloads\SWEN_661-Team_6-main (1)../../../../../../SWEN_661-Team_6-main/my-web-app/src/test-utils.tsx:9:16)
      at Object.<anonymous> (C:\Users\Berna\Downloads\SWEN_661-Team_6-main (1)../../../../../../SWEN_661-Team_6-main/my-web-app/src/App.test.tsx:12:21)

  console.warn
    ΓÜá∩╕Å React Router Future Flag Warning: React Router will begin wrapping state updates in `React.startTransition` in v7. You can use the `v7_startTransition` future flag to opt-in early. For more information, see https://reactrouter.com/v6/upgrading/future#v7_starttransition.

    [0m [90m  7 |[39m   { route [33m=[39m [32m'/'[39m } [33m=[39m {}
     [90m  8 |[39m ) {
    [31m[1m>[22m[39m[90m  9 |[39m   [36mreturn[39m render(
     [90m    |[39m                [31m[1m^[22m[39m
     [90m 10 |[39m     [33m<[39m[33mMemoryRouter[39m initialEntries[33m=[39m{[route]}[33m>[39m
     [90m 11 |[39m       {ui}
     [90m 12 |[39m     [33m<[39m[33m/[39m[33mMemoryRouter[39m[33m>[39m[0m

      at warn (C:\Users\Berna\Downloads\SWEN_661-Team_6-main (1)../../../../../../SWEN_661-Team_6-main/my-web-app/node_modules/react-router/lib/deprecations.ts:9:13)
      at warnOnce (C:\Users\Berna\Downloads\SWEN_661-Team_6-main (1)../../../../../../SWEN_661-Team_6-main/my-web-app/node_modules/react-router/lib/deprecations.ts:14:3)
      at logDeprecation (C:\Users\Berna\Downloads\SWEN_661-Team_6-main (1)../../../../../../SWEN_661-Team_6-main/my-web-app/node_modules/react-router/lib/deprecations.ts:26:5)
      at logV6DeprecationWarnings (C:\Users\Berna\Downloads\SWEN_661-Team_6-main (1)../../../../../../SWEN_661-Team_6-main/my-web-app/node_modules/react-router/lib/components.tsx:257:25)
      at commitHookEffectListMount (C:\Users\Berna\Downloads\SWEN_661-Team_6-main (1)../../../../../../SWEN_661-Team_6-main/my-web-app/node_modules/react-dom/cjs/react-dom.development.js:23189:26)
      at commitPassiveMountOnFiber (C:\Users\Berna\Downloads\SWEN_661-Team_6-main (1)../../../../../../SWEN_661-Team_6-main/my-web-app/node_modules/react-dom/cjs/react-dom.development.js:24970:11)
      at commitPassiveMountEffects_complete (C:\Users\Berna\Downloads\SWEN_661-Team_6-main (1)../../../../../../SWEN_661-Team_6-main/my-web-app/node_modules/react-dom/cjs/react-dom.development.js:24930:9)
      at commitPassiveMountEffects_begin (C:\Users\Berna\Downloads\SWEN_661-Team_6-main (1)../../../../../../SWEN_661-Team_6-main/my-web-app/node_modules/react-dom/cjs/react-dom.development.js:24917:7)
      at commitPassiveMountEffects (C:\Users\Berna\Downloads\SWEN_661-Team_6-main (1)../../../../../../SWEN_661-Team_6-main/my-web-app/node_modules/react-dom/cjs/react-dom.development.js:24905:3)
      at flushPassiveEffectsImpl (C:\Users\Berna\Downloads\SWEN_661-Team_6-main (1)../../../../../../SWEN_661-Team_6-main/my-web-app/node_modules/react-dom/cjs/react-dom.development.js:27078:3)
      at flushPassiveEffects (C:\Users\Berna\Downloads\SWEN_661-Team_6-main (1)../../../../../../SWEN_661-Team_6-main/my-web-app/node_modules/react-dom/cjs/react-dom.development.js:27023:14)
      at C:\Users\Berna\Downloads\SWEN_661-Team_6-main (1)../../../../../../SWEN_661-Team_6-main/my-web-app/node_modules/react-dom/cjs/react-dom.development.js:26808:9
      at flushActQueue (C:\Users\Berna\Downloads\SWEN_661-Team_6-main (1)../../../../../../SWEN_661-Team_6-main/my-web-app/node_modules/react/cjs/react.development.js:2667:24)
      at act (C:\Users\Berna\Downloads\SWEN_661-Team_6-main (1)../../../../../../SWEN_661-Team_6-main/my-web-app/node_modules/react/cjs/react.development.js:2582:11)
      at C:\Users\Berna\Downloads\SWEN_661-Team_6-main (1)../../../../../../SWEN_661-Team_6-main/my-web-app/node_modules/@testing-library/react/dist/act-compat.js:46:25
      at renderRoot (C:\Users\Berna\Downloads\SWEN_661-Team_6-main (1)../../../../../../SWEN_661-Team_6-main/my-web-app/node_modules/@testing-library/react/dist/pure.js:189:26)
      at render (C:\Users\Berna\Downloads\SWEN_661-Team_6-main (1)../../../../../../SWEN_661-Team_6-main/my-web-app/node_modules/@testing-library/react/dist/pure.js:291:10)
      at renderWithRouter (C:\Users\Berna\Downloads\SWEN_661-Team_6-main (1)../../../../../../SWEN_661-Team_6-main/my-web-app/src/test-utils.tsx:9:16)
      at Object.<anonymous> (C:\Users\Berna\Downloads\SWEN_661-Team_6-main (1)../../../../../../SWEN_661-Team_6-main/my-web-app/src/pages/HealthLogPage.test.tsx:8:21)

  console.warn
    ΓÜá∩╕Å React Router Future Flag Warning: Relative route resolution within Splat routes is changing in v7. You can use the `v7_relativeSplatPath` future flag to opt-in early. For more information, see https://reactrouter.com/v6/upgrading/future#v7_relativesplatpath.

    [0m [90m  7 |[39m   { route [33m=[39m [32m'/'[39m } [33m=[39m {}
     [90m  8 |[39m ) {
    [31m[1m>[22m[39m[90m  9 |[39m   [36mreturn[39m render(
     [90m    |[39m                [31m[1m^[22m[39m
     [90m 10 |[39m     [33m<[39m[33mMemoryRouter[39m initialEntries[33m=[39m{[route]}[33m>[39m
     [90m 11 |[39m       {ui}
     [90m 12 |[39m     [33m<[39m[33m/[39m[33mMemoryRouter[39m[33m>[39m[0m

      at warn (C:\Users\Berna\Downloads\SWEN_661-Team_6-main (1)../../../../../../SWEN_661-Team_6-main/my-web-app/node_modules/react-router/lib/deprecations.ts:9:13)
      at warnOnce (C:\Users\Berna\Downloads\SWEN_661-Team_6-main (1)../../../../../../SWEN_661-Team_6-main/my-web-app/node_modules/react-router/lib/deprecations.ts:14:3)
      at logDeprecation (C:\Users\Berna\Downloads\SWEN_661-Team_6-main (1)../../../../../../SWEN_661-Team_6-main/my-web-app/node_modules/react-router/lib/deprecations.ts:37:5)
      at logV6DeprecationWarnings (C:\Users\Berna\Downloads\SWEN_661-Team_6-main (1)../../../../../../SWEN_661-Team_6-main/my-web-app/node_modules/react-router/lib/components.tsx:257:25)
      at commitHookEffectListMount (C:\Users\Berna\Downloads\SWEN_661-Team_6-main (1)../../../../../../SWEN_661-Team_6-main/my-web-app/node_modules/react-dom/cjs/react-dom.development.js:23189:26)
      at commitPassiveMountOnFiber (C:\Users\Berna\Downloads\SWEN_661-Team_6-main (1)../../../../../../SWEN_661-Team_6-main/my-web-app/node_modules/react-dom/cjs/react-dom.development.js:24970:11)
      at commitPassiveMountEffects_complete (C:\Users\Berna\Downloads\SWEN_661-Team_6-main (1)../../../../../../SWEN_661-Team_6-main/my-web-app/node_modules/react-dom/cjs/react-dom.development.js:24930:9)
      at commitPassiveMountEffects_begin (C:\Users\Berna\Downloads\SWEN_661-Team_6-main (1)../../../../../../SWEN_661-Team_6-main/my-web-app/node_modules/react-dom/cjs/react-dom.development.js:24917:7)
      at commitPassiveMountEffects (C:\Users\Berna\Downloads\SWEN_661-Team_6-main (1)../../../../../../SWEN_661-Team_6-main/my-web-app/node_modules/react-dom/cjs/react-dom.development.js:24905:3)
      at flushPassiveEffectsImpl (C:\Users\Berna\Downloads\SWEN_661-Team_6-main (1)../../../../../../SWEN_661-Team_6-main/my-web-app/node_modules/react-dom/cjs/react-dom.development.js:27078:3)
      at flushPassiveEffects (C:\Users\Berna\Downloads\SWEN_661-Team_6-main (1)../../../../../../SWEN_661-Team_6-main/my-web-app/node_modules/react-dom/cjs/react-dom.development.js:27023:14)
      at C:\Users\Berna\Downloads\SWEN_661-Team_6-main (1)../../../../../../SWEN_661-Team_6-main/my-web-app/node_modules/react-dom/cjs/react-dom.development.js:26808:9
      at flushActQueue (C:\Users\Berna\Downloads\SWEN_661-Team_6-main (1)../../../../../../SWEN_661-Team_6-main/my-web-app/node_modules/react/cjs/react.development.js:2667:24)
      at act (C:\Users\Berna\Downloads\SWEN_661-Team_6-main (1)../../../../../../SWEN_661-Team_6-main/my-web-app/node_modules/react/cjs/react.development.js:2582:11)
      at C:\Users\Berna\Downloads\SWEN_661-Team_6-main (1)../../../../../../SWEN_661-Team_6-main/my-web-app/node_modules/@testing-library/react/dist/act-compat.js:46:25
      at renderRoot (C:\Users\Berna\Downloads\SWEN_661-Team_6-main (1)../../../../../../SWEN_661-Team_6-main/my-web-app/node_modules/@testing-library/react/dist/pure.js:189:26)
      at render (C:\Users\Berna\Downloads\SWEN_661-Team_6-main (1)../../../../../../SWEN_661-Team_6-main/my-web-app/node_modules/@testing-library/react/dist/pure.js:291:10)
      at renderWithRouter (C:\Users\Berna\Downloads\SWEN_661-Team_6-main (1)../../../../../../SWEN_661-Team_6-main/my-web-app/src/test-utils.tsx:9:16)
      at Object.<anonymous> (C:\Users\Berna\Downloads\SWEN_661-Team_6-main (1)../../../../../../SWEN_661-Team_6-main/my-web-app/src/pages/HealthLogPage.test.tsx:8:21)

  console.warn
    ΓÜá∩╕Å React Router Future Flag Warning: React Router will begin wrapping state updates in `React.startTransition` in v7. You can use the `v7_startTransition` future flag to opt-in early. For more information, see https://reactrouter.com/v6/upgrading/future#v7_starttransition.

    [0m [90m  7 |[39m   { route [33m=[39m [32m'/'[39m } [33m=[39m {}
     [90m  8 |[39m ) {
    [31m[1m>[22m[39m[90m  9 |[39m   [36mreturn[39m render(
     [90m    |[39m                [31m[1m^[22m[39m
     [90m 10 |[39m     [33m<[39m[33mMemoryRouter[39m initialEntries[33m=[39m{[route]}[33m>[39m
     [90m 11 |[39m       {ui}
     [90m 12 |[39m     [33m<[39m[33m/[39m[33mMemoryRouter[39m[33m>[39m[0m

      at warn (C:\Users\Berna\Downloads\SWEN_661-Team_6-main (1)../../../../../../SWEN_661-Team_6-main/my-web-app/node_modules/react-router/lib/deprecations.ts:9:13)
      at warnOnce (C:\Users\Berna\Downloads\SWEN_661-Team_6-main (1)../../../../../../SWEN_661-Team_6-main/my-web-app/node_modules/react-router/lib/deprecations.ts:14:3)
      at logDeprecation (C:\Users\Berna\Downloads\SWEN_661-Team_6-main (1)../../../../../../SWEN_661-Team_6-main/my-web-app/node_modules/react-router/lib/deprecations.ts:26:5)
      at logV6DeprecationWarnings (C:\Users\Berna\Downloads\SWEN_661-Team_6-main (1)../../../../../../SWEN_661-Team_6-main/my-web-app/node_modules/react-router/lib/components.tsx:257:25)
      at commitHookEffectListMount (C:\Users\Berna\Downloads\SWEN_661-Team_6-main (1)../../../../../../SWEN_661-Team_6-main/my-web-app/node_modules/react-dom/cjs/react-dom.development.js:23189:26)
      at commitPassiveMountOnFiber (C:\Users\Berna\Downloads\SWEN_661-Team_6-main (1)../../../../../../SWEN_661-Team_6-main/my-web-app/node_modules/react-dom/cjs/react-dom.development.js:24970:11)
      at commitPassiveMountEffects_complete (C:\Users\Berna\Downloads\SWEN_661-Team_6-main (1)../../../../../../SWEN_661-Team_6-main/my-web-app/node_modules/react-dom/cjs/react-dom.development.js:24930:9)
      at commitPassiveMountEffects_begin (C:\Users\Berna\Downloads\SWEN_661-Team_6-main (1)../../../../../../SWEN_661-Team_6-main/my-web-app/node_modules/react-dom/cjs/react-dom.development.js:24917:7)
      at commitPassiveMountEffects (C:\Users\Berna\Downloads\SWEN_661-Team_6-main (1)../../../../../../SWEN_661-Team_6-main/my-web-app/node_modules/react-dom/cjs/react-dom.development.js:24905:3)
      at flushPassiveEffectsImpl (C:\Users\Berna\Downloads\SWEN_661-Team_6-main (1)../../../../../../SWEN_661-Team_6-main/my-web-app/node_modules/react-dom/cjs/react-dom.development.js:27078:3)
      at flushPassiveEffects (C:\Users\Berna\Downloads\SWEN_661-Team_6-main (1)../../../../../../SWEN_661-Team_6-main/my-web-app/node_modules/react-dom/cjs/react-dom.development.js:27023:14)
      at C:\Users\Berna\Downloads\SWEN_661-Team_6-main (1)../../../../../../SWEN_661-Team_6-main/my-web-app/node_modules/react-dom/cjs/react-dom.development.js:26808:9
      at flushActQueue (C:\Users\Berna\Downloads\SWEN_661-Team_6-main (1)../../../../../../SWEN_661-Team_6-main/my-web-app/node_modules/react/cjs/react.development.js:2667:24)
      at act (C:\Users\Berna\Downloads\SWEN_661-Team_6-main (1)../../../../../../SWEN_661-Team_6-main/my-web-app/node_modules/react/cjs/react.development.js:2582:11)
      at C:\Users\Berna\Downloads\SWEN_661-Team_6-main (1)../../../../../../SWEN_661-Team_6-main/my-web-app/node_modules/@testing-library/react/dist/act-compat.js:46:25
      at renderRoot (C:\Users\Berna\Downloads\SWEN_661-Team_6-main (1)../../../../../../SWEN_661-Team_6-main/my-web-app/node_modules/@testing-library/react/dist/pure.js:189:26)
      at render (C:\Users\Berna\Downloads\SWEN_661-Team_6-main (1)../../../../../../SWEN_661-Team_6-main/my-web-app/node_modules/@testing-library/react/dist/pure.js:291:10)
      at renderWithRouter (C:\Users\Berna\Downloads\SWEN_661-Team_6-main (1)../../../../../../SWEN_661-Team_6-main/my-web-app/src/test-utils.tsx:9:16)
      at Object.<anonymous> (C:\Users\Berna\Downloads\SWEN_661-Team_6-main (1)../../../../../../SWEN_661-Team_6-main/my-web-app/src/pages/AppointmentsPage.test.tsx:8:21)

  console.warn
    ΓÜá∩╕Å React Router Future Flag Warning: React Router will begin wrapping state updates in `React.startTransition` in v7. You can use the `v7_startTransition` future flag to opt-in early. For more information, see https://reactrouter.com/v6/upgrading/future#v7_starttransition.

    [0m [90m  7 |[39m   { route [33m=[39m [32m'/'[39m } [33m=[39m {}
     [90m  8 |[39m ) {
    [31m[1m>[22m[39m[90m  9 |[39m   [36mreturn[39m render(
     [90m    |[39m                [31m[1m^[22m[39m
     [90m 10 |[39m     [33m<[39m[33mMemoryRouter[39m initialEntries[33m=[39m{[route]}[33m>[39m
     [90m 11 |[39m       {ui}
     [90m 12 |[39m     [33m<[39m[33m/[39m[33mMemoryRouter[39m[33m>[39m[0m

      at warn (C:\Users\Berna\Downloads\SWEN_661-Team_6-main (1)../../../../../../SWEN_661-Team_6-main/my-web-app/node_modules/react-router/lib/deprecations.ts:9:13)
      at warnOnce (C:\Users\Berna\Downloads\SWEN_661-Team_6-main (1)../../../../../../SWEN_661-Team_6-main/my-web-app/node_modules/react-router/lib/deprecations.ts:14:3)
      at logDeprecation (C:\Users\Berna\Downloads\SWEN_661-Team_6-main (1)../../../../../../SWEN_661-Team_6-main/my-web-app/node_modules/react-router/lib/deprecations.ts:26:5)
      at logV6DeprecationWarnings (C:\Users\Berna\Downloads\SWEN_661-Team_6-main (1)../../../../../../SWEN_661-Team_6-main/my-web-app/node_modules/react-router/lib/components.tsx:257:25)
      at commitHookEffectListMount (C:\Users\Berna\Downloads\SWEN_661-Team_6-main (1)../../../../../../SWEN_661-Team_6-main/my-web-app/node_modules/react-dom/cjs/react-dom.development.js:23189:26)
      at commitPassiveMountOnFiber (C:\Users\Berna\Downloads\SWEN_661-Team_6-main (1)../../../../../../SWEN_661-Team_6-main/my-web-app/node_modules/react-dom/cjs/react-dom.development.js:24970:11)
      at commitPassiveMountEffects_complete (C:\Users\Berna\Downloads\SWEN_661-Team_6-main (1)../../../../../../SWEN_661-Team_6-main/my-web-app/node_modules/react-dom/cjs/react-dom.development.js:24930:9)
      at commitPassiveMountEffects_begin (C:\Users\Berna\Downloads\SWEN_661-Team_6-main (1)../../../../../../SWEN_661-Team_6-main/my-web-app/node_modules/react-dom/cjs/react-dom.development.js:24917:7)
      at commitPassiveMountEffects (C:\Users\Berna\Downloads\SWEN_661-Team_6-main (1)../../../../../../SWEN_661-Team_6-main/my-web-app/node_modules/react-dom/cjs/react-dom.development.js:24905:3)
      at flushPassiveEffectsImpl (C:\Users\Berna\Downloads\SWEN_661-Team_6-main (1)../../../../../../SWEN_661-Team_6-main/my-web-app/node_modules/react-dom/cjs/react-dom.development.js:27078:3)
      at flushPassiveEffects (C:\Users\Berna\Downloads\SWEN_661-Team_6-main (1)../../../../../../SWEN_661-Team_6-main/my-web-app/node_modules/react-dom/cjs/react-dom.development.js:27023:14)
      at C:\Users\Berna\Downloads\SWEN_661-Team_6-main (1)../../../../../../SWEN_661-Team_6-main/my-web-app/node_modules/react-dom/cjs/react-dom.development.js:26808:9
      at flushActQueue (C:\Users\Berna\Downloads\SWEN_661-Team_6-main (1)../../../../../../SWEN_661-Team_6-main/my-web-app/node_modules/react/cjs/react.development.js:2667:24)
      at act (C:\Users\Berna\Downloads\SWEN_661-Team_6-main (1)../../../../../../SWEN_661-Team_6-main/my-web-app/node_modules/react/cjs/react.development.js:2582:11)
      at C:\Users\Berna\Downloads\SWEN_661-Team_6-main (1)../../../../../../SWEN_661-Team_6-main/my-web-app/node_modules/@testing-library/react/dist/act-compat.js:46:25
      at renderRoot (C:\Users\Berna\Downloads\SWEN_661-Team_6-main (1)../../../../../../SWEN_661-Team_6-main/my-web-app/node_modules/@testing-library/react/dist/pure.js:189:26)
      at render (C:\Users\Berna\Downloads\SWEN_661-Team_6-main (1)../../../../../../SWEN_661-Team_6-main/my-web-app/node_modules/@testing-library/react/dist/pure.js:291:10)
      at renderWithRouter (C:\Users\Berna\Downloads\SWEN_661-Team_6-main (1)../../../../../../SWEN_661-Team_6-main/my-web-app/src/test-utils.tsx:9:16)
      at Object.<anonymous> (C:\Users\Berna\Downloads\SWEN_661-Team_6-main (1)../../../../../../SWEN_661-Team_6-main/my-web-app/src/pages/AccountSettingsPage.test.tsx:8:21)

  console.warn
    ΓÜá∩╕Å React Router Future Flag Warning: Relative route resolution within Splat routes is changing in v7. You can use the `v7_relativeSplatPath` future flag to opt-in early. For more information, see https://reactrouter.com/v6/upgrading/future#v7_relativesplatpath.

    [0m [90m  7 |[39m   { route [33m=[39m [32m'/'[39m } [33m=[39m {}
     [90m  8 |[39m ) {
    [31m[1m>[22m[39m[90m  9 |[39m   [36mreturn[39m render(
     [90m    |[39m                [31m[1m^[22m[39m
     [90m 10 |[39m     [33m<[39m[33mMemoryRouter[39m initialEntries[33m=[39m{[route]}[33m>[39m
     [90m 11 |[39m       {ui}
     [90m 12 |[39m     [33m<[39m[33m/[39m[33mMemoryRouter[39m[33m>[39m[0m

      at warn (C:\Users\Berna\Downloads\SWEN_661-Team_6-main (1)../../../../../../SWEN_661-Team_6-main/my-web-app/node_modules/react-router/lib/deprecations.ts:9:13)
      at warnOnce (C:\Users\Berna\Downloads\SWEN_661-Team_6-main (1)../../../../../../SWEN_661-Team_6-main/my-web-app/node_modules/react-router/lib/deprecations.ts:14:3)
      at logDeprecation (C:\Users\Berna\Downloads\SWEN_661-Team_6-main (1)../../../../../../SWEN_661-Team_6-main/my-web-app/node_modules/react-router/lib/deprecations.ts:37:5)
      at logV6DeprecationWarnings (C:\Users\Berna\Downloads\SWEN_661-Team_6-main (1)../../../../../../SWEN_661-Team_6-main/my-web-app/node_modules/react-router/lib/components.tsx:257:25)
      at commitHookEffectListMount (C:\Users\Berna\Downloads\SWEN_661-Team_6-main (1)../../../../../../SWEN_661-Team_6-main/my-web-app/node_modules/react-dom/cjs/react-dom.development.js:23189:26)
      at commitPassiveMountOnFiber (C:\Users\Berna\Downloads\SWEN_661-Team_6-main (1)../../../../../../SWEN_661-Team_6-main/my-web-app/node_modules/react-dom/cjs/react-dom.development.js:24970:11)
      at commitPassiveMountEffects_complete (C:\Users\Berna\Downloads\SWEN_661-Team_6-main (1)../../../../../../SWEN_661-Team_6-main/my-web-app/node_modules/react-dom/cjs/react-dom.development.js:24930:9)
      at commitPassiveMountEffects_begin (C:\Users\Berna\Downloads\SWEN_661-Team_6-main (1)../../../../../../SWEN_661-Team_6-main/my-web-app/node_modules/react-dom/cjs/react-dom.development.js:24917:7)
      at commitPassiveMountEffects (C:\Users\Berna\Downloads\SWEN_661-Team_6-main (1)../../../../../../SWEN_661-Team_6-main/my-web-app/node_modules/react-dom/cjs/react-dom.development.js:24905:3)
      at flushPassiveEffectsImpl (C:\Users\Berna\Downloads\SWEN_661-Team_6-main (1)../../../../../../SWEN_661-Team_6-main/my-web-app/node_modules/react-dom/cjs/react-dom.development.js:27078:3)
      at flushPassiveEffects (C:\Users\Berna\Downloads\SWEN_661-Team_6-main (1)../../../../../../SWEN_661-Team_6-main/my-web-app/node_modules/react-dom/cjs/react-dom.development.js:27023:14)
      at C:\Users\Berna\Downloads\SWEN_661-Team_6-main (1)../../../../../../SWEN_661-Team_6-main/my-web-app/node_modules/react-dom/cjs/react-dom.development.js:26808:9
      at flushActQueue (C:\Users\Berna\Downloads\SWEN_661-Team_6-main (1)../../../../../../SWEN_661-Team_6-main/my-web-app/node_modules/react/cjs/react.development.js:2667:24)
      at act (C:\Users\Berna\Downloads\SWEN_661-Team_6-main (1)../../../../../../SWEN_661-Team_6-main/my-web-app/node_modules/react/cjs/react.development.js:2582:11)
      at C:\Users\Berna\Downloads\SWEN_661-Team_6-main (1)../../../../../../SWEN_661-Team_6-main/my-web-app/node_modules/@testing-library/react/dist/act-compat.js:46:25
      at renderRoot (C:\Users\Berna\Downloads\SWEN_661-Team_6-main (1)../../../../../../SWEN_661-Team_6-main/my-web-app/node_modules/@testing-library/react/dist/pure.js:189:26)
      at render (C:\Users\Berna\Downloads\SWEN_661-Team_6-main (1)../../../../../../SWEN_661-Team_6-main/my-web-app/node_modules/@testing-library/react/dist/pure.js:291:10)
      at renderWithRouter (C:\Users\Berna\Downloads\SWEN_661-Team_6-main (1)../../../../../../SWEN_661-Team_6-main/my-web-app/src/test-utils.tsx:9:16)
      at Object.<anonymous> (C:\Users\Berna\Downloads\SWEN_661-Team_6-main (1)../../../../../../SWEN_661-Team_6-main/my-web-app/src/pages/AppointmentsPage.test.tsx:8:21)

  console.warn
    ΓÜá∩╕Å React Router Future Flag Warning: Relative route resolution within Splat routes is changing in v7. You can use the `v7_relativeSplatPath` future flag to opt-in early. For more information, see https://reactrouter.com/v6/upgrading/future#v7_relativesplatpath.

    [0m [90m  7 |[39m   { route [33m=[39m [32m'/'[39m } [33m=[39m {}
     [90m  8 |[39m ) {
    [31m[1m>[22m[39m[90m  9 |[39m   [36mreturn[39m render(
     [90m    |[39m                [31m[1m^[22m[39m
     [90m 10 |[39m     [33m<[39m[33mMemoryRouter[39m initialEntries[33m=[39m{[route]}[33m>[39m
     [90m 11 |[39m       {ui}
     [90m 12 |[39m     [33m<[39m[33m/[39m[33mMemoryRouter[39m[33m>[39m[0m

      at warn (C:\Users\Berna\Downloads\SWEN_661-Team_6-main (1)../../../../../../SWEN_661-Team_6-main/my-web-app/node_modules/react-router/lib/deprecations.ts:9:13)
      at warnOnce (C:\Users\Berna\Downloads\SWEN_661-Team_6-main (1)../../../../../../SWEN_661-Team_6-main/my-web-app/node_modules/react-router/lib/deprecations.ts:14:3)
      at logDeprecation (C:\Users\Berna\Downloads\SWEN_661-Team_6-main (1)../../../../../../SWEN_661-Team_6-main/my-web-app/node_modules/react-router/lib/deprecations.ts:37:5)
      at logV6DeprecationWarnings (C:\Users\Berna\Downloads\SWEN_661-Team_6-main (1)../../../../../../SWEN_661-Team_6-main/my-web-app/node_modules/react-router/lib/components.tsx:257:25)
      at commitHookEffectListMount (C:\Users\Berna\Downloads\SWEN_661-Team_6-main (1)../../../../../../SWEN_661-Team_6-main/my-web-app/node_modules/react-dom/cjs/react-dom.development.js:23189:26)
      at commitPassiveMountOnFiber (C:\Users\Berna\Downloads\SWEN_661-Team_6-main (1)../../../../../../SWEN_661-Team_6-main/my-web-app/node_modules/react-dom/cjs/react-dom.development.js:24970:11)
      at commitPassiveMountEffects_complete (C:\Users\Berna\Downloads\SWEN_661-Team_6-main (1)../../../../../../SWEN_661-Team_6-main/my-web-app/node_modules/react-dom/cjs/react-dom.development.js:24930:9)
      at commitPassiveMountEffects_begin (C:\Users\Berna\Downloads\SWEN_661-Team_6-main (1)../../../../../../SWEN_661-Team_6-main/my-web-app/node_modules/react-dom/cjs/react-dom.development.js:24917:7)
      at commitPassiveMountEffects (C:\Users\Berna\Downloads\SWEN_661-Team_6-main (1)../../../../../../SWEN_661-Team_6-main/my-web-app/node_modules/react-dom/cjs/react-dom.development.js:24905:3)
      at flushPassiveEffectsImpl (C:\Users\Berna\Downloads\SWEN_661-Team_6-main (1)../../../../../../SWEN_661-Team_6-main/my-web-app/node_modules/react-dom/cjs/react-dom.development.js:27078:3)
      at flushPassiveEffects (C:\Users\Berna\Downloads\SWEN_661-Team_6-main (1)../../../../../../SWEN_661-Team_6-main/my-web-app/node_modules/react-dom/cjs/react-dom.development.js:27023:14)
      at C:\Users\Berna\Downloads\SWEN_661-Team_6-main (1)../../../../../../SWEN_661-Team_6-main/my-web-app/node_modules/react-dom/cjs/react-dom.development.js:26808:9
      at flushActQueue (C:\Users\Berna\Downloads\SWEN_661-Team_6-main (1)../../../../../../SWEN_661-Team_6-main/my-web-app/node_modules/react/cjs/react.development.js:2667:24)
      at act (C:\Users\Berna\Downloads\SWEN_661-Team_6-main (1)../../../../../../SWEN_661-Team_6-main/my-web-app/node_modules/react/cjs/react.development.js:2582:11)
      at C:\Users\Berna\Downloads\SWEN_661-Team_6-main (1)../../../../../../SWEN_661-Team_6-main/my-web-app/node_modules/@testing-library/react/dist/act-compat.js:46:25
      at renderRoot (C:\Users\Berna\Downloads\SWEN_661-Team_6-main (1)../../../../../../SWEN_661-Team_6-main/my-web-app/node_modules/@testing-library/react/dist/pure.js:189:26)
      at render (C:\Users\Berna\Downloads\SWEN_661-Team_6-main (1)../../../../../../SWEN_661-Team_6-main/my-web-app/node_modules/@testing-library/react/dist/pure.js:291:10)
      at renderWithRouter (C:\Users\Berna\Downloads\SWEN_661-Team_6-main (1)../../../../../../SWEN_661-Team_6-main/my-web-app/src/test-utils.tsx:9:16)
      at Object.<anonymous> (C:\Users\Berna\Downloads\SWEN_661-Team_6-main (1)../../../../../../SWEN_661-Team_6-main/my-web-app/src/pages/AccountSettingsPage.test.tsx:8:21)

  console.warn
    ΓÜá∩╕Å React Router Future Flag Warning: React Router will begin wrapping state updates in `React.startTransition` in v7. You can use the `v7_startTransition` future flag to opt-in early. For more information, see https://reactrouter.com/v6/upgrading/future#v7_starttransition.

    [0m [90m  7 |[39m   { route [33m=[39m [32m'/'[39m } [33m=[39m {}
     [90m  8 |[39m ) {
    [31m[1m>[22m[39m[90m  9 |[39m   [36mreturn[39m render(
     [90m    |[39m                [31m[1m^[22m[39m
     [90m 10 |[39m     [33m<[39m[33mMemoryRouter[39m initialEntries[33m=[39m{[route]}[33m>[39m
     [90m 11 |[39m       {ui}
     [90m 12 |[39m     [33m<[39m[33m/[39m[33mMemoryRouter[39m[33m>[39m[0m

      at warn (C:\Users\Berna\Downloads\SWEN_661-Team_6-main (1)../../../../../../SWEN_661-Team_6-main/my-web-app/node_modules/react-router/lib/deprecations.ts:9:13)
      at warnOnce (C:\Users\Berna\Downloads\SWEN_661-Team_6-main (1)../../../../../../SWEN_661-Team_6-main/my-web-app/node_modules/react-router/lib/deprecations.ts:14:3)
      at logDeprecation (C:\Users\Berna\Downloads\SWEN_661-Team_6-main (1)../../../../../../SWEN_661-Team_6-main/my-web-app/node_modules/react-router/lib/deprecations.ts:26:5)
      at logV6DeprecationWarnings (C:\Users\Berna\Downloads\SWEN_661-Team_6-main (1)../../../../../../SWEN_661-Team_6-main/my-web-app/node_modules/react-router/lib/components.tsx:257:25)
      at commitHookEffectListMount (C:\Users\Berna\Downloads\SWEN_661-Team_6-main (1)../../../../../../SWEN_661-Team_6-main/my-web-app/node_modules/react-dom/cjs/react-dom.development.js:23189:26)
      at commitPassiveMountOnFiber (C:\Users\Berna\Downloads\SWEN_661-Team_6-main (1)../../../../../../SWEN_661-Team_6-main/my-web-app/node_modules/react-dom/cjs/react-dom.development.js:24970:11)
      at commitPassiveMountEffects_complete (C:\Users\Berna\Downloads\SWEN_661-Team_6-main (1)../../../../../../SWEN_661-Team_6-main/my-web-app/node_modules/react-dom/cjs/react-dom.development.js:24930:9)
      at commitPassiveMountEffects_begin (C:\Users\Berna\Downloads\SWEN_661-Team_6-main (1)../../../../../../SWEN_661-Team_6-main/my-web-app/node_modules/react-dom/cjs/react-dom.development.js:24917:7)
      at commitPassiveMountEffects (C:\Users\Berna\Downloads\SWEN_661-Team_6-main (1)../../../../../../SWEN_661-Team_6-main/my-web-app/node_modules/react-dom/cjs/react-dom.development.js:24905:3)
      at flushPassiveEffectsImpl (C:\Users\Berna\Downloads\SWEN_661-Team_6-main (1)../../../../../../SWEN_661-Team_6-main/my-web-app/node_modules/react-dom/cjs/react-dom.development.js:27078:3)
      at flushPassiveEffects (C:\Users\Berna\Downloads\SWEN_661-Team_6-main (1)../../../../../../SWEN_661-Team_6-main/my-web-app/node_modules/react-dom/cjs/react-dom.development.js:27023:14)
      at C:\Users\Berna\Downloads\SWEN_661-Team_6-main (1)../../../../../../SWEN_661-Team_6-main/my-web-app/node_modules/react-dom/cjs/react-dom.development.js:26808:9
      at flushActQueue (C:\Users\Berna\Downloads\SWEN_661-Team_6-main (1)../../../../../../SWEN_661-Team_6-main/my-web-app/node_modules/react/cjs/react.development.js:2667:24)
      at act (C:\Users\Berna\Downloads\SWEN_661-Team_6-main (1)../../../../../../SWEN_661-Team_6-main/my-web-app/node_modules/react/cjs/react.development.js:2582:11)
      at C:\Users\Berna\Downloads\SWEN_661-Team_6-main (1)../../../../../../SWEN_661-Team_6-main/my-web-app/node_modules/@testing-library/react/dist/act-compat.js:46:25
      at renderRoot (C:\Users\Berna\Downloads\SWEN_661-Team_6-main (1)../../../../../../SWEN_661-Team_6-main/my-web-app/node_modules/@testing-library/react/dist/pure.js:189:26)
      at render (C:\Users\Berna\Downloads\SWEN_661-Team_6-main (1)../../../../../../SWEN_661-Team_6-main/my-web-app/node_modules/@testing-library/react/dist/pure.js:291:10)
      at renderWithRouter (C:\Users\Berna\Downloads\SWEN_661-Team_6-main (1)../../../../../../SWEN_661-Team_6-main/my-web-app/src/test-utils.tsx:9:16)
      at Object.<anonymous> (C:\Users\Berna\Downloads\SWEN_661-Team_6-main (1)../../../../../../SWEN_661-Team_6-main/my-web-app/src/pages/EmergencyPage.test.tsx:8:21)

  console.warn
    ΓÜá∩╕Å React Router Future Flag Warning: Relative route resolution within Splat routes is changing in v7. You can use the `v7_relativeSplatPath` future flag to opt-in early. For more information, see https://reactrouter.com/v6/upgrading/future#v7_relativesplatpath.

    [0m [90m  7 |[39m   { route [33m=[39m [32m'/'[39m } [33m=[39m {}
     [90m  8 |[39m ) {
    [31m[1m>[22m[39m[90m  9 |[39m   [36mreturn[39m render(
     [90m    |[39m                [31m[1m^[22m[39m
     [90m 10 |[39m     [33m<[39m[33mMemoryRouter[39m initialEntries[33m=[39m{[route]}[33m>[39m
     [90m 11 |[39m       {ui}
     [90m 12 |[39m     [33m<[39m[33m/[39m[33mMemoryRouter[39m[33m>[39m[0m

      at warn (C:\Users\Berna\Downloads\SWEN_661-Team_6-main (1)../../../../../../SWEN_661-Team_6-main/my-web-app/node_modules/react-router/lib/deprecations.ts:9:13)
      at warnOnce (C:\Users\Berna\Downloads\SWEN_661-Team_6-main (1)../../../../../../SWEN_661-Team_6-main/my-web-app/node_modules/react-router/lib/deprecations.ts:14:3)
      at logDeprecation (C:\Users\Berna\Downloads\SWEN_661-Team_6-main (1)../../../../../../SWEN_661-Team_6-main/my-web-app/node_modules/react-router/lib/deprecations.ts:37:5)
      at logV6DeprecationWarnings (C:\Users\Berna\Downloads\SWEN_661-Team_6-main (1)../../../../../../SWEN_661-Team_6-main/my-web-app/node_modules/react-router/lib/components.tsx:257:25)
      at commitHookEffectListMount (C:\Users\Berna\Downloads\SWEN_661-Team_6-main (1)../../../../../../SWEN_661-Team_6-main/my-web-app/node_modules/react-dom/cjs/react-dom.development.js:23189:26)
      at commitPassiveMountOnFiber (C:\Users\Berna\Downloads\SWEN_661-Team_6-main (1)../../../../../../SWEN_661-Team_6-main/my-web-app/node_modules/react-dom/cjs/react-dom.development.js:24970:11)
      at commitPassiveMountEffects_complete (C:\Users\Berna\Downloads\SWEN_661-Team_6-main (1)../../../../../../SWEN_661-Team_6-main/my-web-app/node_modules/react-dom/cjs/react-dom.development.js:24930:9)
      at commitPassiveMountEffects_begin (C:\Users\Berna\Downloads\SWEN_661-Team_6-main (1)../../../../../../SWEN_661-Team_6-main/my-web-app/node_modules/react-dom/cjs/react-dom.development.js:24917:7)
      at commitPassiveMountEffects (C:\Users\Berna\Downloads\SWEN_661-Team_6-main (1)../../../../../../SWEN_661-Team_6-main/my-web-app/node_modules/react-dom/cjs/react-dom.development.js:24905:3)
      at flushPassiveEffectsImpl (C:\Users\Berna\Downloads\SWEN_661-Team_6-main (1)../../../../../../SWEN_661-Team_6-main/my-web-app/node_modules/react-dom/cjs/react-dom.development.js:27078:3)
      at flushPassiveEffects (C:\Users\Berna\Downloads\SWEN_661-Team_6-main (1)../../../../../../SWEN_661-Team_6-main/my-web-app/node_modules/react-dom/cjs/react-dom.development.js:27023:14)
      at C:\Users\Berna\Downloads\SWEN_661-Team_6-main (1)../../../../../../SWEN_661-Team_6-main/my-web-app/node_modules/react-dom/cjs/react-dom.development.js:26808:9
      at flushActQueue (C:\Users\Berna\Downloads\SWEN_661-Team_6-main (1)../../../../../../SWEN_661-Team_6-main/my-web-app/node_modules/react/cjs/react.development.js:2667:24)
      at act (C:\Users\Berna\Downloads\SWEN_661-Team_6-main (1)../../../../../../SWEN_661-Team_6-main/my-web-app/node_modules/react/cjs/react.development.js:2582:11)
      at C:\Users\Berna\Downloads\SWEN_661-Team_6-main (1)../../../../../../SWEN_661-Team_6-main/my-web-app/node_modules/@testing-library/react/dist/act-compat.js:46:25
      at renderRoot (C:\Users\Berna\Downloads\SWEN_661-Team_6-main (1)../../../../../../SWEN_661-Team_6-main/my-web-app/node_modules/@testing-library/react/dist/pure.js:189:26)
      at render (C:\Users\Berna\Downloads\SWEN_661-Team_6-main (1)../../../../../../SWEN_661-Team_6-main/my-web-app/node_modules/@testing-library/react/dist/pure.js:291:10)
      at renderWithRouter (C:\Users\Berna\Downloads\SWEN_661-Team_6-main (1)../../../../../../SWEN_661-Team_6-main/my-web-app/src/test-utils.tsx:9:16)
      at Object.<anonymous> (C:\Users\Berna\Downloads\SWEN_661-Team_6-main (1)../../../../../../SWEN_661-Team_6-main/my-web-app/src/pages/EmergencyPage.test.tsx:8:21)

  console.warn
    ΓÜá∩╕Å React Router Future Flag Warning: React Router will begin wrapping state updates in `React.startTransition` in v7. You can use the `v7_startTransition` future flag to opt-in early. For more information, see https://reactrouter.com/v6/upgrading/future#v7_starttransition.

    [0m [90m  7 |[39m   { route [33m=[39m [32m'/'[39m } [33m=[39m {}
     [90m  8 |[39m ) {
    [31m[1m>[22m[39m[90m  9 |[39m   [36mreturn[39m render(
     [90m    |[39m                [31m[1m^[22m[39m
     [90m 10 |[39m     [33m<[39m[33mMemoryRouter[39m initialEntries[33m=[39m{[route]}[33m>[39m
     [90m 11 |[39m       {ui}
     [90m 12 |[39m     [33m<[39m[33m/[39m[33mMemoryRouter[39m[33m>[39m[0m

      at warn (C:\Users\Berna\Downloads\SWEN_661-Team_6-main (1)../../../../../../SWEN_661-Team_6-main/my-web-app/node_modules/react-router/lib/deprecations.ts:9:13)
      at warnOnce (C:\Users\Berna\Downloads\SWEN_661-Team_6-main (1)../../../../../../SWEN_661-Team_6-main/my-web-app/node_modules/react-router/lib/deprecations.ts:14:3)
      at logDeprecation (C:\Users\Berna\Downloads\SWEN_661-Team_6-main (1)../../../../../../SWEN_661-Team_6-main/my-web-app/node_modules/react-router/lib/deprecations.ts:26:5)
      at logV6DeprecationWarnings (C:\Users\Berna\Downloads\SWEN_661-Team_6-main (1)../../../../../../SWEN_661-Team_6-main/my-web-app/node_modules/react-router/lib/components.tsx:257:25)
      at commitHookEffectListMount (C:\Users\Berna\Downloads\SWEN_661-Team_6-main (1)../../../../../../SWEN_661-Team_6-main/my-web-app/node_modules/react-dom/cjs/react-dom.development.js:23189:26)
      at commitPassiveMountOnFiber (C:\Users\Berna\Downloads\SWEN_661-Team_6-main (1)../../../../../../SWEN_661-Team_6-main/my-web-app/node_modules/react-dom/cjs/react-dom.development.js:24970:11)
      at commitPassiveMountEffects_complete (C:\Users\Berna\Downloads\SWEN_661-Team_6-main (1)../../../../../../SWEN_661-Team_6-main/my-web-app/node_modules/react-dom/cjs/react-dom.development.js:24930:9)
      at commitPassiveMountEffects_begin (C:\Users\Berna\Downloads\SWEN_661-Team_6-main (1)../../../../../../SWEN_661-Team_6-main/my-web-app/node_modules/react-dom/cjs/react-dom.development.js:24917:7)
      at commitPassiveMountEffects (C:\Users\Berna\Downloads\SWEN_661-Team_6-main (1)../../../../../../SWEN_661-Team_6-main/my-web-app/node_modules/react-dom/cjs/react-dom.development.js:24905:3)
      at flushPassiveEffectsImpl (C:\Users\Berna\Downloads\SWEN_661-Team_6-main (1)../../../../../../SWEN_661-Team_6-main/my-web-app/node_modules/react-dom/cjs/react-dom.development.js:27078:3)
      at flushPassiveEffects (C:\Users\Berna\Downloads\SWEN_661-Team_6-main (1)../../../../../../SWEN_661-Team_6-main/my-web-app/node_modules/react-dom/cjs/react-dom.development.js:27023:14)
      at C:\Users\Berna\Downloads\SWEN_661-Team_6-main (1)../../../../../../SWEN_661-Team_6-main/my-web-app/node_modules/react-dom/cjs/react-dom.development.js:26808:9
      at flushActQueue (C:\Users\Berna\Downloads\SWEN_661-Team_6-main (1)../../../../../../SWEN_661-Team_6-main/my-web-app/node_modules/react/cjs/react.development.js:2667:24)
      at act (C:\Users\Berna\Downloads\SWEN_661-Team_6-main (1)../../../../../../SWEN_661-Team_6-main/my-web-app/node_modules/react/cjs/react.development.js:2582:11)
      at C:\Users\Berna\Downloads\SWEN_661-Team_6-main (1)../../../../../../SWEN_661-Team_6-main/my-web-app/node_modules/@testing-library/react/dist/act-compat.js:46:25
      at renderRoot (C:\Users\Berna\Downloads\SWEN_661-Team_6-main (1)../../../../../../SWEN_661-Team_6-main/my-web-app/node_modules/@testing-library/react/dist/pure.js:189:26)
      at render (C:\Users\Berna\Downloads\SWEN_661-Team_6-main (1)../../../../../../SWEN_661-Team_6-main/my-web-app/node_modules/@testing-library/react/dist/pure.js:291:10)
      at renderWithRouter (C:\Users\Berna\Downloads\SWEN_661-Team_6-main (1)../../../../../../SWEN_661-Team_6-main/my-web-app/src/test-utils.tsx:9:16)
      at Object.<anonymous> (C:\Users\Berna\Downloads\SWEN_661-Team_6-main (1)../../../../../../SWEN_661-Team_6-main/my-web-app/src/pages/DashboardPage.test.tsx:8:21)

  console.warn
    ΓÜá∩╕Å React Router Future Flag Warning: Relative route resolution within Splat routes is changing in v7. You can use the `v7_relativeSplatPath` future flag to opt-in early. For more information, see https://reactrouter.com/v6/upgrading/future#v7_relativesplatpath.

    [0m [90m  7 |[39m   { route [33m=[39m [32m'/'[39m } [33m=[39m {}
     [90m  8 |[39m ) {
    [31m[1m>[22m[39m[90m  9 |[39m   [36mreturn[39m render(
     [90m    |[39m                [31m[1m^[22m[39m
     [90m 10 |[39m     [33m<[39m[33mMemoryRouter[39m initialEntries[33m=[39m{[route]}[33m>[39m
     [90m 11 |[39m       {ui}
     [90m 12 |[39m     [33m<[39m[33m/[39m[33mMemoryRouter[39m[33m>[39m[0m

      at warn (C:\Users\Berna\Downloads\SWEN_661-Team_6-main (1)../../../../../../SWEN_661-Team_6-main/my-web-app/node_modules/react-router/lib/deprecations.ts:9:13)
      at warnOnce (C:\Users\Berna\Downloads\SWEN_661-Team_6-main (1)../../../../../../SWEN_661-Team_6-main/my-web-app/node_modules/react-router/lib/deprecations.ts:14:3)
      at logDeprecation (C:\Users\Berna\Downloads\SWEN_661-Team_6-main (1)../../../../../../SWEN_661-Team_6-main/my-web-app/node_modules/react-router/lib/deprecations.ts:37:5)
      at logV6DeprecationWarnings (C:\Users\Berna\Downloads\SWEN_661-Team_6-main (1)../../../../../../SWEN_661-Team_6-main/my-web-app/node_modules/react-router/lib/components.tsx:257:25)
      at commitHookEffectListMount (C:\Users\Berna\Downloads\SWEN_661-Team_6-main (1)../../../../../../SWEN_661-Team_6-main/my-web-app/node_modules/react-dom/cjs/react-dom.development.js:23189:26)
      at commitPassiveMountOnFiber (C:\Users\Berna\Downloads\SWEN_661-Team_6-main (1)../../../../../../SWEN_661-Team_6-main/my-web-app/node_modules/react-dom/cjs/react-dom.development.js:24970:11)
      at commitPassiveMountEffects_complete (C:\Users\Berna\Downloads\SWEN_661-Team_6-main (1)../../../../../../SWEN_661-Team_6-main/my-web-app/node_modules/react-dom/cjs/react-dom.development.js:24930:9)
      at commitPassiveMountEffects_begin (C:\Users\Berna\Downloads\SWEN_661-Team_6-main (1)../../../../../../SWEN_661-Team_6-main/my-web-app/node_modules/react-dom/cjs/react-dom.development.js:24917:7)
      at commitPassiveMountEffects (C:\Users\Berna\Downloads\SWEN_661-Team_6-main (1)../../../../../../SWEN_661-Team_6-main/my-web-app/node_modules/react-dom/cjs/react-dom.development.js:24905:3)
      at flushPassiveEffectsImpl (C:\Users\Berna\Downloads\SWEN_661-Team_6-main (1)../../../../../../SWEN_661-Team_6-main/my-web-app/node_modules/react-dom/cjs/react-dom.development.js:27078:3)
      at flushPassiveEffects (C:\Users\Berna\Downloads\SWEN_661-Team_6-main (1)../../../../../../SWEN_661-Team_6-main/my-web-app/node_modules/react-dom/cjs/react-dom.development.js:27023:14)
      at C:\Users\Berna\Downloads\SWEN_661-Team_6-main (1)../../../../../../SWEN_661-Team_6-main/my-web-app/node_modules/react-dom/cjs/react-dom.development.js:26808:9
      at flushActQueue (C:\Users\Berna\Downloads\SWEN_661-Team_6-main (1)../../../../../../SWEN_661-Team_6-main/my-web-app/node_modules/react/cjs/react.development.js:2667:24)
      at act (C:\Users\Berna\Downloads\SWEN_661-Team_6-main (1)../../../../../../SWEN_661-Team_6-main/my-web-app/node_modules/react/cjs/react.development.js:2582:11)
      at C:\Users\Berna\Downloads\SWEN_661-Team_6-main (1)../../../../../../SWEN_661-Team_6-main/my-web-app/node_modules/@testing-library/react/dist/act-compat.js:46:25
      at renderRoot (C:\Users\Berna\Downloads\SWEN_661-Team_6-main (1)../../../../../../SWEN_661-Team_6-main/my-web-app/node_modules/@testing-library/react/dist/pure.js:189:26)
      at render (C:\Users\Berna\Downloads\SWEN_661-Team_6-main (1)../../../../../../SWEN_661-Team_6-main/my-web-app/node_modules/@testing-library/react/dist/pure.js:291:10)
      at renderWithRouter (C:\Users\Berna\Downloads\SWEN_661-Team_6-main (1)../../../../../../SWEN_661-Team_6-main/my-web-app/src/test-utils.tsx:9:16)
      at Object.<anonymous> (C:\Users\Berna\Downloads\SWEN_661-Team_6-main (1)../../../../../../SWEN_661-Team_6-main/my-web-app/src/pages/DashboardPage.test.tsx:8:21)

  console.warn
    ΓÜá∩╕Å React Router Future Flag Warning: React Router will begin wrapping state updates in `React.startTransition` in v7. You can use the `v7_startTransition` future flag to opt-in early. For more information, see https://reactrouter.com/v6/upgrading/future#v7_starttransition.

    [0m [90m  7 |[39m   { route [33m=[39m [32m'/'[39m } [33m=[39m {}
     [90m  8 |[39m ) {
    [31m[1m>[22m[39m[90m  9 |[39m   [36mreturn[39m render(
     [90m    |[39m                [31m[1m^[22m[39m
     [90m 10 |[39m     [33m<[39m[33mMemoryRouter[39m initialEntries[33m=[39m{[route]}[33m>[39m
     [90m 11 |[39m       {ui}
     [90m 12 |[39m     [33m<[39m[33m/[39m[33mMemoryRouter[39m[33m>[39m[0m

      at warn (C:\Users\Berna\Downloads\SWEN_661-Team_6-main (1)../../../../../../SWEN_661-Team_6-main/my-web-app/node_modules/react-router/lib/deprecations.ts:9:13)
      at warnOnce (C:\Users\Berna\Downloads\SWEN_661-Team_6-main (1)../../../../../../SWEN_661-Team_6-main/my-web-app/node_modules/react-router/lib/deprecations.ts:14:3)
      at logDeprecation (C:\Users\Berna\Downloads\SWEN_661-Team_6-main (1)../../../../../../SWEN_661-Team_6-main/my-web-app/node_modules/react-router/lib/deprecations.ts:26:5)
      at logV6DeprecationWarnings (C:\Users\Berna\Downloads\SWEN_661-Team_6-main (1)../../../../../../SWEN_661-Team_6-main/my-web-app/node_modules/react-router/lib/components.tsx:257:25)
      at commitHookEffectListMount (C:\Users\Berna\Downloads\SWEN_661-Team_6-main (1)../../../../../../SWEN_661-Team_6-main/my-web-app/node_modules/react-dom/cjs/react-dom.development.js:23189:26)
      at commitPassiveMountOnFiber (C:\Users\Berna\Downloads\SWEN_661-Team_6-main (1)../../../../../../SWEN_661-Team_6-main/my-web-app/node_modules/react-dom/cjs/react-dom.development.js:24970:11)
      at commitPassiveMountEffects_complete (C:\Users\Berna\Downloads\SWEN_661-Team_6-main (1)../../../../../../SWEN_661-Team_6-main/my-web-app/node_modules/react-dom/cjs/react-dom.development.js:24930:9)
      at commitPassiveMountEffects_begin (C:\Users\Berna\Downloads\SWEN_661-Team_6-main (1)../../../../../../SWEN_661-Team_6-main/my-web-app/node_modules/react-dom/cjs/react-dom.development.js:24917:7)
      at commitPassiveMountEffects (C:\Users\Berna\Downloads\SWEN_661-Team_6-main (1)../../../../../../SWEN_661-Team_6-main/my-web-app/node_modules/react-dom/cjs/react-dom.development.js:24905:3)
      at flushPassiveEffectsImpl (C:\Users\Berna\Downloads\SWEN_661-Team_6-main (1)../../../../../../SWEN_661-Team_6-main/my-web-app/node_modules/react-dom/cjs/react-dom.development.js:27078:3)
      at flushPassiveEffects (C:\Users\Berna\Downloads\SWEN_661-Team_6-main (1)../../../../../../SWEN_661-Team_6-main/my-web-app/node_modules/react-dom/cjs/react-dom.development.js:27023:14)
      at C:\Users\Berna\Downloads\SWEN_661-Team_6-main (1)../../../../../../SWEN_661-Team_6-main/my-web-app/node_modules/react-dom/cjs/react-dom.development.js:26808:9
      at flushActQueue (C:\Users\Berna\Downloads\SWEN_661-Team_6-main (1)../../../../../../SWEN_661-Team_6-main/my-web-app/node_modules/react/cjs/react.development.js:2667:24)
      at act (C:\Users\Berna\Downloads\SWEN_661-Team_6-main (1)../../../../../../SWEN_661-Team_6-main/my-web-app/node_modules/react/cjs/react.development.js:2582:11)
      at C:\Users\Berna\Downloads\SWEN_661-Team_6-main (1)../../../../../../SWEN_661-Team_6-main/my-web-app/node_modules/@testing-library/react/dist/act-compat.js:46:25
      at renderRoot (C:\Users\Berna\Downloads\SWEN_661-Team_6-main (1)../../../../../../SWEN_661-Team_6-main/my-web-app/node_modules/@testing-library/react/dist/pure.js:189:26)
      at render (C:\Users\Berna\Downloads\SWEN_661-Team_6-main (1)../../../../../../SWEN_661-Team_6-main/my-web-app/node_modules/@testing-library/react/dist/pure.js:291:10)
      at renderWithRouter (C:\Users\Berna\Downloads\SWEN_661-Team_6-main (1)../../../../../../SWEN_661-Team_6-main/my-web-app/src/test-utils.tsx:9:16)
      at Object.<anonymous> (C:\Users\Berna\Downloads\SWEN_661-Team_6-main (1)../../../../../../SWEN_661-Team_6-main/my-web-app/src/pages/MessagesPage.test.tsx:8:21)

  console.warn
    ΓÜá∩╕Å React Router Future Flag Warning: Relative route resolution within Splat routes is changing in v7. You can use the `v7_relativeSplatPath` future flag to opt-in early. For more information, see https://reactrouter.com/v6/upgrading/future#v7_relativesplatpath.

    [0m [90m  7 |[39m   { route [33m=[39m [32m'/'[39m } [33m=[39m {}
     [90m  8 |[39m ) {
    [31m[1m>[22m[39m[90m  9 |[39m   [36mreturn[39m render(
     [90m    |[39m                [31m[1m^[22m[39m
     [90m 10 |[39m     [33m<[39m[33mMemoryRouter[39m initialEntries[33m=[39m{[route]}[33m>[39m
     [90m 11 |[39m       {ui}
     [90m 12 |[39m     [33m<[39m[33m/[39m[33mMemoryRouter[39m[33m>[39m[0m

      at warn (C:\Users\Berna\Downloads\SWEN_661-Team_6-main (1)../../../../../../SWEN_661-Team_6-main/my-web-app/node_modules/react-router/lib/deprecations.ts:9:13)
      at warnOnce (C:\Users\Berna\Downloads\SWEN_661-Team_6-main (1)../../../../../../SWEN_661-Team_6-main/my-web-app/node_modules/react-router/lib/deprecations.ts:14:3)
      at logDeprecation (C:\Users\Berna\Downloads\SWEN_661-Team_6-main (1)../../../../../../SWEN_661-Team_6-main/my-web-app/node_modules/react-router/lib/deprecations.ts:37:5)
      at logV6DeprecationWarnings (C:\Users\Berna\Downloads\SWEN_661-Team_6-main (1)../../../../../../SWEN_661-Team_6-main/my-web-app/node_modules/react-router/lib/components.tsx:257:25)
      at commitHookEffectListMount (C:\Users\Berna\Downloads\SWEN_661-Team_6-main (1)../../../../../../SWEN_661-Team_6-main/my-web-app/node_modules/react-dom/cjs/react-dom.development.js:23189:26)
      at commitPassiveMountOnFiber (C:\Users\Berna\Downloads\SWEN_661-Team_6-main (1)../../../../../../SWEN_661-Team_6-main/my-web-app/node_modules/react-dom/cjs/react-dom.development.js:24970:11)
      at commitPassiveMountEffects_complete (C:\Users\Berna\Downloads\SWEN_661-Team_6-main (1)../../../../../../SWEN_661-Team_6-main/my-web-app/node_modules/react-dom/cjs/react-dom.development.js:24930:9)
      at commitPassiveMountEffects_begin (C:\Users\Berna\Downloads\SWEN_661-Team_6-main (1)../../../../../../SWEN_661-Team_6-main/my-web-app/node_modules/react-dom/cjs/react-dom.development.js:24917:7)
      at commitPassiveMountEffects (C:\Users\Berna\Downloads\SWEN_661-Team_6-main (1)../../../../../../SWEN_661-Team_6-main/my-web-app/node_modules/react-dom/cjs/react-dom.development.js:24905:3)
      at flushPassiveEffectsImpl (C:\Users\Berna\Downloads\SWEN_661-Team_6-main (1)../../../../../../SWEN_661-Team_6-main/my-web-app/node_modules/react-dom/cjs/react-dom.development.js:27078:3)
      at flushPassiveEffects (C:\Users\Berna\Downloads\SWEN_661-Team_6-main (1)../../../../../../SWEN_661-Team_6-main/my-web-app/node_modules/react-dom/cjs/react-dom.development.js:27023:14)
      at C:\Users\Berna\Downloads\SWEN_661-Team_6-main (1)../../../../../../SWEN_661-Team_6-main/my-web-app/node_modules/react-dom/cjs/react-dom.development.js:26808:9
      at flushActQueue (C:\Users\Berna\Downloads\SWEN_661-Team_6-main (1)../../../../../../SWEN_661-Team_6-main/my-web-app/node_modules/react/cjs/react.development.js:2667:24)
      at act (C:\Users\Berna\Downloads\SWEN_661-Team_6-main (1)../../../../../../SWEN_661-Team_6-main/my-web-app/node_modules/react/cjs/react.development.js:2582:11)
      at C:\Users\Berna\Downloads\SWEN_661-Team_6-main (1)../../../../../../SWEN_661-Team_6-main/my-web-app/node_modules/@testing-library/react/dist/act-compat.js:46:25
      at renderRoot (C:\Users\Berna\Downloads\SWEN_661-Team_6-main (1)../../../../../../SWEN_661-Team_6-main/my-web-app/node_modules/@testing-library/react/dist/pure.js:189:26)
      at render (C:\Users\Berna\Downloads\SWEN_661-Team_6-main (1)../../../../../../SWEN_661-Team_6-main/my-web-app/node_modules/@testing-library/react/dist/pure.js:291:10)
      at renderWithRouter (C:\Users\Berna\Downloads\SWEN_661-Team_6-main (1)../../../../../../SWEN_661-Team_6-main/my-web-app/src/test-utils.tsx:9:16)
      at Object.<anonymous> (C:\Users\Berna\Downloads\SWEN_661-Team_6-main (1)../../../../../../SWEN_661-Team_6-main/my-web-app/src/pages/MessagesPage.test.tsx:8:21)

--------------------------|---------|----------|---------|---------|--------------------------------
File                      | % Stmts | % Branch | % Funcs | % Lines | Uncovered Line #s              
--------------------------|---------|----------|---------|---------|--------------------------------
All files                 |   85.66 |     90.2 |   79.87 |   90.49 |                                
 src                      |     100 |      100 |     100 |     100 |                                
  App.tsx                 |     100 |      100 |     100 |     100 |                                
  test-utils.tsx          |     100 |      100 |     100 |     100 |                                
 src/components           |      72 |    72.22 |   71.42 |   89.47 |                                
  DashboardLayout.tsx     |      72 |    72.22 |   71.42 |   89.47 | 82-83                          
 src/pages                |   86.87 |    92.68 |      80 |   90.49 |                                
  AccountSettingsPage.tsx |   76.27 |    92.85 |   63.88 |   83.67 | 94-105,294,405,444,478-500,533 
  AppointmentsPage.tsx    |   83.78 |    80.95 |   77.27 |   86.66 | 134,322,380-389                
  DashboardPage.tsx       |      80 |      100 |      80 |      80 | 102-179                        
  EmergencyPage.tsx       |   84.44 |    96.66 |   78.57 |    92.1 | 235,454,502                    
  HealthLogPage.tsx       |   91.89 |      100 |      85 |   93.33 | 238,317                        
  LandingPage.tsx         |     100 |      100 |     100 |     100 |                                
  MedicationsPage.tsx     |   97.36 |    85.71 |   95.45 |   96.87 | 320                            
  MessagesPage.tsx        |     100 |      100 |     100 |     100 |                                
  SignInPage.tsx          |     100 |      100 |     100 |     100 |                                
--------------------------|---------|----------|---------|---------|--------------------------------
